Component: ARM Compiler 5.06 update 7 (build 960) Tool: armlink [4d3601]

==============================================================================

Section Cross References

    main.o(.text) refers to rtx_kernel.o(.text) for osKernelGetState
    main.o(.text) refers to stm32f4xx_hal_rcc.o(.text) for HAL_RCC_OscConfig
    main.o(.text) refers to stm32f4xx_hal.o(.text) for HAL_GetREVID
    main.o(.text) refers to system_stm32f4xx.o(.text) for SystemCoreClockUpdate
    main.o(.text) refers to leds_stm32f429zi.o(.text) for LED_Initialize
    main.o(.text) refers to adc_stm32f429zi.o(.text) for ADC1_Initialize
    main.o(.text) refers to lcd_stm32f429zi.o(.text) for LCD_Initialize
    main.o(.text) refers to rtc.o(.text) for RTC_Initialize
    main.o(.text) refers to rtx_thread.o(.text) for osThreadNew
    main.o(.text) refers to system_stm32f4xx.o(.data) for SystemCoreClock
    main.o(.text) refers to main.o(.data) for .data
    main.o(.text) refers to http_server.o(.constdata) for app_main_attr
    main.o(.text) refers to http_server.o(.text) for app_main
    http_server.o(.text) refers to adc_stm32f429zi.o(.text) for ADC1_getVoltage
    http_server.o(.text) refers to rtc.o(.text) for RTC_CalendarConfig
    http_server.o(.text) refers to rtx_thread.o(.text) for osThreadFlagsWait
    http_server.o(.text) refers to leds_stm32f429zi.o(.text) for LED_SetOut
    http_server.o(.text) refers to stm32f4xx_hal.o(.text) for HAL_Delay
    http_server.o(.text) refers to lcd_stm32f429zi.o(.text) for LCD_Clean
    http_server.o(.text) refers to printfa.o(i.__0sprintf) for __2sprintf
    http_server.o(.text) refers to rtx_delay.o(.text) for osDelay
    http_server.o(.text) refers to net_sys.o(i.netInitialize) for netInitialize
    http_server.o(.text) refers to http_server.o(.bss) for .bss
    http_server.o(.text) refers to http_server.o(.data) for .data
    http_server.o(.constdata) refers to http_server.o(.bss) for app_main_stk
    http_server_cgi.o(.text) refers to net_http_server.o(i.netCGI_GetEnvVar) for netCGI_GetEnvVar
    http_server_cgi.o(.text) refers to net_addr.o(i.netIP_aton) for netIP_aton
    http_server_cgi.o(.text) refers to net_sys.o(i.netIF_SetOption) for netIF_SetOption
    http_server_cgi.o(.text) refers to strcmp.o(.text) for strcmp
    http_server_cgi.o(.text) refers to strncmp.o(.text) for strncmp
    http_server_cgi.o(.text) refers to leds_stm32f429zi.o(.text) for LED_SetOut
    http_server_cgi.o(.text) refers to net_http_server.o(i.netHTTPs_LoginActive) for netHTTPs_LoginActive
    http_server_cgi.o(.text) refers to strcpy.o(.text) for strcpy
    http_server_cgi.o(.text) refers to net_http_server.o(i.netHTTPs_SetPassword) for netHTTPs_SetPassword
    http_server_cgi.o(.text) refers to rtx_thread.o(.text) for osThreadFlagsSet
    http_server_cgi.o(.text) refers to net_sys.o(i.netIF_GetOption) for netIF_GetOption
    http_server_cgi.o(.text) refers to net_addr.o(i.netIP_ntoa) for netIP_ntoa
    http_server_cgi.o(.text) refers to printfa.o(i.__0sprintf) for __2sprintf
    http_server_cgi.o(.text) refers to net_tcp.o(i.netTCP_GetState) for netTCP_GetState
    http_server_cgi.o(.text) refers to net_tcp.o(i.netTCP_GetPeer) for netTCP_GetPeer
    http_server_cgi.o(.text) refers to net_tcp.o(i.netTCP_GetTimer) for netTCP_GetTimer
    http_server_cgi.o(.text) refers to net_tcp.o(i.netTCP_GetLocalPort) for netTCP_GetLocalPort
    http_server_cgi.o(.text) refers to net_http_server.o(i.netHTTPs_GetPassword) for netHTTPs_GetPassword
    http_server_cgi.o(.text) refers to net_http_server.o(i.netHTTPs_GetLanguage) for netHTTPs_GetLanguage
    http_server_cgi.o(.text) refers to http_server_cgi.o(.bss) for .bss
    http_server_cgi.o(.text) refers to http_server_cgi.o(.data) for .data
    http_server_cgi.o(.text) refers to http_server.o(.data) for LEDrun
    http_server_cgi.o(.text) refers to http_server.o(.bss) for lcd_text
    http_server_cgi.o(.text) refers to http_server_cgi.o(.conststring) for .conststring
    http_server_cgi.o(.text) refers to http_server.o(.text) for AD1_in
    http_server_cgi.o(.text) refers to ffltui.o(.text) for __aeabi_ui2f
    http_server_cgi.o(.text) refers to fmul.o(.text) for __aeabi_fmul
    http_server_cgi.o(.text) refers to f2d.o(.text) for __aeabi_f2d
    http_server_cgi.o(.text) refers to dscalb.o(.text) for __ARM_scalbn
    web.o(.text) refers to web.o(.constdata) for .constdata
    web.o(.constdata) refers to web.o(.constdata) for imageFileData
    leds_stm32f429zi.o(.text) refers to stm32f4xx_hal_gpio.o(.text) for HAL_GPIO_Init
    leds_stm32f429zi.o(.text) refers to leds_stm32f429zi.o(.bss) for .bss
    leds_stm32f429zi.o(.text) refers to leds_stm32f429zi.o(.constdata) for .constdata
    lcd_stm32f429zi.o(.text) refers to stm32f4xx_hal_tim.o(.text) for HAL_TIM_Base_Init
    lcd_stm32f429zi.o(.text) refers to stm32f4xx_hal_gpio.o(.text) for HAL_GPIO_WritePin
    lcd_stm32f429zi.o(.text) refers to strlen.o(.text) for strlen
[...]
    __0sprintf                               0x0800fbd9   Thumb Code    34  printfa.o(i.__0sprintf)
    __1sprintf                               0x0800fbd9   Thumb Code     0  printfa.o(i.__0sprintf)
    __2sprintf                               0x0800fbd9   Thumb Code     0  printfa.o(i.__0sprintf)
    __c89sprintf                             0x0800fbd9   Thumb Code     0  printfa.o(i.__0sprintf)
    sprintf                                  0x0800fbd9   Thumb Code     0  printfa.o(i.__0sprintf)
    __scatterload_copy                       0x0800fc01   Thumb Code    14  handlers.o(i.__scatterload_copy)
    __scatterload_null                       0x0800fc0f   Thumb Code     2  handlers.o(i.__scatterload_null)
    __scatterload_zeroinit                   0x0800fc11   Thumb Code    14  handlers.o(i.__scatterload_zeroinit)
    netCGI_Charset                           0x08013d6d   Thumb Code     4  net_http_server.o(i.netCGI_Charset)
    netCGI_ContentType                       0x08013d71   Thumb Code     4  net_http_server.o(i.netCGI_ContentType)
    netCGI_CustomHeader                      0x08013d75   Thumb Code     4  net_http_server.o(i.netCGI_CustomHeader)
    netCGI_GetEnvVar                         0x08013d79   Thumb Code   104  net_http_server.o(i.netCGI_GetEnvVar)
    netCGI_Redirect                          0x08013de5   Thumb Code     4  net_http_server.o(i.netCGI_Redirect)
    netCGX_ContentType                       0x08013de9   Thumb Code     4  net_http_server.o(i.netCGX_ContentType)
    netCore_Thread                           0x08013ded   Thumb Code    90  net_sys.o(i.netCore_Thread)
    netDHCP_Notify                           0x08013e51   Thumb Code     2  net_dhcp_client.o(i.netDHCP_Notify)
    netETH_Notify                            0x08013e53   Thumb Code     2  net_eth.o(i.netETH_Notify)
    netETH_ReceiveRaw                        0x08013e55   Thumb Code     2  net_eth.o(i.netETH_ReceiveRaw)
    netETH_Thread                            0x08013e57   Thumb Code   114  net_eth.o(i.netETH_Thread)
    netHTTPs_AcceptClient                    0x08013ec9   Thumb Code     4  net_http_server.o(i.netHTTPs_AcceptClient)
    netHTTPs_FileAccess                      0x08013ecd   Thumb Code     4  net_http_server.o(i.netHTTPs_FileAccess)
    netHTTPs_GetLanguage                     0x08013ed1   Thumb Code    24  net_http_server.o(i.netHTTPs_GetLanguage)
    netHTTPs_GetPassword                     0x08013ef1   Thumb Code     6  net_http_server.o(i.netHTTPs_GetPassword)
    netHTTPs_LoginActive                     0x08013efd   Thumb Code     6  net_http_server.o(i.netHTTPs_LoginActive)
    netHTTPs_SetPassword                     0x08013f09   Thumb Code    78  net_http_server.o(i.netHTTPs_SetPassword)
    netIF_GetOption                          0x08013f61   Thumb Code   128  net_sys.o(i.netIF_GetOption)
    netIF_SetOption                          0x08013fe9   Thumb Code   124  net_sys.o(i.netIF_SetOption)
    netIP_aton                               0x0801406d   Thumb Code    26  net_addr.o(i.netIP_aton)
    netIP_ntoa                               0x08014087   Thumb Code    50  net_addr.o(i.netIP_ntoa)
    netInitialize                            0x080140b9   Thumb Code   156  net_sys.o(i.netInitialize)
    netMAC_aton                              0x08014165   Thumb Code   140  net_addr.o(i.netMAC_aton)
    netTCP_GetLocalPort                      0x080141f1   Thumb Code     4  net_tcp.o(i.netTCP_GetLocalPort)
    netTCP_GetPeer                           0x080141f5   Thumb Code    32  net_tcp.o(i.netTCP_GetPeer)
    netTCP_GetState                          0x08014215   Thumb Code     4  net_tcp.o(i.netTCP_GetState)
    netTCP_GetTimer                          0x08014219   Thumb Code     4  net_tcp.o(i.netTCP_GetTimer)
    net_addr4_aton                           0x0801421d   Thumb Code   124  net_addr.o(i.net_addr4_aton)
    net_addr4_to_mac                         0x08014299   Thumb Code    30  net_addr.o(i.net_addr4_to_mac)
    net_addr6_aton                           0x080142b9   Thumb Code   230  net_addr.o(i.net_addr6_aton)
    net_addr6_comp                           0x0801439f   Thumb Code    40  net_addr.o(i.net_addr6_comp)
    net_addr6_copy                           0x080143c7   Thumb Code    18  net_addr.o(i.net_addr6_copy)
    net_addr6_create                         0x080143d9   Thumb Code    70  net_addr.o(i.net_addr6_create)
    net_addr6_get_solicited                  0x08014425   Thumb Code    34  net_addr.o(i.net_addr6_get_solicited)
    net_addr6_is_linklocal                   0x0801444d   Thumb Code    24  net_addr.o(i.net_addr6_is_linklocal)
    net_addr6_is_onlink                      0x08014465   Thumb Code   110  net_addr.o(i.net_addr6_is_onlink)
    net_addr6_is_solicited                   0x080144d3   Thumb Code    72  net_addr.o(i.net_addr6_is_solicited)
    net_addr6_is_unspec                      0x0801451b   Thumb Code    24  net_addr.o(i.net_addr6_is_unspec)
    net_addr6_to_mac                         0x08014533   Thumb Code    14  net_addr.o(i.net_addr6_to_mac)
    net_addr_copy                            0x08014541   Thumb Code    38  net_addr.o(i.net_addr_copy)
    net_addr_find_route                      0x08014567   Thumb Code    26  net_addr.o(i.net_addr_find_route)
    net_addr_get_local                       0x08014581   Thumb Code    26  net_addr.o(i.net_addr_get_local)
    net_addr_is_unspec                       0x080145a1   Thumb Code    34  net_addr.o(i.net_addr_is_unspec)
    net_arp_cache_add                        0x080145c5   Thumb Code   276  net_arp.o(i.net_arp_cache_add)
    net_arp_cache_early                      0x080146e1   Thumb Code   180  net_arp.o(i.net_arp_cache_early)
    net_arp_cache_find                       0x0801479d   Thumb Code   224  net_arp.o(i.net_arp_cache_find)
    net_arp_cache_init                       0x08014889   Thumb Code    64  net_arp.o(i.net_arp_cache_init)
    net_arp_cache_run                        0x080148d1   Thumb Code    22  net_arp.o(i.net_arp_cache_run)
    net_arp_enqueue                          0x080148ed   Thumb Code   114  net_arp.o(i.net_arp_enqueue)
    net_arp_notify                           0x08014965   Thumb Code    32  net_arp.o(i.net_arp_notify)
    net_arp_probe                            0x08014985   Thumb Code    18  net_arp.o(i.net_arp_probe)
    net_arp_process                          0x08014999   Thumb Code   536  net_arp.o(i.net_arp_process)
    net_atoi                                 0x08014bbd   Thumb Code    66  net_common.o(i.net_atoi)
    net_chksum_buf                           0x08014bff   Thumb Code    48  net_common.o(i.net_chksum_buf)
    net_crc_buf                              0x08014c2f   Thumb Code    30  net_common.o(i.net_crc_buf)
    net_dhcp_client_init                     0x08014c4d   Thumb Code   126  net_dhcp_client.o(i.net_dhcp_client_init)
    net_dhcp_client_run                      0x08014ce1   Thumb Code    22  net_dhcp_client.o(i.net_dhcp_client_run)
    net_eth_callback                         0x08014cfd   Thumb Code    14  net_eth.o(i.net_eth_callback)
    net_eth_config_mcast                     0x08014d0b   Thumb Code   104  net_eth.o(i.net_eth_config_mcast)
    net_eth_get_option                       0x08014d73   Thumb Code   234  net_eth.o(i.net_eth_get_option)
    net_eth_iface_init                       0x08014e5d   Thumb Code    22  net_eth.o(i.net_eth_iface_init)
    net_eth_iface_run                        0x08014e79   Thumb Code    22  net_eth.o(i.net_eth_iface_run)
    net_eth_output                           0x08014e95   Thumb Code   164  net_eth.o(i.net_eth_output)
    net_eth_send_frame                       0x08014f3d   Thumb Code   462  net_eth.o(i.net_eth_send_frame)
    net_eth_set_option                       0x0801511d   Thumb Code   610  net_eth.o(i.net_eth_set_option)
    net_http_server_init                     0x0801538d   Thumb Code   212  net_http_server.o(i.net_http_server_init)
    net_http_server_run                      0x08015475   Thumb Code    30  net_http_server.o(i.net_http_server_run)
    net_icmp6_init                           0x0801549d   Thumb Code    20  net_icmp6.o(i.net_icmp6_init)
    net_icmp6_process                        0x080154b5   Thumb Code   542  net_icmp6.o(i.net_icmp6_process)
    net_icmp6_send                           0x080156ed   Thumb Code   122  net_icmp6.o(i.net_icmp6_send)
    net_icmp6_send_echo                      0x08015771   Thumb Code    78  net_icmp6.o(i.net_icmp6_send_echo)
    net_icmp_init                            0x080157c9   Thumb Code    20  net_icmp.o(i.net_icmp_init)
    net_icmp_process                         0x080157e1   Thumb Code   430  net_icmp.o(i.net_icmp_process)
    net_icmp_send_echo                       0x080159a9   Thumb Code   142  net_icmp.o(i.net_icmp_send_echo)
    net_if_map_all                           0x08015a49   Thumb Code     6  net_sys.o(i.net_if_map_all)
    net_igmp_collect_mcast                   0x08015a55   Thumb Code   104  net_igmp.o(i.net_igmp_collect_mcast)
    net_igmp_host_init                       0x08015ac1   Thumb Code    68  net_igmp.o(i.net_igmp_host_init)
    net_igmp_host_run                        0x08015b09   Thumb Code    22  net_igmp.o(i.net_igmp_host_run)
    net_igmp_is_member                       0x08015b25   Thumb Code    28  net_igmp.o(i.net_igmp_is_member)
    net_igmp_process                         0x08015b45   Thumb Code   414  net_igmp.o(i.net_igmp_process)
    net_ip4_chk_frame                        0x08015cf1   Thumb Code   372  net_ip4.o(i.net_ip4_chk_frame)
    net_ip4_chksum                           0x08015e7d   Thumb Code    44  net_ip4.o(i.net_ip4_chksum)
    net_ip4_chksum_buf                       0x08015ea9   Thumb Code     6  net_ip4.o(i.net_ip4_chksum_buf)
    net_ip4_find_route                       0x08015eb1   Thumb Code   104  net_ip4.o(i.net_ip4_find_route)
    net_ip4_frag_add                         0x08015f31   Thumb Code   284  net_ip4_frag.o(i.net_ip4_frag_add)
    net_ip4_frag_get                         0x08016055   Thumb Code   168  net_ip4_frag.o(i.net_ip4_frag_get)
    net_ip4_frag_init                        0x08016101   Thumb Code    12  net_ip4_frag.o(i.net_ip4_frag_init)
    net_ip4_frag_run                         0x08016111   Thumb Code    50  net_ip4_frag.o(i.net_ip4_frag_run)
    net_ip4_get_local                        0x0801614d   Thumb Code    40  net_ip4.o(i.net_ip4_get_local)
    net_ip4_init                             0x08016179   Thumb Code    22  net_ip4.o(i.net_ip4_init)
    net_ip4_is_onlink                        0x0801619d   Thumb Code    32  net_ip4.o(i.net_ip4_is_onlink)
    net_ip4_is_subcast                       0x080161bd   Thumb Code    38  net_ip4.o(i.net_ip4_is_subcast)
    net_ip4_reass_frame                      0x080161e3   Thumb Code    14  net_ip4.o(i.net_ip4_reass_frame)
    net_ip4_send_frame                       0x080161f1   Thumb Code   340  net_ip4.o(i.net_ip4_send_frame)
    net_ip4_tx_offl_hl                       0x08016355   Thumb Code    42  net_ip4.o(i.net_ip4_tx_offl_hl)
    net_ip6_chk_frame                        0x08016381   Thumb Code   236  net_ip6.o(i.net_ip6_chk_frame)
    net_ip6_chksum                           0x08016481   Thumb Code    50  net_ip6.o(i.net_ip6_chksum)
    net_ip6_collect_mcast                    0x080164b5   Thumb Code   118  net_ip6.o(i.net_ip6_collect_mcast)
    net_ip6_find_route                       0x08016531   Thumb Code    56  net_ip6.o(i.net_ip6_find_route)
    net_ip6_get_local                        0x08016579   Thumb Code    74  net_ip6.o(i.net_ip6_get_local)
    net_ip6_init                             0x080165cd   Thumb Code    20  net_ip6.o(i.net_ip6_init)
    net_ip6_send_frame                       0x080165e9   Thumb Code   192  net_ip6.o(i.net_ip6_send_frame)
    net_ip6_tx_offl_hl                       0x080166b5   Thumb Code    30  net_ip6.o(i.net_ip6_tx_offl_hl)
    net_itoa                                 0x080166d3   Thumb Code     8  net_common.o(i.net_itoa)
    net_itoa_n0                              0x080166db   Thumb Code     6  net_common.o(i.net_itoa_n0)
    net_loop_iface_init                      0x080166e1   Thumb Code    40  net_loopback.o(i.net_loop_iface_init)
    net_loop_iface_run                       0x08016711   Thumb Code   176  net_loopback.o(i.net_loop_iface_run)
    net_loop_send_frame                      0x080167cd   Thumb Code   104  net_loopback.o(i.net_loop_send_frame)
    net_mem_alloc                            0x0801683d   Thumb Code   178  net_mem.o(i.net_mem_alloc)
    net_mem_avail                            0x080168fd   Thumb Code    22  net_mem.o(i.net_mem_avail)
    net_mem_free                             0x08016919   Thumb Code   152  net_mem.o(i.net_mem_free)
    net_mem_init                             0x080169bd   Thumb Code    98  net_mem.o(i.net_mem_init)
    net_mem_shrink                           0x08016a2d   Thumb Code    62  net_mem.o(i.net_mem_shrink)
    net_nbns_client_init                     0x08016a75   Thumb Code    82  net_nbns_client.o(i.net_nbns_client_init)
    net_ndp_cache_find                       0x08016ad9   Thumb Code   438  net_ndp.o(i.net_ndp_cache_find)
    net_ndp_cache_refresh                    0x08016c9d   Thumb Code   112  net_ndp.o(i.net_ndp_cache_refresh)
    net_ndp_enqueue                          0x08016d15   Thumb Code   108  net_ndp.o(i.net_ndp_enqueue)
    net_ndp_process                          0x08016d85   Thumb Code   872  net_ndp.o(i.net_ndp_process)
    net_path                                 0x080170f9   Thumb Code    52  net_sys.o(i.net_path)
    net_ping_client_init                     0x08017131   Thumb Code    22  net_ping_core.o(i.net_ping_client_init)
    net_ping_client_run                      0x08017151   Thumb Code   110  net_ping_core.o(i.net_ping_client_run)
    net_rand32                               0x080171d1   Thumb Code    18  net_sys.o(i.net_rand32)
    net_strcasecmp                           0x080171ed   Thumb Code    46  net_common.o(i.net_strcasecmp)
    net_strcmp                               0x0801721b   Thumb Code    26  net_common.o(i.net_strcmp)
    net_strcpy                               0x08017235   Thumb Code    18  net_common.o(i.net_strcpy)
    net_strnchr                              0x08017247   Thumb Code    28  net_common.o(i.net_strnchr)
    net_strncpy                              0x08017263   Thumb Code    26  net_common.o(i.net_strncpy)
    net_strtoupper                           0x0801727d   Thumb Code    32  net_common.o(i.net_strtoupper)
    net_sys_lock                             0x0801729d   Thumb Code     8  net_sys.o(i.net_sys_lock)
    net_sys_resume                           0x080172a9   Thumb Code    22  net_sys.o(i.net_sys_resume)
    net_sys_tick                             0x080172c1   Thumb Code    16  net_sys.o(i.net_sys_tick)
    net_sys_unlock                           0x080172d5   Thumb Code     8  net_sys.o(i.net_sys_unlock)
    net_sys_wakeup                           0x080172e1   Thumb Code    26  net_sys.o(i.net_sys_wakeup)
    net_tcp_abort                            0x08017301   Thumb Code   122  net_tcp.o(i.net_tcp_abort)
    net_tcp_close                            0x08017385   Thumb Code   218  net_tcp.o(i.net_tcp_close)
    net_tcp_get_buf                          0x08017469   Thumb Code    46  net_tcp.o(i.net_tcp_get_buf)
    net_tcp_get_local_port                   0x08017499   Thumb Code    48  net_tcp.o(i.net_tcp_get_local_port)
    net_tcp_get_mss                          0x080174cd   Thumb Code    34  net_tcp.o(i.net_tcp_get_mss)
    net_tcp_get_peer                         0x080174f5   Thumb Code    80  net_tcp.o(i.net_tcp_get_peer)
    net_tcp_get_socket                       0x08017549   Thumb Code   104  net_tcp.o(i.net_tcp_get_socket)
    net_tcp_get_state                        0x080175b9   Thumb Code    40  net_tcp.o(i.net_tcp_get_state)
    net_tcp_get_timer                        0x080175e5   Thumb Code    48  net_tcp.o(i.net_tcp_get_timer)
    net_tcp_listen                           0x08017619   Thumb Code   168  net_tcp.o(i.net_tcp_listen)
    net_tcp_process                          0x080176c9   Thumb Code  1956  net_tcp.o(i.net_tcp_process)
    net_tcp_send                             0x08017e71   Thumb Code   336  net_tcp.o(i.net_tcp_send)
    net_tcp_set_option                       0x08017fcd   Thumb Code   288  net_tcp.o(i.net_tcp_set_option)
    net_tcp_socket_init                      0x080180f9   Thumb Code    30  net_tcp.o(i.net_tcp_socket_init)
    net_tcp_socket_run                       0x08018121   Thumb Code   938  net_tcp.o(i.net_tcp_socket_run)
    net_udp_enable_lla                       0x080184e1   Thumb Code    34  net_udp.o(i.net_udp_enable_lla)
    net_udp_get_buf                          0x08018509   Thumb Code    46  net_udp.o(i.net_udp_get_buf)
    net_udp_get_socket                       0x08018539   Thumb Code   102  net_udp.o(i.net_udp_get_socket)
    net_udp_open                             0x080185a9   Thumb Code   160  net_udp.o(i.net_udp_open)
    net_udp_process                          0x08018655   Thumb Code   322  net_udp.o(i.net_udp_process)
    net_udp_send_if                          0x080187ad   Thumb Code   540  net_udp.o(i.net_udp_send_if)
    net_udp_socket_init                      0x080189d9   Thumb Code    30  net_udp.o(i.net_udp_socket_init)
    net_ultoa                                0x080189fd   Thumb Code     8  net_common.o(i.net_ultoa)
    net_ultox                                0x08018a05   Thumb Code    44  net_common.o(i.net_ultox)
    net_xtoul                                0x08018a35   Thumb Code    76  net_common.o(i.net_xtoul)
    app_main_attr                            0x08019868   Data          36  http_server.o(.constdata)
    imageLastModified                        0x0801988c   Data           4  web.o(.constdata)
    LEDS_PIN                                 0x08020230   Data           6  leds_stm32f429zi.o(.constdata)
    Arial12x12                               0x08020236   Data        2400  lcd_stm32f429zi.o(.constdata)
    osRtxUserSVC                             0x08020bf8   Data           4  rtx_lib.o(.constdata)
    Driver_ETH_PHY0                          0x08020c00   Data          32  phy_lan8742a.o(.constdata)
    Driver_ETH_MAC0                          0x08020c70   Data          68  emac_stm32f4xx.o(.constdata)
    Driver_SPI1                              0x08020d08   Data          44  spi_stm32f4xx.o(.constdata)
    EventRecorderInfo                        0x08020d34   Data          24  eventrecorder.o(.constdata)
    AHBPrescTable                            0x08020d54   Data          16  system_stm32f4xx.o(.constdata)
    APBPrescTable                            0x08020d64   Data           8  system_stm32f4xx.o(.constdata)
    net_sys_config                           0x08020e14   Data          28  net_config.o(.constdata)
    net_eth0_if_config                       0x08020e98   Data          44  net_config.o(.constdata)
    net_eth_list                             0x08020ec4   Data           8  net_config.o(.constdata)
    net_if_list_lan                          0x08020ecc   Data           8  net_config.o(.constdata)
    net_if_list_all                          0x08020ed4   Data           8  net_config.o(.constdata)
    net_if_inet_def                          0x08020edc   Data           8  net_config.o(.constdata)
    net_if_link_def                          0x08020ee4   Data           8  net_config.o(.constdata)
    net_arp_list                             0x08020eec   Data           8  net_config.o(.constdata)
    net_icmp_list                            0x08020ef4   Data           8  net_config.o(.constdata)
    net_igmp_list                            0x08020efc   Data           8  net_config.o(.constdata)
    net_dhcp_list                            0x08020f04   Data           8  net_config.o(.constdata)
    net_icmp6_list                           0x08020f0c   Data           4  net_config.o(.constdata)
    net_ip4_frag_config                      0x08020f10   Data           8  net_config.o(.constdata)
    net_udp_config                           0x08020f18   Data          12  net_config.o(.constdata)
    net_tcp_config                           0x08020f24   Data          24  net_config.o(.constdata)
    net_http_config                          0x08020f3c   Data          52  net_config.o(.constdata)
    netif_getopt_func                        0x08020fc8   Data          16  net_config.o(.constdata)
    netif_setopt_func                        0x08020fd8   Data          16  net_config.o(.constdata)
    net_loop_if_config                       0x08020ff0   Data          44  net_loopback.o(.constdata)
    net_ping_payload                         0x0802112a   Data          18  net_ping_core.o(.constdata)
    net_addr_unspec                          0x0802113c   Data          16  net_addr.o(.constdata)
    net_addr_bcast                           0x0802114c   Data           6  net_addr.o(.constdata)
    net_addr4_loopback                       0x08021152   Data           4  net_ip4.o(.constdata)
    net_addr6_all_nodes                      0x08021156   Data          16  net_ip6.o(.constdata)
    net_addr6_loopback                       0x08021166   Data          16  net_ip6.o(.constdata)
    net_http_error                           0x08021178   Data          24  net_http_server_err.o(.constdata)
    net_lib_version                          0x080211a0   Data           4  net_version.o(.constdata)
    network_ip4ip6_debug_v7.15.0             0x080211a0   Data           4  net_version.o(.constdata)
    osRtxConfig                              0x08021550   Data         112  rtx_lib.o(.rodata)
    os_cb_sections                           0x080215c0   Data          56  rtx_lib.o(.rodata)
    Region$$Table$$Base                      0x080215f8   Number         0  anon$$obj.o(Region$$Table)
    Region$$Table$$Limit                     0x08021628   Number         0  anon$$obj.o(Region$$Table)
    .bss.os.msgqueue.cb$$Base                0x20008044   Number         0  rtx_lib.o(.bss.os.msgqueue.cb)
    .bss.os.msgqueue.cb$$Limit               0x20008078   Number         0  rtx_lib.o(.bss.os.msgqueue.cb)
    .bss.os.mutex.cb$$Base                   0x200080c8   Number         0  net_config.o(.bss.os.mutex.cb)
    .bss.os.mutex.cb$$Limit                  0x20008100   Number         0  net_config.o(.bss.os.mutex.cb)
    .bss.os.semaphore.cb$$Base               0x20008100   Number         0  net_config.o(.bss.os.semaphore.cb)
    .bss.os.semaphore.cb$$Limit              0x20008110   Number         0  net_config.o(.bss.os.semaphore.cb)
    .bss.os.thread.cb$$Base                  0x20008110   Number         0  rtx_lib.o(.bss.os.thread.cb)
    .bss.os.thread.cb$$Limit                 0x20008220   Number         0  net_config.o(.bss.os.thread.cb)
    .bss.os.timer.cb$$Base                   0x20008620   Number         0  net_config.o(.bss.os.timer.cb)
    .bss.os.timer.cb$$Limit                  0x20008640   Number         0  net_config.o(.bss.os.timer.cb)
    LEDrun                                   0x20008644   Data           1  http_server.o(.data)
    TID_Display                              0x20008648   Data           4  http_server.o(.data)
    TID_Led                                  0x2000864c   Data           4  http_server.o(.data)
    TID_RTC                                  0x20008650   Data           4  http_server.o(.data)
    TID_RTC_LED                              0x20008654   Data           4  http_server.o(.data)
    SPIdrv                                   0x20008660   Data           4  lcd_stm32f429zi.o(.data)
    positionL1                               0x20008664   Data           4  lcd_stm32f429zi.o(.data)
    positionL2                               0x20008668   Data           4  lcd_stm32f429zi.o(.data)
    uwTickFreq                               0x2000866c   Data           1  stm32f4xx_hal.o(.data)
    uwTickPrio                               0x20008670   Data           4  stm32f4xx_hal.o(.data)
    uwTick                                   0x20008674   Data           4  stm32f4xx_hal.o(.data)
    SystemCoreClock                          0x20008678   Data           4  system_stm32f4xx.o(.data)
    net_eth0_igmp_control                    0x2000868a   Data           4  net_igmp.o(.data)
    net_eth0_icmp_control                    0x20008698   Data           1  net_icmp.o(.data)
    osRtxInfo                                0x200086bc   Data         164  rtx_kernel.o(.data.os)
    RTC_Time                                 0x20008760   Data          60  http_server.o(.bss)
    RTC_Date                                 0x2000879c   Data          60  http_server.o(.bss)
    lcd_text                                 0x200087f0   Data          42  http_server.o(.bss)
    app_main_stk                             0x20008820   Data        1024  http_server.o(.bss)
    GPIO_InitStruct_LEDS                     0x20008c58   Data          20  leds_stm32f429zi.o(.bss)
    GPIO_InitStruct_LCD                      0x20008c84   Data          20  lcd_stm32f429zi.o(.bss)
    TIM7_Handler                             0x20008c98   Data          64  lcd_stm32f429zi.o(.bss)
    buffer                                   0x20008cd8   Data         512  lcd_stm32f429zi.o(.bss)
    hrtc                                     0x20008f68   Data          32  rtc.o(.bss)
    net_eth0_if_control                      0x2000f068   Data         160  net_eth.o(.bss)
    net_eth0_arp_control                     0x2000f108   Data          24  net_arp.o(.bss)
    net_eth0_dhcp_control                    0x2000f13c   Data          40  net_dhcp_client.o(.bss)
    net_http_control                         0x2000f1e8   Data          20  net_http_server.o(.bss)
    net_ping_control                         0x2000f1fc   Data          44  net_ping_core.o(.bss)
    net_sys_control                          0x2000f238   Data          28  net_sys.o(.bss)
    net_dbg_buf                              0x2000f260   Data          36  net_sys.o(.bss)
    __initial_sp                             0x2000f6f8   Data           0  startup_stm32f429xx.o(STACK)



==============================================================================

Memory Map of the image

  Image Entry point : 0x080001ad

  Load Region LR_IROM1 (Base: 0x08000000, Size: 0x00029d88, Max: 0x00200000, ABSOLUTE, COMPRESSED[0x00021750])

    Execution Region ER_IROM1 (Exec base: 0x08000000, Load base: 0x08000000, Size: 0x00021628, Max: 0x00200000, ABSOLUTE)

    Exec Addr    Load Addr    Size         Type   Attr      Idx    E Section Name        Object

    0x08000000   0x08000000   0x000001ac   Data   RO         1513    RESET               startup_stm32f429xx.o
    0x080001ac   0x080001ac   0x00000000   Code   RO         2638  * .ARM.Collect$$$$00000000  mc_w.l(entry.o)
    0x080001ac   0x080001ac   0x00000004   Code   RO         2928    .ARM.Collect$$$$00000001  mc_w.l(entry2.o)
    0x080001b0   0x080001b0   0x00000004   Code   RO         2931    .ARM.Collect$$$$00000004  mc_w.l(entry5.o)
    0x080001b4   0x080001b4   0x00000000   Code   RO         2933    .ARM.Collect$$$$00000008  mc_w.l(entry7b.o)
    0x080001b4   0x080001b4   0x00000000   Code   RO         2935    .ARM.Collect$$$$0000000A  mc_w.l(entry8b.o)
    0x080001b4   0x080001b4   0x00000008   Code   RO         2936    .ARM.Collect$$$$0000000B  mc_w.l(entry9a.o)
    0x080001bc   0x080001bc   0x00000004   Code   RO         2943    .ARM.Collect$$$$0000000E  mc_w.l(entry12b.o)
    0x080001c0   0x080001c0   0x00000000   Code   RO         2938    .ARM.Collect$$$$0000000F  mc_w.l(entry10a.o)
    0x080001c0   0x080001c0   0x00000000   Code   RO         2940    .ARM.Collect$$$$00000011  mc_w.l(entry11a.o)
    0x080001c0   0x080001c0   0x00000004   Code   RO         2929    .ARM.Collect$$$$00002712  mc_w.l(entry2.o)
    0x080001c4   0x080001c4   0x00000148   Code   RO          657    .emb_text           rtx_mempool.o
    0x0800030c   0x0800030c   0x00000148   Code   RO          688    .emb_text           rtx_msgqueue.o
    0x08000454   0x08000454   0x00000148   Code   RO          753    .emb_text           rtx_semaphore.o
    0x0800059c   0x0800059c   0x00000148   Code   RO          784    .emb_text           rtx_system.o
    0x080006e4   0x080006e4   0x00000148   Code   RO          818    .emb_text           rtx_thread.o
    0x0800082c   0x0800082c   0x00000074   Code   RO         1036    .emb_text           eventrecorder.o
    0x080008a0   0x080008a0   0x00000128   Code   RO            4    .text               main.o
    0x080009c8   0x080009c8   0x0000019c   Code   RO          188    .text               http_server.o
    0x08000b64   0x08000b64   0x00000654   Code   RO          224    .text               http_server_cgi.o
    0x080011b8   0x080011b8   0x00000078   Code   RO          260    .text               web.o
    0x08001230   0x08001230   0x000000ac   Code   RO          280    .text               leds_stm32f429zi.o
    0x080012dc   0x080012dc   0x0000042c   Code   RO          311    .text               lcd_stm32f429zi.o
    0x08001708   0x08001708   0x000001f8   Code   RO          344    .text               adc_stm32f429zi.o
    0x08001900   0x08001900   0x00000208   Code   RO          370    .text               rtc.o
    0x08001b08   0x08001b08   0x00000094   Code   RO          396    .text               irq_armv7m.o
    0x08001b9c   0x08001b9c   0x00000104   Code   RO          404    .text               rtx_delay.o
    0x08001ca0   0x08001ca0   0x00000958   Code   RO          505    .text               rtx_evr.o
    0x080025f8   0x080025f8   0x000006cc   Code   RO          530    .text               rtx_kernel.o
    0x08002cc4   0x08002cc4   0x00000018   Code   RO          578    .text               rtx_lib.o
    0x08002cdc   0x08002cdc   0x00000124   Code   RO          627    .text               rtx_memory.o
    0x08002e00   0x08002e00   0x00000678   Code   RO          658    .text               rtx_mempool.o
    0x08003478   0x08003478   0x000009bc   Code   RO          689    .text               rtx_msgqueue.o
    0x08003e34   0x08003e34   0x00000558   Code   RO          723    .text               rtx_mutex.o
    0x0800438c   0x0800438c   0x00000450   Code   RO          754    .text               rtx_semaphore.o
    0x080047dc   0x080047dc   0x00000154   Code   RO          785    .text               rtx_system.o
    0x08004930   0x08004930   0x000011d4   Code   RO          819    .text               rtx_thread.o
    0x08005b04   0x08005b04   0x00000480   Code   RO          853    .text               rtx_timer.o
    0x08005f84   0x08005f84   0x000000c4   Code   RO          883    .text               os_systick.o
    0x08006048   0x08006048   0x00000004   Code   RO          909    .text               rtx_config.o
    0x0800604c   0x0800604c   0x000001ac   Code   RO          930    .text               phy_lan8742a.o
    0x080061f8   0x080061f8   0x000009e8   Code   RO          958    .text               emac_stm32f4xx.o
    0x08006be0   0x08006be0   0x00000c5c   Code   RO          997    .text               spi_stm32f4xx.o
    0x0800783c   0x0800783c   0x00000538   Code   RO         1037    .text               eventrecorder.o
    0x08007d74   0x08007d74   0x000001c8   Code   RO         1071    .text               stm32f4xx_hal.o
    0x08007f3c   0x08007f3c   0x00000ab8   Code   RO         1101    .text               stm32f4xx_hal_adc.o
    0x080089f4   0x080089f4   0x00000724   Code   RO         1125    .text               stm32f4xx_hal_adc_ex.o
    0x08009118   0x08009118   0x00000298   Code   RO         1149    .text               stm32f4xx_hal_cortex.o
    0x080093b0   0x080093b0   0x00000718   Code   RO         1177    .text               stm32f4xx_hal_dma.o
    0x08009ac8   0x08009ac8   0x00000364   Code   RO         1226    .text               stm32f4xx_hal_gpio.o
    0x08009e2c   0x08009e2c   0x00000178   Code   RO         1250    .text               stm32f4xx_hal_pwr.o
    0x08009fa4   0x08009fa4   0x00000764   Code   RO         1298    .text               stm32f4xx_hal_rcc.o
    0x0800a708   0x0800a708   0x000005e4   Code   RO         1322    .text               stm32f4xx_hal_rcc_ex.o
    0x0800acec   0x0800acec   0x00000970   Code   RO         1346    .text               stm32f4xx_hal_rtc.o
    0x0800b65c   0x0800b65c   0x00000b0c   Code   RO         1370    .text               stm32f4xx_hal_rtc_ex.o
    0x0800c168   0x0800c168   0x000023d2   Code   RO         1442    .text               stm32f4xx_hal_tim.o
    0x0800e53a   0x0800e53a   0x00000002   PAD
    0x0800e53c   0x0800e53c   0x00000bb0   Code   RO         1466    .text               stm32f4xx_hal_tim_ex.o
    0x0800f0ec   0x0800f0ec   0x00000024   Code   RO         1514    .text               startup_stm32f429xx.o
    0x0800f110   0x0800f110   0x00000098   Code   RO         1521    .text               system_stm32f4xx.o
    0x0800f1a8   0x0800f1a8   0x0000015c   Code   RO         1550    .text               net_config.o
    0x0800f304   0x0800f304   0x00000152   Code   RO         1643    .text               net_debug.o
    0x0800f456   0x0800f456   0x00000062   Code   RO         2641    .text               mc_w.l(uldiv.o)
    0x0800f4b8   0x0800f4b8   0x00000024   Code   RO         2643    .text               mc_w.l(memcpya.o)
    0x0800f4dc   0x0800f4dc   0x00000024   Code   RO         2645    .text               mc_w.l(memseta.o)
    0x0800f500   0x0800f500   0x0000000e   Code   RO         2647    .text               mc_w.l(strlen.o)
    0x0800f50e   0x0800f50e   0x0000001c   Code   RO         2649    .text               mc_w.l(strcmp.o)
    0x0800f52a   0x0800f52a   0x0000001a   Code   RO         2651    .text               mc_w.l(memcmp.o)
    0x0800f544   0x0800f544   0x00000012   Code   RO         2653    .text               mc_w.l(strcpy.o)
    0x0800f556   0x0800f556   0x0000001e   Code   RO         2655    .text               mc_w.l(strncmp.o)
    0x0800f574   0x0800f574   0x00000064   Code   RO         2920    .text               mf_w.l(fmul.o)
    0x0800f5d8   0x0800f5d8   0x0000002e   Code   RO         2922    .text               mf_w.l(dscalb.o)
    0x0800f606   0x0800f606   0x0000000a   Code   RO         2924    .text               mf_w.l(ffltui.o)
    0x0800f610   0x0800f610   0x00000026   Code   RO         2926    .text               mf_w.l(f2d.o)
    0x0800f636   0x0800f636   0x0000002c   Code   RO         2947    .text               mc_w.l(uidiv.o)
    0x0800f662   0x0800f662   0x0000001e   Code   RO         2949    .text               mc_w.l(llshl.o)
    0x0800f680   0x0800f680   0x00000020   Code   RO         2951    .text               mc_w.l(llushr.o)
    0x0800f6a0   0x0800f6a0   0x00000000   Code   RO         2953    .text               mc_w.l(iusefp.o)
    0x0800f6a0   0x0800f6a0   0x0000006e   Code   RO         2954    .text               mf_w.l(fepilogue.o)
    0x0800f70e   0x0800f70e   0x0000014e   Code   RO         2956    .text               mf_w.l(dadd.o)
    0x0800f85c   0x0800f85c   0x000000e4   Code   RO         2958    .text               mf_w.l(dmul.o)
    0x0800f940   0x0800f940   0x000000de   Code   RO         2960    .text               mf_w.l(ddiv.o)
    0x0800fa1e   0x0800fa1e   0x00000030   Code   RO         2962    .text               mf_w.l(dfixul.o)
    0x0800fa4e   0x0800fa4e   0x00000002   PAD
    0x0800fa50   0x0800fa50   0x00000030   Code   RO         2964    .text               mf_w.l(cdrcmple.o)
    0x0800fa80   0x0800fa80   0x00000024   Code   RO         2966    .text               mc_w.l(init.o)
    0x0800faa4   0x0800faa4   0x00000024   Code   RO         2969    .text               mc_w.l(llsshr.o)
    0x0800fac8   0x0800fac8   0x000000ba   Code   RO         2972    .text               mf_w.l(depilogue.o)
    0x0800fb82   0x0800fb82   0x00000056   Code   RO         2981    .text               mc_w.l(__dczerorl2.o)
    0x0800fbd8   0x0800fbd8   0x00000028   Code   RO         2894    i.__0sprintf        mc_w.l(printfa.o)
    0x0800fc00   0x0800fc00   0x0000000e   Code   RO         2975    i.__scatterload_copy  mc_w.l(handlers.o)
    0x0800fc0e   0x0800fc0e   0x00000002   Code   RO         2976    i.__scatterload_null  mc_w.l(handlers.o)
    0x0800fc10   0x0800fc10   0x0000000e   Code   RO         2977    i.__scatterload_zeroinit  mc_w.l(handlers.o)
    0x0800fc1e   0x0800fc1e   0x00000002   PAD
    0x0800fc20   0x0800fc20   0x00000184   Code   RO         2899    i._fp_digits        mc_w.l(printfa.o)
    0x0800fda4   0x0800fda4   0x000006b4   Code   RO         2900    i._printf_core      mc_w.l(printfa.o)
    0x08010458   0x08010458   0x00000024   Code   RO         2901    i._printf_post_padding  mc_w.l(printfa.o)
    0x0801047c   0x0801047c   0x0000002e   Code   RO         2902    i._printf_pre_padding  mc_w.l(printfa.o)
    0x080104aa   0x080104aa   0x0000000a   Code   RO         2904    i._sputc            mc_w.l(printfa.o)
    0x080104b4   0x080104b4   0x00000054   Code   RO         2126    i.add_server_id     Net_Dbg_CM3_L.lib(net_http_server.o)
    0x08010508   0x08010508   0x0000005c   Code   RO         1729    i.arp_cache_alloc   Net_Dbg_CM3_L.lib(net_arp.o)
    0x08010564   0x08010564   0x00000170   Code   RO         1730    i.arp_cache_run     Net_Dbg_CM3_L.lib(net_arp.o)
    0x080106d4   0x080106d4   0x00000038   Code   RO         1731    i.arp_is_cacheable  Net_Dbg_CM3_L.lib(net_arp.o)
    0x0801070c   0x0801070c   0x00000088   Code   RO         1732    i.arp_probe_run     Net_Dbg_CM3_L.lib(net_arp.o)
    0x08010794   0x08010794   0x000000d8   Code   RO         1734    i.arp_proc_response  Net_Dbg_CM3_L.lib(net_arp.o)
    0x0801086c   0x0801086c   0x0000001a   Code   RO         1735    i.arp_que_free      Net_Dbg_CM3_L.lib(net_arp.o)
    0x08010886   0x08010886   0x00000002   PAD
    0x08010888   0x08010888   0x000000a0   Code   RO         1736    i.arp_send_reply    Net_Dbg_CM3_L.lib(net_arp.o)
    0x08010928   0x08010928   0x000000d0   Code   RO         1737    i.arp_send_request  Net_Dbg_CM3_L.lib(net_arp.o)
    0x080109f8   0x080109f8   0x00000068   Code   RO         1738    i.arp_sender_valid  Net_Dbg_CM3_L.lib(net_arp.o)
    0x08010a60   0x08010a60   0x0000018c   Code   RO         2127    i.chk_post_req      Net_Dbg_CM3_L.lib(net_http_server.o)
    0x08010bec   0x08010bec   0x00000028   Code   RO         2578    i.crc32_8bit        Net_Dbg_CM3_L.lib(net_common.o)
    0x08010c14   0x08010c14   0x000003c0   Code   RO         2068    i.dhcp_client_run   Net_Dbg_CM3_L.lib(net_dhcp_client.o)
    0x08010fd4   0x08010fd4   0x00000058   Code   RO         2069    i.dhcp_client_start  Net_Dbg_CM3_L.lib(net_dhcp_client.o)
    0x0801102c   0x0801102c   0x0000048c   Code   RO         2071    i.dhcp_listener     Net_Dbg_CM3_L.lib(net_dhcp_client.o)
    0x080114b8   0x080114b8   0x00000268   Code   RO         2072    i.dhcp_send_message  Net_Dbg_CM3_L.lib(net_dhcp_client.o)
    0x08011720   0x08011720   0x0000009a   Code   RO         1673    i.eth_check_link    Net_Dbg_CM3_L.lib(net_eth.o)
    0x080117ba   0x080117ba   0x00000002   PAD
    0x080117bc   0x080117bc   0x00000020   Code   RO         1674    i.eth_if_map        Net_Dbg_CM3_L.lib(net_eth.o)
    0x080117dc   0x080117dc   0x00000304   Code   RO         1675    i.eth_iface_init    Net_Dbg_CM3_L.lib(net_eth.o)
    0x08011ae0   0x08011ae0   0x00000290   Code   RO         1676    i.eth_iface_run     Net_Dbg_CM3_L.lib(net_eth.o)
    0x08011d70   0x08011d70   0x00000008   Code   RO         1678    i.eth_lock          Net_Dbg_CM3_L.lib(net_eth.o)
    0x08011d78   0x08011d78   0x0000001c   Code   RO         1679    i.eth_mtu_limit     Net_Dbg_CM3_L.lib(net_eth.o)
    0x08011d94   0x08011d94   0x00000048   Code   RO         1680    i.eth_opt_len       Net_Dbg_CM3_L.lib(net_eth.o)
    0x08011ddc   0x08011ddc   0x00000088   Code   RO         1681    i.eth_receive       Net_Dbg_CM3_L.lib(net_eth.o)
    0x08011e64   0x08011e64   0x00000008   Code   RO         1682    i.eth_unlock        Net_Dbg_CM3_L.lib(net_eth.o)
    0x08011e6c   0x08011e6c   0x0000007c   Code   RO         1846    i.frag_map_session  Net_Dbg_CM3_L.lib(net_ip4_frag.o)
    0x08011ee8   0x08011ee8   0x00000028   Code   RO         2128    i.get_next_field    Net_Dbg_CM3_L.lib(net_http_server.o)
    0x08011f10   0x08011f10   0x00000032   Code   RO         2129    i.get_next_par      Net_Dbg_CM3_L.lib(net_http_server.o)
    0x08011f42   0x08011f42   0x00000022   Code   RO         2130    i.hex2byte          Net_Dbg_CM3_L.lib(net_http_server.o)
    0x08011f64   0x08011f64   0x0000036c   Code   RO         2131    i.http_add_header   Net_Dbg_CM3_L.lib(net_http_server.o)
    0x080122d0   0x080122d0   0x000001cc   Code   RO         2132    i.http_error_msg    Net_Dbg_CM3_L.lib(net_http_server.o)
    0x0801249c   0x0801249c   0x00000078   Code   RO         2133    i.http_get_ftype    Net_Dbg_CM3_L.lib(net_http_server.o)
    0x08012514   0x08012514   0x0000005e   Code   RO         2134    i.http_kill_session  Net_Dbg_CM3_L.lib(net_http_server.o)
    0x08012572   0x08012572   0x00000002   PAD
    0x08012574   0x08012574   0x000002a8   Code   RO         2135    i.http_listener     Net_Dbg_CM3_L.lib(net_http_server.o)
    0x0801281c   0x0801281c   0x00000184   Code   RO         2136    i.http_open_file    Net_Dbg_CM3_L.lib(net_http_server.o)
    0x080129a0   0x080129a0   0x0000011c   Code   RO         2137    i.http_parse_header  Net_Dbg_CM3_L.lib(net_http_server.o)
    0x08012abc   0x08012abc   0x000001a8   Code   RO         2138    i.http_proc_multipart  Net_Dbg_CM3_L.lib(net_http_server.o)
    0x08012c64   0x08012c64   0x00000138   Code   RO         2139    i.http_proc_post    Net_Dbg_CM3_L.lib(net_http_server.o)
    0x08012d9c   0x08012d9c   0x00000468   Code   RO         2140    i.http_server_run   Net_Dbg_CM3_L.lib(net_http_server.o)
    0x08013204   0x08013204   0x00000060   Code   RO         2141    i.http_server_start  Net_Dbg_CM3_L.lib(net_http_server.o)
    0x08013264   0x08013264   0x00000020   Code   RO         2143    i.http_strcpy       Net_Dbg_CM3_L.lib(net_http_server.o)
    0x08013284   0x08013284   0x000000ac   Code   RO         2144    i.http_to_utc       Net_Dbg_CM3_L.lib(net_http_server.o)
    0x08013330   0x08013330   0x0000001a   Code   RO         2579    i.i2str             Net_Dbg_CM3_L.lib(net_common.o)
    0x0801334a   0x0801334a   0x00000002   PAD
    0x0801334c   0x0801334c   0x0000009c   Code   RO         1796    i.igmp_host_run     Net_Dbg_CM3_L.lib(net_igmp.o)
    0x080133e8   0x080133e8   0x00000024   Code   RO         1797    i.igmp_map_group    Net_Dbg_CM3_L.lib(net_igmp.o)
    0x0801340c   0x0801340c   0x00000070   Code   RO         1798    i.igmp_send_report  Net_Dbg_CM3_L.lib(net_igmp.o)
    0x0801347c   0x0801347c   0x0000000c   Code   RO         2456    i.ip4_get_chksum    Net_Dbg_CM3_L.lib(net_ip4.o)
    0x08013488   0x08013488   0x00000028   Code   RO         2457    i.ip4_get_mtu       Net_Dbg_CM3_L.lib(net_ip4.o)
    0x080134b0   0x080134b0   0x00000040   Code   RO         2319    i.ip4_ntoa          Net_Dbg_CM3_L.lib(net_addr.o)
    0x080134f0   0x080134f0   0x000000ca   Code   RO         2320    i.ip6_ntoa          Net_Dbg_CM3_L.lib(net_addr.o)
    0x080135ba   0x080135ba   0x0000001e   Code   RO         2073    i.is_selected       Net_Dbg_CM3_L.lib(net_dhcp_client.o)
    0x080135d8   0x080135d8   0x0000000c   Code   RO         2555    i.mem_lock          Net_Dbg_CM3_L.lib(net_mem.o)
    0x080135e4   0x080135e4   0x0000000c   Code   RO         2556    i.mem_unlock        Net_Dbg_CM3_L.lib(net_mem.o)
    0x080135f0   0x080135f0   0x000001a4   Code   RO         2112    i.nbns_listener     Net_Dbg_CM3_L.lib(net_nbns_client.o)
    0x08013794   0x08013794   0x00000120   Code   RO         2386    i.ndp_cache_add     Net_Dbg_CM3_L.lib(net_ndp.o)
    0x080138b4   0x080138b4   0x00000072   Code   RO         2387    i.ndp_cache_alloc   Net_Dbg_CM3_L.lib(net_ndp.o)
    0x08013926   0x08013926   0x00000002   PAD
    0x08013928   0x08013928   0x00000078   Code   RO         2388    i.ndp_cache_delete  Net_Dbg_CM3_L.lib(net_ndp.o)
    0x080139a0   0x080139a0   0x0000002c   Code   RO         2390    i.ndp_check_frame   Net_Dbg_CM3_L.lib(net_ndp.o)
    0x080139cc   0x080139cc   0x00000012   Code   RO         2391    i.ndp_next_opt      Net_Dbg_CM3_L.lib(net_ndp.o)
    0x080139de   0x080139de   0x00000002   PAD
    0x080139e0   0x080139e0   0x000000e4   Code   RO         2392    i.ndp_prefix_add    Net_Dbg_CM3_L.lib(net_ndp.o)
    0x08013ac4   0x08013ac4   0x000000fc   Code   RO         2395    i.ndp_proc_response  Net_Dbg_CM3_L.lib(net_ndp.o)
    0x08013bc0   0x08013bc0   0x0000001a   Code   RO         2396    i.ndp_que_free      Net_Dbg_CM3_L.lib(net_ndp.o)
    0x08013bda   0x08013bda   0x00000002   PAD
    0x08013bdc   0x08013bdc   0x00000038   Code   RO         2397    i.ndp_router_remove  Net_Dbg_CM3_L.lib(net_ndp.o)
    0x08013c14   0x08013c14   0x0000009c   Code   RO         2398    i.ndp_send_reply    Net_Dbg_CM3_L.lib(net_ndp.o)
    0x08013cb0   0x08013cb0   0x000000bc   Code   RO         2399    i.ndp_send_request  Net_Dbg_CM3_L.lib(net_ndp.o)
    0x08013d6c   0x08013d6c   0x00000004   Code   RO         2145    i.netCGI_Charset    Net_Dbg_CM3_L.lib(net_http_server.o)
    0x08013d70   0x08013d70   0x00000004   Code   RO         2146    i.netCGI_ContentType  Net_Dbg_CM3_L.lib(net_http_server.o)
    0x08013d74   0x08013d74   0x00000004   Code   RO         2147    i.netCGI_CustomHeader  Net_Dbg_CM3_L.lib(net_http_server.o)
    0x08013d78   0x08013d78   0x0000006c   Code   RO         2148    i.netCGI_GetEnvVar  Net_Dbg_CM3_L.lib(net_http_server.o)
    0x08013de4   0x08013de4   0x00000004   Code   RO         2151    i.netCGI_Redirect   Net_Dbg_CM3_L.lib(net_http_server.o)
    0x08013de8   0x08013de8   0x00000004   Code   RO         2153    i.netCGX_ContentType  Net_Dbg_CM3_L.lib(net_http_server.o)
    0x08013dec   0x08013dec   0x00000064   Code   RO         2269    i.netCore_Thread    Net_Dbg_CM3_L.lib(net_sys.o)
    0x08013e50   0x08013e50   0x00000002   Code   RO         2076    i.netDHCP_Notify    Net_Dbg_CM3_L.lib(net_dhcp_client.o)
    0x08013e52   0x08013e52   0x00000002   Code   RO         1683    i.netETH_Notify     Net_Dbg_CM3_L.lib(net_eth.o)
    0x08013e54   0x08013e54   0x00000002   Code   RO         1684    i.netETH_ReceiveRaw  Net_Dbg_CM3_L.lib(net_eth.o)
    0x08013e56   0x08013e56   0x00000072   Code   RO         1686    i.netETH_Thread     Net_Dbg_CM3_L.lib(net_eth.o)
    0x08013ec8   0x08013ec8   0x00000004   Code   RO         2154    i.netHTTPs_AcceptClient  Net_Dbg_CM3_L.lib(net_http_server.o)
    0x08013ecc   0x08013ecc   0x00000004   Code   RO         2156    i.netHTTPs_FileAccess  Net_Dbg_CM3_L.lib(net_http_server.o)
    0x08013ed0   0x08013ed0   0x00000020   Code   RO         2159    i.netHTTPs_GetLanguage  Net_Dbg_CM3_L.lib(net_http_server.o)
    0x08013ef0   0x08013ef0   0x0000000c   Code   RO         2160    i.netHTTPs_GetPassword  Net_Dbg_CM3_L.lib(net_http_server.o)
    0x08013efc   0x08013efc   0x0000000c   Code   RO         2166    i.netHTTPs_LoginActive  Net_Dbg_CM3_L.lib(net_http_server.o)
    0x08013f08   0x08013f08   0x00000058   Code   RO         2169    i.netHTTPs_SetPassword  Net_Dbg_CM3_L.lib(net_http_server.o)
    0x08013f60   0x08013f60   0x00000088   Code   RO         2270    i.netIF_GetOption   Net_Dbg_CM3_L.lib(net_sys.o)
    0x08013fe8   0x08013fe8   0x00000084   Code   RO         2272    i.netIF_SetOption   Net_Dbg_CM3_L.lib(net_sys.o)
    0x0801406c   0x0801406c   0x0000001a   Code   RO         2322    i.netIP_aton        Net_Dbg_CM3_L.lib(net_addr.o)
    0x08014086   0x08014086   0x00000032   Code   RO         2323    i.netIP_ntoa        Net_Dbg_CM3_L.lib(net_addr.o)
    0x080140b8   0x080140b8   0x000000ac   Code   RO         2273    i.netInitialize     Net_Dbg_CM3_L.lib(net_sys.o)
    0x08014164   0x08014164   0x0000008c   Code   RO         2324    i.netMAC_aton       Net_Dbg_CM3_L.lib(net_addr.o)
    0x080141f0   0x080141f0   0x00000004   Code   RO         1949    i.netTCP_GetLocalPort  Net_Dbg_CM3_L.lib(net_tcp.o)
    0x080141f4   0x080141f4   0x00000020   Code   RO         1951    i.netTCP_GetPeer    Net_Dbg_CM3_L.lib(net_tcp.o)
    0x08014214   0x08014214   0x00000004   Code   RO         1953    i.netTCP_GetState   Net_Dbg_CM3_L.lib(net_tcp.o)
    0x08014218   0x08014218   0x00000004   Code   RO         1954    i.netTCP_GetTimer   Net_Dbg_CM3_L.lib(net_tcp.o)
    0x0801421c   0x0801421c   0x0000007c   Code   RO         2326    i.net_addr4_aton    Net_Dbg_CM3_L.lib(net_addr.o)
    0x08014298   0x08014298   0x0000001e   Code   RO         2328    i.net_addr4_to_mac  Net_Dbg_CM3_L.lib(net_addr.o)
    0x080142b6   0x080142b6   0x00000002   PAD
    0x080142b8   0x080142b8   0x000000e6   Code   RO         2329    i.net_addr6_aton    Net_Dbg_CM3_L.lib(net_addr.o)
    0x0801439e   0x0801439e   0x00000028   Code   RO         2330    i.net_addr6_comp    Net_Dbg_CM3_L.lib(net_addr.o)
    0x080143c6   0x080143c6   0x00000012   Code   RO         2331    i.net_addr6_copy    Net_Dbg_CM3_L.lib(net_addr.o)
    0x080143d8   0x080143d8   0x0000004c   Code   RO         2332    i.net_addr6_create  Net_Dbg_CM3_L.lib(net_addr.o)
    0x08014424   0x08014424   0x00000028   Code   RO         2333    i.net_addr6_get_solicited  Net_Dbg_CM3_L.lib(net_addr.o)
    0x0801444c   0x0801444c   0x00000018   Code   RO         2334    i.net_addr6_is_linklocal  Net_Dbg_CM3_L.lib(net_addr.o)
    0x08014464   0x08014464   0x0000006e   Code   RO         2335    i.net_addr6_is_onlink  Net_Dbg_CM3_L.lib(net_addr.o)
    0x080144d2   0x080144d2   0x00000048   Code   RO         2336    i.net_addr6_is_solicited  Net_Dbg_CM3_L.lib(net_addr.o)
    0x0801451a   0x0801451a   0x00000018   Code   RO         2337    i.net_addr6_is_unspec  Net_Dbg_CM3_L.lib(net_addr.o)
    0x08014532   0x08014532   0x0000000e   Code   RO         2339    i.net_addr6_to_mac  Net_Dbg_CM3_L.lib(net_addr.o)
    0x08014540   0x08014540   0x00000026   Code   RO         2341    i.net_addr_copy     Net_Dbg_CM3_L.lib(net_addr.o)
    0x08014566   0x08014566   0x0000001a   Code   RO         2342    i.net_addr_find_route  Net_Dbg_CM3_L.lib(net_addr.o)
    0x08014580   0x08014580   0x00000020   Code   RO         2344    i.net_addr_get_local  Net_Dbg_CM3_L.lib(net_addr.o)
    0x080145a0   0x080145a0   0x00000022   Code   RO         2345    i.net_addr_is_unspec  Net_Dbg_CM3_L.lib(net_addr.o)
    0x080145c2   0x080145c2   0x00000002   PAD
    0x080145c4   0x080145c4   0x0000011c   Code   RO         1746    i.net_arp_cache_add  Net_Dbg_CM3_L.lib(net_arp.o)
    0x080146e0   0x080146e0   0x000000bc   Code   RO         1747    i.net_arp_cache_early  Net_Dbg_CM3_L.lib(net_arp.o)
    0x0801479c   0x0801479c   0x000000ec   Code   RO         1748    i.net_arp_cache_find  Net_Dbg_CM3_L.lib(net_arp.o)
    0x08014888   0x08014888   0x00000048   Code   RO         1749    i.net_arp_cache_init  Net_Dbg_CM3_L.lib(net_arp.o)
    0x080148d0   0x080148d0   0x0000001c   Code   RO         1750    i.net_arp_cache_run  Net_Dbg_CM3_L.lib(net_arp.o)
    0x080148ec   0x080148ec   0x00000078   Code   RO         1752    i.net_arp_enqueue   Net_Dbg_CM3_L.lib(net_arp.o)
    0x08014964   0x08014964   0x00000020   Code   RO         1754    i.net_arp_notify    Net_Dbg_CM3_L.lib(net_arp.o)
    0x08014984   0x08014984   0x00000012   Code   RO         1755    i.net_arp_probe     Net_Dbg_CM3_L.lib(net_arp.o)
    0x08014996   0x08014996   0x00000002   PAD
    0x08014998   0x08014998   0x00000224   Code   RO         1756    i.net_arp_process   Net_Dbg_CM3_L.lib(net_arp.o)
    0x08014bbc   0x08014bbc   0x00000042   Code   RO         2580    i.net_atoi          Net_Dbg_CM3_L.lib(net_common.o)
    0x08014bfe   0x08014bfe   0x00000030   Code   RO         2582    i.net_chksum_buf    Net_Dbg_CM3_L.lib(net_common.o)
    0x08014c2e   0x08014c2e   0x0000001e   Code   RO         2583    i.net_crc_buf       Net_Dbg_CM3_L.lib(net_common.o)
    0x08014c4c   0x08014c4c   0x00000094   Code   RO         2078    i.net_dhcp_client_init  Net_Dbg_CM3_L.lib(net_dhcp_client.o)
    0x08014ce0   0x08014ce0   0x0000001c   Code   RO         2079    i.net_dhcp_client_run  Net_Dbg_CM3_L.lib(net_dhcp_client.o)
    0x08014cfc   0x08014cfc   0x0000000e   Code   RO         1687    i.net_eth_callback  Net_Dbg_CM3_L.lib(net_eth.o)
    0x08014d0a   0x08014d0a   0x00000068   Code   RO         1688    i.net_eth_config_mcast  Net_Dbg_CM3_L.lib(net_eth.o)
    0x08014d72   0x08014d72   0x000000ea   Code   RO         1690    i.net_eth_get_option  Net_Dbg_CM3_L.lib(net_eth.o)
    0x08014e5c   0x08014e5c   0x0000001c   Code   RO         1691    i.net_eth_iface_init  Net_Dbg_CM3_L.lib(net_eth.o)
    0x08014e78   0x08014e78   0x0000001c   Code   RO         1692    i.net_eth_iface_run  Net_Dbg_CM3_L.lib(net_eth.o)
    0x08014e94   0x08014e94   0x000000a8   Code   RO         1694    i.net_eth_output    Net_Dbg_CM3_L.lib(net_eth.o)
    0x08014f3c   0x08014f3c   0x000001e0   Code   RO         1695    i.net_eth_send_frame  Net_Dbg_CM3_L.lib(net_eth.o)
    0x0801511c   0x0801511c   0x00000270   Code   RO         1696    i.net_eth_set_option  Net_Dbg_CM3_L.lib(net_eth.o)
    0x0801538c   0x0801538c   0x000000e8   Code   RO         2175    i.net_http_server_init  Net_Dbg_CM3_L.lib(net_http_server.o)
    0x08015474   0x08015474   0x00000028   Code   RO         2176    i.net_http_server_run  Net_Dbg_CM3_L.lib(net_http_server.o)
    0x0801549c   0x0801549c   0x00000018   Code   RO         2528    i.net_icmp6_init    Net_Dbg_CM3_L.lib(net_icmp6.o)
    0x080154b4   0x080154b4   0x00000238   Code   RO         2529    i.net_icmp6_process  Net_Dbg_CM3_L.lib(net_icmp6.o)
    0x080156ec   0x080156ec   0x00000084   Code   RO         2530    i.net_icmp6_send    Net_Dbg_CM3_L.lib(net_icmp6.o)
    0x08015770   0x08015770   0x00000058   Code   RO         2531    i.net_icmp6_send_echo  Net_Dbg_CM3_L.lib(net_icmp6.o)
    0x080157c8   0x080157c8   0x00000018   Code   RO         1868    i.net_icmp_init     Net_Dbg_CM3_L.lib(net_icmp.o)
    0x080157e0   0x080157e0   0x000001c8   Code   RO         1869    i.net_icmp_process  Net_Dbg_CM3_L.lib(net_icmp.o)
    0x080159a8   0x080159a8   0x000000a0   Code   RO         1870    i.net_icmp_send_echo  Net_Dbg_CM3_L.lib(net_icmp.o)
    0x08015a48   0x08015a48   0x0000000c   Code   RO         2277    i.net_if_map_all    Net_Dbg_CM3_L.lib(net_sys.o)
    0x08015a54   0x08015a54   0x0000006c   Code   RO         1801    i.net_igmp_collect_mcast  Net_Dbg_CM3_L.lib(net_igmp.o)
    0x08015ac0   0x08015ac0   0x00000048   Code   RO         1802    i.net_igmp_host_init  Net_Dbg_CM3_L.lib(net_igmp.o)
    0x08015b08   0x08015b08   0x0000001c   Code   RO         1803    i.net_igmp_host_run  Net_Dbg_CM3_L.lib(net_igmp.o)
    0x08015b24   0x08015b24   0x00000020   Code   RO         1805    i.net_igmp_is_member  Net_Dbg_CM3_L.lib(net_igmp.o)
    0x08015b44   0x08015b44   0x000001ac   Code   RO         1806    i.net_igmp_process  Net_Dbg_CM3_L.lib(net_igmp.o)
    0x08015cf0   0x08015cf0   0x0000018c   Code   RO         2458    i.net_ip4_chk_frame  Net_Dbg_CM3_L.lib(net_ip4.o)
    0x08015e7c   0x08015e7c   0x0000002c   Code   RO         2459    i.net_ip4_chksum    Net_Dbg_CM3_L.lib(net_ip4.o)
    0x08015ea8   0x08015ea8   0x00000006   Code   RO         2460    i.net_ip4_chksum_buf  Net_Dbg_CM3_L.lib(net_ip4.o)
    0x08015eae   0x08015eae   0x00000002   PAD
    0x08015eb0   0x08015eb0   0x00000080   Code   RO         2462    i.net_ip4_find_route  Net_Dbg_CM3_L.lib(net_ip4.o)
    0x08015f30   0x08015f30   0x00000124   Code   RO         1847    i.net_ip4_frag_add  Net_Dbg_CM3_L.lib(net_ip4_frag.o)
    0x08016054   0x08016054   0x000000ac   Code   RO         1848    i.net_ip4_frag_get  Net_Dbg_CM3_L.lib(net_ip4_frag.o)
    0x08016100   0x08016100   0x00000010   Code   RO         1849    i.net_ip4_frag_init  Net_Dbg_CM3_L.lib(net_ip4_frag.o)
    0x08016110   0x08016110   0x0000003c   Code   RO         1850    i.net_ip4_frag_run  Net_Dbg_CM3_L.lib(net_ip4_frag.o)
    0x0801614c   0x0801614c   0x0000002c   Code   RO         2463    i.net_ip4_get_local  Net_Dbg_CM3_L.lib(net_ip4.o)
    0x08016178   0x08016178   0x00000024   Code   RO         2464    i.net_ip4_init      Net_Dbg_CM3_L.lib(net_ip4.o)
    0x0801619c   0x0801619c   0x00000020   Code   RO         2465    i.net_ip4_is_onlink  Net_Dbg_CM3_L.lib(net_ip4.o)
    0x080161bc   0x080161bc   0x00000026   Code   RO         2466    i.net_ip4_is_subcast  Net_Dbg_CM3_L.lib(net_ip4.o)
    0x080161e2   0x080161e2   0x0000000e   Code   RO         2467    i.net_ip4_reass_frame  Net_Dbg_CM3_L.lib(net_ip4.o)
    0x080161f0   0x080161f0   0x00000164   Code   RO         2468    i.net_ip4_send_frame  Net_Dbg_CM3_L.lib(net_ip4.o)
    0x08016354   0x08016354   0x0000002a   Code   RO         2470    i.net_ip4_tx_offl_hl  Net_Dbg_CM3_L.lib(net_ip4.o)
    0x0801637e   0x0801637e   0x00000002   PAD
    0x08016380   0x08016380   0x00000100   Code   RO         2496    i.net_ip6_chk_frame  Net_Dbg_CM3_L.lib(net_ip6.o)
    0x08016480   0x08016480   0x00000032   Code   RO         2497    i.net_ip6_chksum    Net_Dbg_CM3_L.lib(net_ip6.o)
    0x080164b2   0x080164b2   0x00000002   PAD
    0x080164b4   0x080164b4   0x0000007c   Code   RO         2498    i.net_ip6_collect_mcast  Net_Dbg_CM3_L.lib(net_ip6.o)
    0x08016530   0x08016530   0x00000048   Code   RO         2500    i.net_ip6_find_route  Net_Dbg_CM3_L.lib(net_ip6.o)
    0x08016578   0x08016578   0x00000054   Code   RO         2501    i.net_ip6_get_local  Net_Dbg_CM3_L.lib(net_ip6.o)
    0x080165cc   0x080165cc   0x0000001c   Code   RO         2502    i.net_ip6_init      Net_Dbg_CM3_L.lib(net_ip6.o)
    0x080165e8   0x080165e8   0x000000cc   Code   RO         2503    i.net_ip6_send_frame  Net_Dbg_CM3_L.lib(net_ip6.o)
    0x080166b4   0x080166b4   0x0000001e   Code   RO         2505    i.net_ip6_tx_offl_hl  Net_Dbg_CM3_L.lib(net_ip6.o)
    0x080166d2   0x080166d2   0x00000008   Code   RO         2584    i.net_itoa          Net_Dbg_CM3_L.lib(net_common.o)
    0x080166da   0x080166da   0x00000006   Code   RO         2586    i.net_itoa_n0       Net_Dbg_CM3_L.lib(net_common.o)
    0x080166e0   0x080166e0   0x00000030   Code   RO         1829    i.net_loop_iface_init  Net_Dbg_CM3_L.lib(net_loopback.o)
    0x08016710   0x08016710   0x000000bc   Code   RO         1830    i.net_loop_iface_run  Net_Dbg_CM3_L.lib(net_loopback.o)
    0x080167cc   0x080167cc   0x00000070   Code   RO         1832    i.net_loop_send_frame  Net_Dbg_CM3_L.lib(net_loopback.o)
    0x0801683c   0x0801683c   0x000000c0   Code   RO         2557    i.net_mem_alloc     Net_Dbg_CM3_L.lib(net_mem.o)
    0x080168fc   0x080168fc   0x0000001c   Code   RO         2558    i.net_mem_avail     Net_Dbg_CM3_L.lib(net_mem.o)
    0x08016918   0x08016918   0x000000a4   Code   RO         2559    i.net_mem_free      Net_Dbg_CM3_L.lib(net_mem.o)
    0x080169bc   0x080169bc   0x00000070   Code   RO         2560    i.net_mem_init      Net_Dbg_CM3_L.lib(net_mem.o)
    0x08016a2c   0x08016a2c   0x00000048   Code   RO         2561    i.net_mem_shrink    Net_Dbg_CM3_L.lib(net_mem.o)
    0x08016a74   0x08016a74   0x00000064   Code   RO         2113    i.net_nbns_client_init  Net_Dbg_CM3_L.lib(net_nbns_client.o)
    0x08016ad8   0x08016ad8   0x000001c4   Code   RO         2407    i.net_ndp_cache_find  Net_Dbg_CM3_L.lib(net_ndp.o)
    0x08016c9c   0x08016c9c   0x00000078   Code   RO         2410    i.net_ndp_cache_refresh  Net_Dbg_CM3_L.lib(net_ndp.o)
    0x08016d14   0x08016d14   0x00000070   Code   RO         2413    i.net_ndp_enqueue   Net_Dbg_CM3_L.lib(net_ndp.o)
    0x08016d84   0x08016d84   0x00000374   Code   RO         2415    i.net_ndp_process   Net_Dbg_CM3_L.lib(net_ndp.o)
    0x080170f8   0x080170f8   0x00000038   Code   RO         2279    i.net_path          Net_Dbg_CM3_L.lib(net_sys.o)
    0x08017130   0x08017130   0x00000020   Code   RO         2250    i.net_ping_client_init  Net_Dbg_CM3_L.lib(net_ping_core.o)
    0x08017150   0x08017150   0x00000080   Code   RO         2251    i.net_ping_client_run  Net_Dbg_CM3_L.lib(net_ping_core.o)
    0x080171d0   0x080171d0   0x0000001c   Code   RO         2280    i.net_rand32        Net_Dbg_CM3_L.lib(net_sys.o)
    0x080171ec   0x080171ec   0x0000002e   Code   RO         2587    i.net_strcasecmp    Net_Dbg_CM3_L.lib(net_common.o)
    0x0801721a   0x0801721a   0x0000001a   Code   RO         2589    i.net_strcmp        Net_Dbg_CM3_L.lib(net_common.o)
    0x08017234   0x08017234   0x00000012   Code   RO         2590    i.net_strcpy        Net_Dbg_CM3_L.lib(net_common.o)
    0x08017246   0x08017246   0x0000001c   Code   RO         2592    i.net_strnchr       Net_Dbg_CM3_L.lib(net_common.o)
    0x08017262   0x08017262   0x0000001a   Code   RO         2593    i.net_strncpy       Net_Dbg_CM3_L.lib(net_common.o)
    0x0801727c   0x0801727c   0x00000020   Code   RO         2594    i.net_strtoupper    Net_Dbg_CM3_L.lib(net_common.o)
    0x0801729c   0x0801729c   0x0000000c   Code   RO         2281    i.net_sys_lock      Net_Dbg_CM3_L.lib(net_sys.o)
    0x080172a8   0x080172a8   0x00000016   Code   RO         2282    i.net_sys_resume    Net_Dbg_CM3_L.lib(net_sys.o)
    0x080172be   0x080172be   0x00000002   PAD
    0x080172c0   0x080172c0   0x00000014   Code   RO         2284    i.net_sys_tick      Net_Dbg_CM3_L.lib(net_sys.o)
    0x080172d4   0x080172d4   0x0000000c   Code   RO         2285    i.net_sys_unlock    Net_Dbg_CM3_L.lib(net_sys.o)
    0x080172e0   0x080172e0   0x00000020   Code   RO         2287    i.net_sys_wakeup    Net_Dbg_CM3_L.lib(net_sys.o)
    0x08017300   0x08017300   0x00000084   Code   RO         1961    i.net_tcp_abort     Net_Dbg_CM3_L.lib(net_tcp.o)
    0x08017384   0x08017384   0x000000e4   Code   RO         1964    i.net_tcp_close     Net_Dbg_CM3_L.lib(net_tcp.o)
    0x08017468   0x08017468   0x0000002e   Code   RO         1967    i.net_tcp_get_buf   Net_Dbg_CM3_L.lib(net_tcp.o)
    0x08017496   0x08017496   0x00000002   PAD
    0x08017498   0x08017498   0x00000034   Code   RO         1969    i.net_tcp_get_local_port  Net_Dbg_CM3_L.lib(net_tcp.o)
    0x080174cc   0x080174cc   0x00000028   Code   RO         1970    i.net_tcp_get_mss   Net_Dbg_CM3_L.lib(net_tcp.o)
    0x080174f4   0x080174f4   0x00000054   Code   RO         1972    i.net_tcp_get_peer  Net_Dbg_CM3_L.lib(net_tcp.o)
    0x08017548   0x08017548   0x00000070   Code   RO         1974    i.net_tcp_get_socket  Net_Dbg_CM3_L.lib(net_tcp.o)
    0x080175b8   0x080175b8   0x0000002c   Code   RO         1975    i.net_tcp_get_state  Net_Dbg_CM3_L.lib(net_tcp.o)
    0x080175e4   0x080175e4   0x00000034   Code   RO         1976    i.net_tcp_get_timer  Net_Dbg_CM3_L.lib(net_tcp.o)
    0x08017618   0x08017618   0x000000b0   Code   RO         1977    i.net_tcp_listen    Net_Dbg_CM3_L.lib(net_tcp.o)
    0x080176c8   0x080176c8   0x000007a8   Code   RO         1979    i.net_tcp_process   Net_Dbg_CM3_L.lib(net_tcp.o)
    0x08017e70   0x08017e70   0x0000015c   Code   RO         1983    i.net_tcp_send      Net_Dbg_CM3_L.lib(net_tcp.o)
    0x08017fcc   0x08017fcc   0x0000012c   Code   RO         1985    i.net_tcp_set_option  Net_Dbg_CM3_L.lib(net_tcp.o)
    0x080180f8   0x080180f8   0x00000028   Code   RO         1986    i.net_tcp_socket_init  Net_Dbg_CM3_L.lib(net_tcp.o)
    0x08018120   0x08018120   0x000003c0   Code   RO         1987    i.net_tcp_socket_run  Net_Dbg_CM3_L.lib(net_tcp.o)
    0x080184e0   0x080184e0   0x00000028   Code   RO         1896    i.net_udp_enable_lla  Net_Dbg_CM3_L.lib(net_udp.o)
    0x08018508   0x08018508   0x0000002e   Code   RO         1898    i.net_udp_get_buf   Net_Dbg_CM3_L.lib(net_udp.o)
    0x08018536   0x08018536   0x00000002   PAD
    0x08018538   0x08018538   0x00000070   Code   RO         1901    i.net_udp_get_socket  Net_Dbg_CM3_L.lib(net_udp.o)
    0x080185a8   0x080185a8   0x000000ac   Code   RO         1903    i.net_udp_open      Net_Dbg_CM3_L.lib(net_udp.o)
    0x08018654   0x08018654   0x00000158   Code   RO         1904    i.net_udp_process   Net_Dbg_CM3_L.lib(net_udp.o)
    0x080187ac   0x080187ac   0x0000022c   Code   RO         1907    i.net_udp_send_if   Net_Dbg_CM3_L.lib(net_udp.o)
    0x080189d8   0x080189d8   0x00000024   Code   RO         1909    i.net_udp_socket_init  Net_Dbg_CM3_L.lib(net_udp.o)
    0x080189fc   0x080189fc   0x00000008   Code   RO         2595    i.net_ultoa         Net_Dbg_CM3_L.lib(net_common.o)
    0x08018a04   0x08018a04   0x00000030   Code   RO         2598    i.net_ultox         Net_Dbg_CM3_L.lib(net_common.o)
    0x08018a34   0x08018a34   0x0000004c   Code   RO         2599    i.net_xtoul         Net_Dbg_CM3_L.lib(net_common.o)
    0x08018a80   0x08018a80   0x0000001c   Code   RO         2254    i.ping_send_req     Net_Dbg_CM3_L.lib(net_ping_core.o)
    0x08018a9c   0x08018a9c   0x000000f0   Code   RO         2081    i.proc_opt_renew    Net_Dbg_CM3_L.lib(net_dhcp_client.o)
    0x08018b8c   0x08018b8c   0x000001a4   Code   RO         2082    i.proc_opt_req      Net_Dbg_CM3_L.lib(net_dhcp_client.o)
    0x08018d30   0x08018d30   0x00000048   Code   RO         2083    i.proc_opt_sel      Net_Dbg_CM3_L.lib(net_dhcp_client.o)
    0x08018d78   0x08018d78   0x00000058   Code   RO         2179    i.proc_req_line     Net_Dbg_CM3_L.lib(net_http_server.o)
    0x08018dd0   0x08018dd0   0x0000001a   Code   RO         1852    i.que_free_list     Net_Dbg_CM3_L.lib(net_ip4_frag.o)
    0x08018dea   0x08018dea   0x000000a0   Code   RO         2180    i.read_script_line  Net_Dbg_CM3_L.lib(net_http_server.o)
    0x08018e8a   0x08018e8a   0x00000048   Code   RO         2181    i.search_delim      Net_Dbg_CM3_L.lib(net_http_server.o)
    0x08018ed2   0x08018ed2   0x00000018   Code   RO         2288    i.sys_map_if        Net_Dbg_CM3_L.lib(net_sys.o)
    0x08018eea   0x08018eea   0x00000002   PAD
    0x08018eec   0x08018eec   0x0000004c   Code   RO         2289    i.sys_proc_tick     Net_Dbg_CM3_L.lib(net_sys.o)
    0x08018f38   0x08018f38   0x00000110   Code   RO         1989    i.tcp_map_socket    Net_Dbg_CM3_L.lib(net_tcp.o)
    0x08019048   0x08019048   0x00000084   Code   RO         1990    i.tcp_parse_opt     Net_Dbg_CM3_L.lib(net_tcp.o)
    0x080190cc   0x080190cc   0x0000011c   Code   RO         1991    i.tcp_proc_acknr    Net_Dbg_CM3_L.lib(net_tcp.o)
    0x080191e8   0x080191e8   0x000000ac   Code   RO         1992    i.tcp_proc_dupack   Net_Dbg_CM3_L.lib(net_tcp.o)
    0x08019294   0x08019294   0x0000001a   Code   RO         1993    i.tcp_que_free      Net_Dbg_CM3_L.lib(net_tcp.o)
    0x080192ae   0x080192ae   0x0000001a   Code   RO         1994    i.tcp_que_init      Net_Dbg_CM3_L.lib(net_tcp.o)
    0x080192c8   0x080192c8   0x000000ac   Code   RO         1995    i.tcp_que_resend    Net_Dbg_CM3_L.lib(net_tcp.o)
    0x08019374   0x08019374   0x00000090   Code   RO         1996    i.tcp_send_ctrl     Net_Dbg_CM3_L.lib(net_tcp.o)
    0x08019404   0x08019404   0x0000007c   Code   RO         1997    i.tcp_send_data     Net_Dbg_CM3_L.lib(net_tcp.o)
    0x08019480   0x08019480   0x00000090   Code   RO         1998    i.tcp_send_reset    Net_Dbg_CM3_L.lib(net_tcp.o)
    0x08019510   0x08019510   0x00000044   Code   RO         1999    i.tcp_set_cwnd      Net_Dbg_CM3_L.lib(net_tcp.o)
    0x08019554   0x08019554   0x00000074   Code   RO         2000    i.tcp_transit       Net_Dbg_CM3_L.lib(net_tcp.o)
    0x080195c8   0x080195c8   0x0000010c   Code   RO         2001    i.tcp_write         Net_Dbg_CM3_L.lib(net_tcp.o)
    0x080196d4   0x080196d4   0x0000002c   Code   RO         1911    i.udp_port_in_use   Net_Dbg_CM3_L.lib(net_udp.o)
    0x08019700   0x08019700   0x00000044   Code   RO         2600    i.ul2str            Net_Dbg_CM3_L.lib(net_common.o)
    0x08019744   0x08019744   0x00000124   Code   RO         2182    i.utc_to_http       Net_Dbg_CM3_L.lib(net_http_server.o)
    0x08019868   0x08019868   0x00000024   Data   RO          191    .constdata          http_server.o
    0x0801988c   0x0801988c   0x00000004   Data   RO          261    .constdata          web.o
    0x08019890   0x08019890   0x000068f0   Data   RO          262    .constdata          web.o
    0x08020180   0x08020180   0x000000b0   Data   RO          263    .constdata          web.o
    0x08020230   0x08020230   0x00000006   Data   RO          282    .constdata          leds_stm32f429zi.o
    0x08020236   0x08020236   0x00000960   Data   RO          313    .constdata          lcd_stm32f429zi.o
    0x08020b96   0x08020b96   0x00000002   PAD
    0x08020b98   0x08020b98   0x00000024   Data   RO          587    .constdata          rtx_lib.o
    0x08020bbc   0x08020bbc   0x00000024   Data   RO          588    .constdata          rtx_lib.o
    0x08020be0   0x08020be0   0x00000018   Data   RO          589    .constdata          rtx_lib.o
    0x08020bf8   0x08020bf8   0x00000004   Data   RO          591    .constdata          rtx_lib.o
    0x08020bfc   0x08020bfc   0x00000004   Data   RO          932    .constdata          phy_lan8742a.o
    0x08020c00   0x08020c00   0x00000020   Data   RO          933    .constdata          phy_lan8742a.o
    0x08020c20   0x08020c20   0x00000050   Data   RO          960    .constdata          emac_stm32f4xx.o
    0x08020c70   0x08020c70   0x00000044   Data   RO          961    .constdata          emac_stm32f4xx.o
    0x08020cb4   0x08020cb4   0x00000034   Data   RO         1000    .constdata          spi_stm32f4xx.o
    0x08020ce8   0x08020ce8   0x00000010   Data   RO         1001    .constdata          spi_stm32f4xx.o
    0x08020cf8   0x08020cf8   0x00000010   Data   RO         1002    .constdata          spi_stm32f4xx.o
    0x08020d08   0x08020d08   0x0000002c   Data   RO         1003    .constdata          spi_stm32f4xx.o
    0x08020d34   0x08020d34   0x00000018   Data   RO         1039    .constdata          eventrecorder.o
    0x08020d4c   0x08020d4c   0x00000008   Data   RO         1178    .constdata          stm32f4xx_hal_dma.o
    0x08020d54   0x08020d54   0x00000010   Data   RO         1522    .constdata          system_stm32f4xx.o
    0x08020d64   0x08020d64   0x00000008   Data   RO         1523    .constdata          system_stm32f4xx.o
    0x08020d6c   0x08020d6c   0x000000a8   Data   RO         1567    .constdata          net_config.o
    0x08020e14   0x08020e14   0x0000001c   Data   RO         1568    .constdata          net_config.o
    0x08020e30   0x08020e30   0x00000014   Data   RO         1569    .constdata          net_config.o
    0x08020e44   0x08020e44   0x0000000c   Data   RO         1570    .constdata          net_config.o
    0x08020e50   0x08020e50   0x00000010   Data   RO         1571    .constdata          net_config.o
    0x08020e60   0x08020e60   0x00000010   Data   RO         1572    .constdata          net_config.o
    0x08020e70   0x08020e70   0x00000028   Data   RO         1573    .constdata          net_config.o
    0x08020e98   0x08020e98   0x0000002c   Data   RO         1574    .constdata          net_config.o
    0x08020ec4   0x08020ec4   0x00000008   Data   RO         1575    .constdata          net_config.o
    0x08020ecc   0x08020ecc   0x00000008   Data   RO         1576    .constdata          net_config.o
    0x08020ed4   0x08020ed4   0x00000008   Data   RO         1577    .constdata          net_config.o
    0x08020edc   0x08020edc   0x00000008   Data   RO         1578    .constdata          net_config.o
    0x08020ee4   0x08020ee4   0x00000008   Data   RO         1579    .constdata          net_config.o
    0x08020eec   0x08020eec   0x00000008   Data   RO         1580    .constdata          net_config.o
    0x08020ef4   0x08020ef4   0x00000008   Data   RO         1581    .constdata          net_config.o
    0x08020efc   0x08020efc   0x00000008   Data   RO         1582    .constdata          net_config.o
    0x08020f04   0x08020f04   0x00000008   Data   RO         1583    .constdata          net_config.o
    0x08020f0c   0x08020f0c   0x00000004   Data   RO         1585    .constdata          net_config.o
    0x08020f10   0x08020f10   0x00000008   Data   RO         1586    .constdata          net_config.o
    0x08020f18   0x08020f18   0x0000000c   Data   RO         1587    .constdata          net_config.o
    0x08020f24   0x08020f24   0x00000018   Data   RO         1588    .constdata          net_config.o
    0x08020f3c   0x08020f3c   0x00000034   Data   RO         1589    .constdata          net_config.o
    0x08020f70   0x08020f70   0x00000030   Data   RO         1590    .constdata          net_config.o
    0x08020fa0   0x08020fa0   0x00000028   Data   RO         1591    .constdata          net_config.o
    0x08020fc8   0x08020fc8   0x00000010   Data   RO         1593    .constdata          net_config.o
    0x08020fd8   0x08020fd8   0x00000010   Data   RO         1594    .constdata          net_config.o
    0x08020fe8   0x08020fe8   0x00000008   Data   RO         1807    .constdata          Net_Dbg_CM3_L.lib(net_igmp.o)
    0x08020ff0   0x08020ff0   0x0000002c   Data   RO         1833    .constdata          Net_Dbg_CM3_L.lib(net_loopback.o)
    0x0802101c   0x0802101c   0x0000000c   Data   RO         1834    .constdata          Net_Dbg_CM3_L.lib(net_loopback.o)
    0x08021028   0x08021028   0x00000008   Data   RO         2115    .constdata          Net_Dbg_CM3_L.lib(net_nbns_client.o)
    0x08021030   0x08021030   0x000000fa   Data   RO         2184    .constdata          Net_Dbg_CM3_L.lib(net_http_server.o)
    0x0802112a   0x0802112a   0x00000012   Data   RO         2256    .constdata          Net_Dbg_CM3_L.lib(net_ping_core.o)
    0x0802113c   0x0802113c   0x00000010   Data   RO         2349    .constdata          Net_Dbg_CM3_L.lib(net_addr.o)
    0x0802114c   0x0802114c   0x00000006   Data   RO         2350    .constdata          Net_Dbg_CM3_L.lib(net_addr.o)
    0x08021152   0x08021152   0x00000004   Data   RO         2472    .constdata          Net_Dbg_CM3_L.lib(net_ip4.o)
    0x08021156   0x08021156   0x00000020   Data   RO         2507    .constdata          Net_Dbg_CM3_L.lib(net_ip6.o)
    0x08021176   0x08021176   0x00000002   PAD
    0x08021178   0x08021178   0x00000018   Data   RO         2547    .constdata          Net_Dbg_CM3_L.lib(net_http_server_err.o)
    0x08021190   0x08021190   0x00000010   Data   RO         2601    .constdata          Net_Dbg_CM3_L.lib(net_common.o)
    0x080211a0   0x080211a0   0x00000004   Data   RO         2631    .constdata          Net_Dbg_CM3_L.lib(net_version.o)
    0x080211a4   0x080211a4   0x000000da   Data   RO          226    .conststring        http_server_cgi.o
    0x0802127e   0x0802127e   0x00000002   PAD
    0x08021280   0x08021280   0x00000078   Data   RO         1595    .conststring        net_config.o
    0x080212f8   0x080212f8   0x00000006   Data   RO         1596    .conststring        net_config.o
    0x080212fe   0x080212fe   0x00000002   PAD
    0x08021300   0x08021300   0x00000001   Data   RO         1597    .conststring        net_config.o
    0x08021301   0x08021301   0x00000003   PAD
    0x08021304   0x08021304   0x00000039   Data   RO         1598    .conststring        net_config.o
    0x0802133d   0x0802133d   0x00000003   PAD
    0x08021340   0x08021340   0x00000203   Data   RO         2548    .conststring        Net_Dbg_CM3_L.lib(net_http_server_err.o)
    0x08021543   0x08021543   0x00000001   PAD
    0x08021544   0x08021544   0x0000000b   Data   RO          531    .conststrlit        rtx_kernel.o
    0x0802154f   0x0802154f   0x00000001   PAD
    0x08021550   0x08021550   0x000000a8   Data   RO          592    .rodata             rtx_lib.o
    0x080215f8   0x080215f8   0x00000030   Data   RO         2974    Region$$Table       anon$$obj.o


    Execution Region RW_IRAM2 (Exec base: 0x10000000, Load base: 0x08021750, Size: 0x000004a4, Max: 0x00010000, ABSOLUTE)

    Exec Addr    Load Addr    Size         Type   Attr      Idx    E Section Name        Object

    0x10000000        -       0x000004a4   Zero   RW         1038    .bss.noinit         eventrecorder.o


    Execution Region RW_IRAM1 (Exec base: 0x20000000, Load base: 0x08021628, Size: 0x0000f6f8, Max: 0x00030000, ABSOLUTE, COMPRESSED[0x00000128])

    Exec Addr    Load Addr    Size         Type   Attr      Idx    E Section Name        Object

    0x20000000   COMPRESSED   0x00008000   Data   RW          579    .bss.os             rtx_lib.o
    0x20008000   COMPRESSED   0x00000040   Data   RW          580    .bss.os             rtx_lib.o
    0x20008040   COMPRESSED   0x00000001   Data   RW          884    .bss.os             os_systick.o
    0x20008041   COMPRESSED   0x00000003   PAD
    0x20008044   COMPRESSED   0x00000034   Data   RW          581    .bss.os.msgqueue.cb  rtx_lib.o
    0x20008078   COMPRESSED   0x00000050   Data   RW          582    .bss.os.msgqueue.mem  rtx_lib.o
    0x200080c8   COMPRESSED   0x0000001c   Data   RW         1561    .bss.os.mutex.cb    net_config.o
    0x200080e4   COMPRESSED   0x0000001c   Data   RW         1562    .bss.os.mutex.cb    net_config.o
    0x20008100   COMPRESSED   0x00000010   Data   RW         1563    .bss.os.semaphore.cb  net_config.o
    0x20008110   COMPRESSED   0x00000044   Data   RW          583    .bss.os.thread.cb   rtx_lib.o
    0x20008154   COMPRESSED   0x00000044   Data   RW          584    .bss.os.thread.cb   rtx_lib.o
    0x20008198   COMPRESSED   0x00000044   Data   RW         1564    .bss.os.thread.cb   net_config.o
    0x200081dc   COMPRESSED   0x00000044   Data   RW         1565    .bss.os.thread.cb   net_config.o
    0x20008220   COMPRESSED   0x00000200   Data   RW          585    .bss.os.thread.idle.stack  rtx_lib.o
    0x20008420   COMPRESSED   0x00000200   Data   RW          586    .bss.os.thread.timer.stack  rtx_lib.o
    0x20008620   COMPRESSED   0x00000020   Data   RW         1566    .bss.os.timer.cb    net_config.o
    0x20008640   COMPRESSED   0x00000004   Data   RW            5    .data               main.o
    0x20008644   COMPRESSED   0x00000014   Data   RW          192    .data               http_server.o
    0x20008658   COMPRESSED   0x00000008   Data   RW          227    .data               http_server_cgi.o
    0x20008660   COMPRESSED   0x0000000c   Data   RW          314    .data               lcd_stm32f429zi.o
    0x2000866c   COMPRESSED   0x0000000c   Data   RW         1072    .data               stm32f4xx_hal.o
    0x20008678   COMPRESSED   0x00000004   Data   RW         1524    .data               system_stm32f4xx.o
    0x2000867c   COMPRESSED   0x00000004   Data   RW         1600    .data               net_config.o
    0x20008680   COMPRESSED   0x00000006   Data   RW         1601    .data               net_config.o
    0x20008686   COMPRESSED   0x00000004   Data   RW         1602    .data               net_config.o
    0x2000868a   COMPRESSED   0x00000004   Data   RW         1808    .data               Net_Dbg_CM3_L.lib(net_igmp.o)
    0x2000868e   COMPRESSED   0x00000002   PAD
    0x20008690   COMPRESSED   0x00000004   Data   RW         1835    .data               Net_Dbg_CM3_L.lib(net_loopback.o)
    0x20008694   COMPRESSED   0x00000004   Data   RW         1853    .data               Net_Dbg_CM3_L.lib(net_ip4_frag.o)
    0x20008698   COMPRESSED   0x00000001   Data   RW         1871    .data               Net_Dbg_CM3_L.lib(net_icmp.o)
    0x20008699   COMPRESSED   0x00000001   PAD
    0x2000869a   COMPRESSED   0x00000002   Data   RW         1913    .data               Net_Dbg_CM3_L.lib(net_udp.o)
    0x2000869c   COMPRESSED   0x00000004   Data   RW         2004    .data               Net_Dbg_CM3_L.lib(net_tcp.o)
    0x200086a0   COMPRESSED   0x00000002   Data   RW         2089    .data               Net_Dbg_CM3_L.lib(net_dhcp_client.o)
    0x200086a2   COMPRESSED   0x00000001   Data   RW         2116    .data               Net_Dbg_CM3_L.lib(net_nbns_client.o)
    0x200086a3   COMPRESSED   0x00000001   PAD
    0x200086a4   COMPRESSED   0x0000000c   Data   RW         2185    .data               Net_Dbg_CM3_L.lib(net_http_server.o)
    0x200086b0   COMPRESSED   0x00000008   Data   RW         2473    .data               Net_Dbg_CM3_L.lib(net_ip4.o)
    0x200086b8   COMPRESSED   0x00000004   Data   RW         2509    .data               Net_Dbg_CM3_L.lib(net_ip6.o)
    0x200086bc   COMPRESSED   0x000000a4   Data   RW          532    .data.os            rtx_kernel.o
    0x20008760        -       0x000000ba   Zero   RW          189    .bss                http_server.o
    0x2000881a   COMPRESSED   0x00000006   PAD
    0x20008820        -       0x00000400   Zero   RW          190    .bss                http_server.o
    0x20008c20        -       0x00000038   Zero   RW          225    .bss                http_server_cgi.o
    0x20008c58        -       0x00000014   Zero   RW          281    .bss                leds_stm32f429zi.o
    0x20008c6c        -       0x0000026c   Zero   RW          312    .bss                lcd_stm32f429zi.o
    0x20008ed8        -       0x00000090   Zero   RW          345    .bss                adc_stm32f429zi.o
    0x20008f68        -       0x00000020   Zero   RW          371    .bss                rtc.o
    0x20008f88        -       0x0000000c   Zero   RW          931    .bss                phy_lan8742a.o
    0x20008f94        -       0x000024cc   Zero   RW          959    .bss                emac_stm32f4xx.o
    0x2000b460        -       0x00000010   Zero   RW          998    .bss                spi_stm32f4xx.o
    0x2000b470        -       0x0000001c   Zero   RW          999    .bss                spi_stm32f4xx.o
    0x2000b48c   COMPRESSED   0x00000004   PAD
    0x2000b490        -       0x00000400   Zero   RW         1551    .bss                net_config.o
    0x2000b890        -       0x00000400   Zero   RW         1552    .bss                net_config.o
    0x2000bc90        -       0x00002ee0   Zero   RW         1553    .bss                net_config.o
    0x2000eb70        -       0x000000c8   Zero   RW         1554    .bss                net_config.o
    0x2000ec38        -       0x00000028   Zero   RW         1555    .bss                net_config.o
    0x2000ec60        -       0x00000018   Zero   RW         1556    .bss                net_config.o
    0x2000ec78        -       0x00000028   Zero   RW         1557    .bss                net_config.o
    0x2000eca0        -       0x00000050   Zero   RW         1558    .bss                net_config.o
    0x2000ecf0        -       0x00000228   Zero   RW         1559    .bss                net_config.o
    0x2000ef18        -       0x00000150   Zero   RW         1560    .bss                net_config.o
    0x2000f068        -       0x000000a0   Zero   RW         1697    .bss                Net_Dbg_CM3_L.lib(net_eth.o)
    0x2000f108        -       0x00000018   Zero   RW         1757    .bss                Net_Dbg_CM3_L.lib(net_arp.o)
    0x2000f120        -       0x0000001c   Zero   RW         1912    .bss                Net_Dbg_CM3_L.lib(net_udp.o)
    0x2000f13c        -       0x00000028   Zero   RW         2085    .bss                Net_Dbg_CM3_L.lib(net_dhcp_client.o)
    0x2000f164        -       0x00000098   Zero   RW         2183    .bss                Net_Dbg_CM3_L.lib(net_http_server.o)
    0x2000f1fc        -       0x0000002c   Zero   RW         2255    .bss                Net_Dbg_CM3_L.lib(net_ping_core.o)
    0x2000f228        -       0x00000038   Zero   RW         2290    .bss                Net_Dbg_CM3_L.lib(net_sys.o)
    0x2000f260        -       0x00000024   Zero   RW         2291    .bss                Net_Dbg_CM3_L.lib(net_sys.o)
    0x2000f284        -       0x0000005c   Zero   RW         2348    .bss                Net_Dbg_CM3_L.lib(net_addr.o)
    0x2000f2e0        -       0x00000014   Zero   RW         2563    .bss                Net_Dbg_CM3_L.lib(net_mem.o)
    0x2000f2f4   COMPRESSED   0x00000004   PAD
    0x2000f2f8        -       0x00000400   Zero   RW         1511    STACK               startup_stm32f429xx.o


==============================================================================

Image component sizes


      Code (inc. data)   RO Data    RW Data    ZI Data      Debug   Object Name

       504         30          0          0        144       3384   adc_stm32f429zi.o
      2536        156        148          0       9420      47678   emac_stm32f4xx.o
      1452         40         24          0       1188      17480   eventrecorder.o
       412         84         36         20       1210       3072   http_server.o
      1620        242        218          8         56       4299   http_server_cgi.o
       148          8          0          0          0        656   irq_armv7m.o
      1068         70       2400         12        620       4776   lcd_stm32f429zi.o
       172         16          6          0         20       2121   leds_stm32f429zi.o
       296         30          0          4          0     812233   main.o
       348         26        820        254      15320      31783   net_config.o
       338          0          0          0          0        866   net_debug.o
       196         12          0          1          0       1992   os_systick.o
       428         10         36          0         12       6970   phy_lan8742a.o
       520         56          0          0         32       2557   rtc.o
         4          0          0          0          0        611   rtx_config.o
       260         14          0          0          0      21610   rtx_delay.o
      2392         88          0          0          0      45217   rtx_evr.o
      1740         96         11        164          0      28084   rtx_kernel.o
        24          0        268      34124          0       9883   rtx_lib.o
       292          0          0          0          0       3847   rtx_memory.o
      1984         48          0          0          0      15256   rtx_mempool.o
      2820         58          0          0          0      23780   rtx_msgqueue.o
      1368         30          0          0          0      10178   rtx_mutex.o
      1432         34          0          0          0      11984   rtx_semaphore.o
       668         18          0          0          0       8565   rtx_system.o
      4892        124          0          0          0      33717   rtx_thread.o
      1152         34          0          0          0      10285   rtx_timer.o
      3164         98        128          0         44      44963   spi_stm32f4xx.o
        36          8        428          0       1024        848   startup_stm32f429xx.o
       456         38          0         12          0      11471   stm32f4xx_hal.o
      2744         92          0          0          0       8855   stm32f4xx_hal_adc.o
      1828         42          0          0          0       6570   stm32f4xx_hal_adc_ex.o
       664         10          0          0          0      36162   stm32f4xx_hal_cortex.o
      1816         28          8          0          0       7669   stm32f4xx_hal_dma.o
       868         54          0          0          0       4023   stm32f4xx_hal_gpio.o
       376         20          0          0          0       3651   stm32f4xx_hal_pwr.o
      1892         70          0          0          0       6175   stm32f4xx_hal_rcc.o
      1508         80          0          0          0       4733   stm32f4xx_hal_rcc_ex.o
      2416         24          0          0          0       8737   stm32f4xx_hal_rtc.o
      2828         22          0          0          0      13729   stm32f4xx_hal_rtc_ex.o
      9170        166          0          0          0      37672   stm32f4xx_hal_tim.o
      2992         62          0          0          0      13696   stm32f4xx_hal_tim_ex.o
       152         24         24          4          0       1837   system_stm32f4xx.o
       120         10      27044          0          0       1776   web.o

    ----------------------------------------------------------------------
     62098       2172      31660      34606      29100    1375451   Object Totals
         0          0         48          0          0          0   (incl. Generated)
         2          0         13          3         10          0   (incl. Padding)

    ----------------------------------------------------------------------

      Code (inc. data)   RO Data    RW Data    ZI Data      Debug   Library Member Name

      1414         18         22          0         92       1556   net_addr.o
      2892        144          0          0         24       1616   net_arp.o
       600         10         16          0          0       1272   net_common.o
      3768        164          0          2         40        956   net_dhcp_client.o
      3664        138          0          0        160       1600   net_eth.o
      6834       1268        250         12        152       2852   net_http_server.o
         0          0        539          0          0          0   net_http_server_err.o
       640         48          0          1          0        236   net_icmp.o
       812         60          0          0          0        332   net_icmp6.o
       972         46          8          4          0        680   net_igmp.o
      1188         82          4          8          0        956   net_ip4.o
       690         30          0          4          0        476   net_ip4_frag.o
       848         72         32          4          0        644   net_ip6.o
       348         28         56          4          0        256   net_loopback.o
       592         64          0          0         20        564   net_mem.o
       520         44          8          1          0        188   net_nbns_client.o
      3058        106          0          0          0       1404   net_ndp.o
       188         32         18          0         44        220   net_ping_core.o
       834         84          0          0         92       1012   net_sys.o
      6566        282          0          4          0       2728   net_tcp.o
      1350         76          0          2         28        688   net_udp.o
         0          0          4          0          0          0   net_version.o
        86          0          0          0          0          0   __dczerorl2.o
         0          0          0          0          0          0   entry.o
         0          0          0          0          0          0   entry10a.o
         0          0          0          0          0          0   entry11a.o
         4          0          0          0          0          0   entry12b.o
         8          4          0          0          0          0   entry2.o
         4          0          0          0          0          0   entry5.o
         0          0          0          0          0          0   entry7b.o
         0          0          0          0          0          0   entry8b.o
         8          4          0          0          0          0   entry9a.o
        30          0          0          0          0          0   handlers.o
        36          8          0          0          0         68   init.o
         0          0          0          0          0          0   iusefp.o
        30          0          0          0          0         68   llshl.o
        36          0          0          0          0         68   llsshr.o
        32          0          0          0          0         68   llushr.o
        26          0          0          0          0         80   memcmp.o
        36          0          0          0          0         68   memcpya.o
        36          0          0          0          0        108   memseta.o
      2236         86          0          0          0        532   printfa.o
        28          0          0          0          0         76   strcmp.o
        18          0          0          0          0         68   strcpy.o
        14          0          0          0          0         68   strlen.o
        30          0          0          0          0         80   strncmp.o
        44          0          0          0          0         80   uidiv.o
        98          0          0          0          0         92   uldiv.o
        48          0          0          0          0         68   cdrcmple.o
       334          0          0          0          0        148   dadd.o
       222          0          0          0          0        100   ddiv.o
       186          0          0          0          0        176   depilogue.o
        48          0          0          0          0         68   dfixul.o
       228          0          0          0          0         96   dmul.o
        46          0          0          0          0         80   dscalb.o
        38          0          0          0          0         68   f2d.o
       110          0          0          0          0        168   fepilogue.o
        10          0          0          0          0         68   ffltui.o
       100          0          0          0          0         76   fmul.o

    ----------------------------------------------------------------------
     42026       2898        960         50        656      22876   Library Totals
        38          0          3          4          4          0   (incl. Padding)

    ----------------------------------------------------------------------

      Code (inc. data)   RO Data    RW Data    ZI Data      Debug   Library Name

     37778       2796        957         46        652      20236   Net_Dbg_CM3_L.lib
      2840        102          0          0          0       1524   mc_w.l
      1370          0          0          0          0       1116   mf_w.l

    ----------------------------------------------------------------------
     42026       2898        960         50        656      22876   Library Totals

    ----------------------------------------------------------------------

==============================================================================


      Code (inc. data)   RO Data    RW Data    ZI Data      Debug   

    104124       5070      32620      34656      29756    1379943   Grand Totals
    104124       5070      32620        296      29756    1379943   ELF Image Totals (compressed)
    104124       5070      32620        296          0          0   ROM Totals

==============================================================================

    Total RO  Size (Code + RO Data)               136744 ( 133.54kB)
    Total RW  Size (RW Data + ZI Data)             64412 (  62.90kB)
    Total ROM Size (Code + RO Data + RW Data)     137040 ( 133.83kB)

==============================================================================

