Component: ARM Compiler 5.06 update 7 (build 960) Tool: armlink [4d3601]

==============================================================================

Section Cross References

    main.o(.text) refers to rtx_kernel.o(.text) for osKernelGetState
    main.o(.text) refers to stm32f4xx_hal_rcc.o(.text) for HAL_RCC_OscConfig
    main.o(.text) refers to stm32f4xx_hal.o(.text) for HAL_GetREVID
    main.o(.text) refers to system_stm32f4xx.o(.text) for SystemCoreClockUpdate
    main.o(.text) refers to leds_stm32f429zi.o(.text) for LED_Initialize
    main.o(.text) refers to adc_stm32f429zi.o(.text) for ADC1_Initialize
    main.o(.text) refers to lcd_stm32f429zi.o(.text) for LCD_Initialize
    main.o(.text) refers to rtc.o(.text) for RTC_Initialize
    main.o(.text) refers to rtx_thread.o(.text) for osThreadNew
    main.o(.text) refers to system_stm32f4xx.o(.data) for SystemCoreClock
    main.o(.text) refers to main.o(.data) for .data
    main.o(.text) refers to http_server.o(.constdata) for app_main_attr
    main.o(.text) refers to http_server.o(.text) for app_main
    http_server.o(.text) refers to adc_stm32f429zi.o(.text) for ADC1_StartConversion
    http_server.o(.text) refers to rtx_thread.o(.text) for osThreadFlagsSet
    http_server.o(.text) refers to lcd_stm32f429zi.o(.text) for LCD_Clean
    http_server.o(.text) refers to rtx_delay.o(.text) for osDelay
    http_server.o(.text) refers to rtc.o(.text) for RTC_CalendarShow
    http_server.o(.text) refers to leds_stm32f429zi.o(.text) for LED_SetOut
    http_server.o(.text) refers to net_sys.o(i.netInitialize) for netInitialize
    http_server.o(.text) refers to http_server.o(.data) for .data
    http_server.o(.text) refers to http_server.o(.bss) for .bss
    http_server.o(.constdata) refers to http_server.o(.bss) for app_main_stk
    http_server_cgi.o(.text) refers to net_http_server.o(i.netCGI_GetEnvVar) for netCGI_GetEnvVar
    http_server_cgi.o(.text) refers to net_addr.o(i.netIP_aton) for netIP_aton
    http_server_cgi.o(.text) refers to net_sys.o(i.netIF_SetOption) for netIF_SetOption
    http_server_cgi.o(.text) refers to strcmp.o(.text) for strcmp
    http_server_cgi.o(.text) refers to strncmp.o(.text) for strncmp
    http_server_cgi.o(.text) refers to leds_stm32f429zi.o(.text) for LED_SetOut
    http_server_cgi.o(.text) refers to net_http_server.o(i.netHTTPs_LoginActive) for netHTTPs_LoginActive
    http_server_cgi.o(.text) refers to strcpy.o(.text) for strcpy
    http_server_cgi.o(.text) refers to net_http_server.o(i.netHTTPs_SetPassword) for netHTTPs_SetPassword
    http_server_cgi.o(.text) refers to rtx_thread.o(.text) for osThreadFlagsSet
    http_server_cgi.o(.text) refers to net_sys.o(i.netIF_GetOption) for netIF_GetOption
    http_server_cgi.o(.text) refers to net_addr.o(i.netIP_ntoa) for netIP_ntoa
    http_server_cgi.o(.text) refers to printf8.o(i.__0sprintf$8) for __2sprintf
    http_server_cgi.o(.text) refers to net_tcp.o(i.netTCP_GetState) for netTCP_GetState
    http_server_cgi.o(.text) refers to net_tcp.o(i.netTCP_GetPeer) for netTCP_GetPeer
    http_server_cgi.o(.text) refers to net_tcp.o(i.netTCP_GetTimer) for netTCP_GetTimer
    http_server_cgi.o(.text) refers to net_tcp.o(i.netTCP_GetLocalPort) for netTCP_GetLocalPort
    http_server_cgi.o(.text) refers to net_http_server.o(i.netHTTPs_GetPassword) for netHTTPs_GetPassword
    http_server_cgi.o(.text) refers to net_http_server.o(i.netHTTPs_GetLanguage) for netHTTPs_GetLanguage
    http_server_cgi.o(.text) refers to http_server_cgi.o(.bss) for .bss
    http_server_cgi.o(.text) refers to http_server_cgi.o(.data) for .data
    http_server_cgi.o(.text) refers to http_server.o(.data) for LEDrun
    http_server_cgi.o(.text) refers to http_server.o(.bss) for lcd_text
    http_server_cgi.o(.text) refers to http_server_cgi.o(.conststring) for .conststring
    http_server_cgi.o(.text) refers to http_server.o(.text) for AD_in
    web.o(.text) refers to web.o(.constdata) for .constdata
    web.o(.constdata) refers to web.o(.constdata) for imageFileData
    leds_stm32f429zi.o(.text) refers to stm32f4xx_hal_gpio.o(.text) for HAL_GPIO_Init
    leds_stm32f429zi.o(.text) refers to leds_stm32f429zi.o(.bss) for .bss
    leds_stm32f429zi.o(.text) refers to leds_stm32f429zi.o(.constdata) for .constdata
    lcd_stm32f429zi.o(.text) refers to stm32f4xx_hal_tim.o(.text) for HAL_TIM_Base_Init
    lcd_stm32f429zi.o(.text) refers to stm32f4xx_hal_gpio.o(.text) for HAL_GPIO_WritePin
    lcd_stm32f429zi.o(.text) refers to strlen.o(.text) for strlen
    lcd_stm32f429zi.o(.text) refers to memseta.o(.text) for __aeabi_memclr4
    lcd_stm32f429zi.o(.text) refers to printf8.o(i.__0sprintf$8) for __2sprintf
    lcd_stm32f429zi.o(.text) refers to lcd_stm32f429zi.o(.bss) for .bss
    lcd_stm32f429zi.o(.text) refers to lcd_stm32f429zi.o(.data) for .data
    lcd_stm32f429zi.o(.text) refers to lcd_stm32f429zi.o(.constdata) for .constdata
    lcd_stm32f429zi.o(.data) refers to spi_stm32f4xx.o(.constdata) for Driver_SPI1
[...]
    netHTTPs_fopen                           0x0800f0e9   Thumb Code     4  net_config.o(.text)
    netHTTPs_fclose                          0x0800f0ed   Thumb Code     2  net_config.o(.text)
    netHTTPs_fread                           0x0800f0ef   Thumb Code     4  net_config.o(.text)
    netHTTPs_fgets                           0x0800f0f3   Thumb Code     4  net_config.o(.text)
    netHTTPs_fstat                           0x0800f0f7   Thumb Code     2  net_config.o(.text)
    net_sys_error                            0x0800f0f9   Thumb Code     2  net_config.o(.text)
    net_evr_init                             0x0800f115   Thumb Code   336  net_debug.o(.text)
    net_debug_init                           0x0800f265   Thumb Code     2  net_debug.o(.text)
    __aeabi_uldivmod                         0x0800f267   Thumb Code    98  uldiv.o(.text)
    __aeabi_memcpy                           0x0800f2c9   Thumb Code    36  memcpya.o(.text)
    __aeabi_memcpy4                          0x0800f2c9   Thumb Code     0  memcpya.o(.text)
    __aeabi_memcpy8                          0x0800f2c9   Thumb Code     0  memcpya.o(.text)
    __aeabi_memset                           0x0800f2ed   Thumb Code    14  memseta.o(.text)
    __aeabi_memset4                          0x0800f2ed   Thumb Code     0  memseta.o(.text)
    __aeabi_memset8                          0x0800f2ed   Thumb Code     0  memseta.o(.text)
    __aeabi_memclr                           0x0800f2fb   Thumb Code     4  memseta.o(.text)
    __aeabi_memclr4                          0x0800f2fb   Thumb Code     0  memseta.o(.text)
    __aeabi_memclr8                          0x0800f2fb   Thumb Code     0  memseta.o(.text)
    _memset$wrapper                          0x0800f2ff   Thumb Code    18  memseta.o(.text)
    strlen                                   0x0800f311   Thumb Code    14  strlen.o(.text)
    strcmp                                   0x0800f31f   Thumb Code    28  strcmp.o(.text)
    memcmp                                   0x0800f33b   Thumb Code    26  memcmp.o(.text)
    strcpy                                   0x0800f355   Thumb Code    18  strcpy.o(.text)
    strncmp                                  0x0800f367   Thumb Code    30  strncmp.o(.text)
    __aeabi_llsl                             0x0800f385   Thumb Code    30  llshl.o(.text)
    _ll_shift_l                              0x0800f385   Thumb Code     0  llshl.o(.text)
    __aeabi_llsr                             0x0800f3a3   Thumb Code    32  llushr.o(.text)
    _ll_ushift_r                             0x0800f3a3   Thumb Code     0  llushr.o(.text)
    __scatterload                            0x0800f3c5   Thumb Code    28  init.o(.text)
    __scatterload_rt2                        0x0800f3c5   Thumb Code     0  init.o(.text)
    __decompress                             0x0800f3e9   Thumb Code     0  __dczerorl2.o(.text)
    __decompress1                            0x0800f3e9   Thumb Code    86  __dczerorl2.o(.text)
    __0sprintf$8                             0x0800f441   Thumb Code    34  printf8.o(i.__0sprintf$8)
    __1sprintf$8                             0x0800f441   Thumb Code     0  printf8.o(i.__0sprintf$8)
    __2sprintf                               0x0800f441   Thumb Code     0  printf8.o(i.__0sprintf$8)
    __scatterload_copy                       0x0800f469   Thumb Code    14  handlers.o(i.__scatterload_copy)
    __scatterload_null                       0x0800f477   Thumb Code     2  handlers.o(i.__scatterload_null)
    __scatterload_zeroinit                   0x0800f479   Thumb Code    14  handlers.o(i.__scatterload_zeroinit)
    netCGI_Charset                           0x080131a1   Thumb Code     4  net_http_server.o(i.netCGI_Charset)
    netCGI_ContentType                       0x080131a5   Thumb Code     4  net_http_server.o(i.netCGI_ContentType)
    netCGI_CustomHeader                      0x080131a9   Thumb Code     4  net_http_server.o(i.netCGI_CustomHeader)
    netCGI_GetEnvVar                         0x080131ad   Thumb Code   104  net_http_server.o(i.netCGI_GetEnvVar)
    netCGI_Redirect                          0x08013219   Thumb Code     4  net_http_server.o(i.netCGI_Redirect)
    netCGX_ContentType                       0x0801321d   Thumb Code     4  net_http_server.o(i.netCGX_ContentType)
    netCore_Thread                           0x08013221   Thumb Code    90  net_sys.o(i.netCore_Thread)
    netETH_Notify                            0x08013285   Thumb Code     2  net_eth.o(i.netETH_Notify)
    netETH_ReceiveRaw                        0x08013287   Thumb Code     2  net_eth.o(i.netETH_ReceiveRaw)
    netETH_Thread                            0x08013289   Thumb Code   114  net_eth.o(i.netETH_Thread)
    netHTTPs_AcceptClient                    0x080132fb   Thumb Code     4  net_http_server.o(i.netHTTPs_AcceptClient)
    netHTTPs_FileAccess                      0x080132ff   Thumb Code     4  net_http_server.o(i.netHTTPs_FileAccess)
    netHTTPs_GetLanguage                     0x08013305   Thumb Code    24  net_http_server.o(i.netHTTPs_GetLanguage)
    netHTTPs_GetPassword                     0x08013325   Thumb Code     6  net_http_server.o(i.netHTTPs_GetPassword)
    netHTTPs_LoginActive                     0x08013331   Thumb Code     6  net_http_server.o(i.netHTTPs_LoginActive)
    netHTTPs_SetPassword                     0x0801333d   Thumb Code    78  net_http_server.o(i.netHTTPs_SetPassword)
    netIF_GetOption                          0x08013395   Thumb Code   128  net_sys.o(i.netIF_GetOption)
    netIF_SetOption                          0x0801341d   Thumb Code   124  net_sys.o(i.netIF_SetOption)
    netIP_aton                               0x080134a1   Thumb Code    26  net_addr.o(i.netIP_aton)
    netIP_ntoa                               0x080134bb   Thumb Code    50  net_addr.o(i.netIP_ntoa)
    netInitialize                            0x080134ed   Thumb Code   156  net_sys.o(i.netInitialize)
    netMAC_aton                              0x08013599   Thumb Code   140  net_addr.o(i.netMAC_aton)
    netTCP_GetLocalPort                      0x08013625   Thumb Code     4  net_tcp.o(i.netTCP_GetLocalPort)
    netTCP_GetPeer                           0x08013629   Thumb Code    32  net_tcp.o(i.netTCP_GetPeer)
    netTCP_GetState                          0x08013649   Thumb Code     4  net_tcp.o(i.netTCP_GetState)
    netTCP_GetTimer                          0x0801364d   Thumb Code     4  net_tcp.o(i.netTCP_GetTimer)
    net_addr4_aton                           0x08013651   Thumb Code   124  net_addr.o(i.net_addr4_aton)
    net_addr4_to_mac                         0x080136cd   Thumb Code    30  net_addr.o(i.net_addr4_to_mac)
    net_addr6_aton                           0x080136ed   Thumb Code   230  net_addr.o(i.net_addr6_aton)
    net_addr6_comp                           0x080137d3   Thumb Code    40  net_addr.o(i.net_addr6_comp)
    net_addr6_copy                           0x080137fb   Thumb Code    18  net_addr.o(i.net_addr6_copy)
    net_addr6_create                         0x0801380d   Thumb Code    70  net_addr.o(i.net_addr6_create)
    net_addr6_get_solicited                  0x08013859   Thumb Code    34  net_addr.o(i.net_addr6_get_solicited)
    net_addr6_is_linklocal                   0x08013881   Thumb Code    24  net_addr.o(i.net_addr6_is_linklocal)
    net_addr6_is_onlink                      0x08013899   Thumb Code   110  net_addr.o(i.net_addr6_is_onlink)
    net_addr6_is_solicited                   0x08013907   Thumb Code    72  net_addr.o(i.net_addr6_is_solicited)
    net_addr6_is_unspec                      0x0801394f   Thumb Code    24  net_addr.o(i.net_addr6_is_unspec)
    net_addr6_to_mac                         0x08013967   Thumb Code    14  net_addr.o(i.net_addr6_to_mac)
    net_addr_copy                            0x08013975   Thumb Code    38  net_addr.o(i.net_addr_copy)
    net_addr_find_route                      0x0801399b   Thumb Code    26  net_addr.o(i.net_addr_find_route)
    net_addr_get_local                       0x080139b5   Thumb Code    26  net_addr.o(i.net_addr_get_local)
    net_addr_is_unspec                       0x080139d5   Thumb Code    34  net_addr.o(i.net_addr_is_unspec)
    net_arp_cache_add                        0x080139f9   Thumb Code   276  net_arp.o(i.net_arp_cache_add)
    net_arp_cache_early                      0x08013b15   Thumb Code   180  net_arp.o(i.net_arp_cache_early)
    net_arp_cache_find                       0x08013bd1   Thumb Code   224  net_arp.o(i.net_arp_cache_find)
    net_arp_cache_init                       0x08013cbd   Thumb Code    64  net_arp.o(i.net_arp_cache_init)
    net_arp_cache_run                        0x08013d05   Thumb Code    22  net_arp.o(i.net_arp_cache_run)
    net_arp_enqueue                          0x08013d21   Thumb Code   114  net_arp.o(i.net_arp_enqueue)
    net_arp_notify                           0x08013d99   Thumb Code    32  net_arp.o(i.net_arp_notify)
    net_arp_probe                            0x08013db9   Thumb Code    18  net_arp.o(i.net_arp_probe)
    net_arp_process                          0x08013dcd   Thumb Code   536  net_arp.o(i.net_arp_process)
    net_atoi                                 0x08013ff1   Thumb Code    66  net_common.o(i.net_atoi)
    net_chksum_buf                           0x08014033   Thumb Code    48  net_common.o(i.net_chksum_buf)
    net_crc_buf                              0x08014063   Thumb Code    30  net_common.o(i.net_crc_buf)
    net_dhcp_client_init                     0x08014081   Thumb Code   126  net_dhcp_client.o(i.net_dhcp_client_init)
    net_dhcp_client_run                      0x08014115   Thumb Code    22  net_dhcp_client.o(i.net_dhcp_client_run)
    net_eth_callback                         0x08014131   Thumb Code    14  net_eth.o(i.net_eth_callback)
    net_eth_config_mcast                     0x0801413f   Thumb Code   104  net_eth.o(i.net_eth_config_mcast)
    net_eth_get_option                       0x080141a7   Thumb Code   234  net_eth.o(i.net_eth_get_option)
    net_eth_iface_init                       0x08014291   Thumb Code    22  net_eth.o(i.net_eth_iface_init)
    net_eth_iface_run                        0x080142ad   Thumb Code    22  net_eth.o(i.net_eth_iface_run)
    net_eth_output                           0x080142c9   Thumb Code   164  net_eth.o(i.net_eth_output)
    net_eth_send_frame                       0x08014371   Thumb Code   462  net_eth.o(i.net_eth_send_frame)
    net_eth_set_option                       0x08014551   Thumb Code   610  net_eth.o(i.net_eth_set_option)
    net_http_server_init                     0x080147c1   Thumb Code   212  net_http_server.o(i.net_http_server_init)
    net_http_server_run                      0x080148a9   Thumb Code    30  net_http_server.o(i.net_http_server_run)
    net_icmp6_init                           0x080148d1   Thumb Code    20  net_icmp6.o(i.net_icmp6_init)
    net_icmp6_process                        0x080148e9   Thumb Code   542  net_icmp6.o(i.net_icmp6_process)
    net_icmp6_send                           0x08014b21   Thumb Code   122  net_icmp6.o(i.net_icmp6_send)
    net_icmp6_send_echo                      0x08014ba5   Thumb Code    78  net_icmp6.o(i.net_icmp6_send_echo)
    net_icmp_init                            0x08014bfd   Thumb Code    20  net_icmp.o(i.net_icmp_init)
    net_icmp_process                         0x08014c15   Thumb Code   430  net_icmp.o(i.net_icmp_process)
    net_icmp_send_echo                       0x08014ddd   Thumb Code   142  net_icmp.o(i.net_icmp_send_echo)
    net_if_map_all                           0x08014e7d   Thumb Code     6  net_sys.o(i.net_if_map_all)
    net_igmp_collect_mcast                   0x08014e89   Thumb Code   104  net_igmp.o(i.net_igmp_collect_mcast)
    net_igmp_host_init                       0x08014ef5   Thumb Code    68  net_igmp.o(i.net_igmp_host_init)
    net_igmp_host_run                        0x08014f3d   Thumb Code    22  net_igmp.o(i.net_igmp_host_run)
    net_igmp_is_member                       0x08014f59   Thumb Code    28  net_igmp.o(i.net_igmp_is_member)
    net_igmp_process                         0x08014f79   Thumb Code   414  net_igmp.o(i.net_igmp_process)
    net_ip4_chk_frame                        0x08015125   Thumb Code   372  net_ip4.o(i.net_ip4_chk_frame)
    net_ip4_chksum                           0x080152b1   Thumb Code    44  net_ip4.o(i.net_ip4_chksum)
    net_ip4_chksum_buf                       0x080152dd   Thumb Code     6  net_ip4.o(i.net_ip4_chksum_buf)
    net_ip4_find_route                       0x080152e5   Thumb Code   104  net_ip4.o(i.net_ip4_find_route)
    net_ip4_frag_add                         0x08015365   Thumb Code   284  net_ip4_frag.o(i.net_ip4_frag_add)
    net_ip4_frag_get                         0x08015489   Thumb Code   168  net_ip4_frag.o(i.net_ip4_frag_get)
    net_ip4_frag_init                        0x08015535   Thumb Code    12  net_ip4_frag.o(i.net_ip4_frag_init)
    net_ip4_frag_run                         0x08015545   Thumb Code    50  net_ip4_frag.o(i.net_ip4_frag_run)
    net_ip4_get_local                        0x08015581   Thumb Code    40  net_ip4.o(i.net_ip4_get_local)
    net_ip4_init                             0x080155ad   Thumb Code    22  net_ip4.o(i.net_ip4_init)
    net_ip4_is_onlink                        0x080155d1   Thumb Code    32  net_ip4.o(i.net_ip4_is_onlink)
    net_ip4_is_subcast                       0x080155f1   Thumb Code    38  net_ip4.o(i.net_ip4_is_subcast)
    net_ip4_reass_frame                      0x08015617   Thumb Code    14  net_ip4.o(i.net_ip4_reass_frame)
    net_ip4_send_frame                       0x08015625   Thumb Code   340  net_ip4.o(i.net_ip4_send_frame)
    net_ip4_tx_offl_hl                       0x08015789   Thumb Code    42  net_ip4.o(i.net_ip4_tx_offl_hl)
    net_ip6_chk_frame                        0x080157b5   Thumb Code   236  net_ip6.o(i.net_ip6_chk_frame)
    net_ip6_chksum                           0x080158b5   Thumb Code    50  net_ip6.o(i.net_ip6_chksum)
    net_ip6_collect_mcast                    0x080158e9   Thumb Code   118  net_ip6.o(i.net_ip6_collect_mcast)
    net_ip6_find_route                       0x08015965   Thumb Code    56  net_ip6.o(i.net_ip6_find_route)
    net_ip6_get_local                        0x080159ad   Thumb Code    74  net_ip6.o(i.net_ip6_get_local)
    net_ip6_init                             0x08015a01   Thumb Code    20  net_ip6.o(i.net_ip6_init)
    net_ip6_send_frame                       0x08015a1d   Thumb Code   192  net_ip6.o(i.net_ip6_send_frame)
    net_ip6_tx_offl_hl                       0x08015ae9   Thumb Code    30  net_ip6.o(i.net_ip6_tx_offl_hl)
    net_itoa                                 0x08015b07   Thumb Code     8  net_common.o(i.net_itoa)
    net_itoa_n0                              0x08015b0f   Thumb Code     6  net_common.o(i.net_itoa_n0)
    net_loop_iface_init                      0x08015b15   Thumb Code    40  net_loopback.o(i.net_loop_iface_init)
    net_loop_iface_run                       0x08015b45   Thumb Code   176  net_loopback.o(i.net_loop_iface_run)
    net_loop_send_frame                      0x08015c01   Thumb Code   104  net_loopback.o(i.net_loop_send_frame)
    net_mem_alloc                            0x08015c71   Thumb Code   178  net_mem.o(i.net_mem_alloc)
    net_mem_avail                            0x08015d31   Thumb Code    22  net_mem.o(i.net_mem_avail)
    net_mem_free                             0x08015d4d   Thumb Code   152  net_mem.o(i.net_mem_free)
    net_mem_init                             0x08015df1   Thumb Code    98  net_mem.o(i.net_mem_init)
    net_mem_shrink                           0x08015e61   Thumb Code    62  net_mem.o(i.net_mem_shrink)
    net_nbns_client_init                     0x08015ea9   Thumb Code    82  net_nbns_client.o(i.net_nbns_client_init)
    net_ndp_cache_find                       0x08015f0d   Thumb Code   438  net_ndp.o(i.net_ndp_cache_find)
    net_ndp_cache_refresh                    0x080160d1   Thumb Code   112  net_ndp.o(i.net_ndp_cache_refresh)
    net_ndp_enqueue                          0x08016149   Thumb Code   108  net_ndp.o(i.net_ndp_enqueue)
    net_ndp_process                          0x080161b9   Thumb Code   872  net_ndp.o(i.net_ndp_process)
    net_path                                 0x0801652d   Thumb Code    52  net_sys.o(i.net_path)
    net_ping_client_init                     0x08016565   Thumb Code    22  net_ping_core.o(i.net_ping_client_init)
    net_ping_client_run                      0x08016585   Thumb Code   110  net_ping_core.o(i.net_ping_client_run)
    net_rand32                               0x08016605   Thumb Code    18  net_sys.o(i.net_rand32)
    net_strcasecmp                           0x08016621   Thumb Code    46  net_common.o(i.net_strcasecmp)
    net_strcmp                               0x0801664f   Thumb Code    26  net_common.o(i.net_strcmp)
    net_strcpy                               0x08016669   Thumb Code    18  net_common.o(i.net_strcpy)
    net_strnchr                              0x0801667b   Thumb Code    28  net_common.o(i.net_strnchr)
    net_strncpy                              0x08016697   Thumb Code    26  net_common.o(i.net_strncpy)
    net_strtoupper                           0x080166b1   Thumb Code    32  net_common.o(i.net_strtoupper)
    net_sys_lock                             0x080166d1   Thumb Code     8  net_sys.o(i.net_sys_lock)
    net_sys_resume                           0x080166dd   Thumb Code    22  net_sys.o(i.net_sys_resume)
    net_sys_tick                             0x080166f5   Thumb Code    16  net_sys.o(i.net_sys_tick)
    net_sys_unlock                           0x08016709   Thumb Code     8  net_sys.o(i.net_sys_unlock)
    net_sys_wakeup                           0x08016715   Thumb Code    26  net_sys.o(i.net_sys_wakeup)
    net_tcp_abort                            0x08016735   Thumb Code   122  net_tcp.o(i.net_tcp_abort)
    net_tcp_close                            0x080167b9   Thumb Code   218  net_tcp.o(i.net_tcp_close)
    net_tcp_get_buf                          0x0801689d   Thumb Code    46  net_tcp.o(i.net_tcp_get_buf)
    net_tcp_get_local_port                   0x080168cd   Thumb Code    48  net_tcp.o(i.net_tcp_get_local_port)
    net_tcp_get_mss                          0x08016901   Thumb Code    34  net_tcp.o(i.net_tcp_get_mss)
    net_tcp_get_peer                         0x08016929   Thumb Code    80  net_tcp.o(i.net_tcp_get_peer)
    net_tcp_get_socket                       0x0801697d   Thumb Code   104  net_tcp.o(i.net_tcp_get_socket)
    net_tcp_get_state                        0x080169ed   Thumb Code    40  net_tcp.o(i.net_tcp_get_state)
    net_tcp_get_timer                        0x08016a19   Thumb Code    48  net_tcp.o(i.net_tcp_get_timer)
    net_tcp_listen                           0x08016a4d   Thumb Code   168  net_tcp.o(i.net_tcp_listen)
    net_tcp_process                          0x08016afd   Thumb Code  1956  net_tcp.o(i.net_tcp_process)
    net_tcp_send                             0x080172a5   Thumb Code   336  net_tcp.o(i.net_tcp_send)
    net_tcp_set_option                       0x08017401   Thumb Code   288  net_tcp.o(i.net_tcp_set_option)
    net_tcp_socket_init                      0x0801752d   Thumb Code    30  net_tcp.o(i.net_tcp_socket_init)
    net_tcp_socket_run                       0x08017555   Thumb Code   938  net_tcp.o(i.net_tcp_socket_run)
    net_udp_enable_lla                       0x08017915   Thumb Code    34  net_udp.o(i.net_udp_enable_lla)
    net_udp_get_buf                          0x0801793d   Thumb Code    46  net_udp.o(i.net_udp_get_buf)
    net_udp_get_socket                       0x0801796d   Thumb Code   102  net_udp.o(i.net_udp_get_socket)
    net_udp_open                             0x080179dd   Thumb Code   160  net_udp.o(i.net_udp_open)
    net_udp_process                          0x08017a89   Thumb Code   322  net_udp.o(i.net_udp_process)
    net_udp_send_if                          0x08017be1   Thumb Code   540  net_udp.o(i.net_udp_send_if)
    net_udp_socket_init                      0x08017e0d   Thumb Code    30  net_udp.o(i.net_udp_socket_init)
    net_ultoa                                0x08017e31   Thumb Code     8  net_common.o(i.net_ultoa)
    net_ultox                                0x08017e39   Thumb Code    44  net_common.o(i.net_ultox)
    net_xtoul                                0x08017e69   Thumb Code    76  net_common.o(i.net_xtoul)
    app_main_attr                            0x08018c9c   Data          36  http_server.o(.constdata)
    imageLastModified                        0x08018cc0   Data           4  web.o(.constdata)
    LEDS_PIN                                 0x0801f158   Data           6  leds_stm32f429zi.o(.constdata)
    Arial12x12                               0x0801f15e   Data        2400  lcd_stm32f429zi.o(.constdata)
    osRtxUserSVC                             0x0801fb20   Data           4  rtx_lib.o(.constdata)
    Driver_ETH_PHY0                          0x0801fb28   Data          32  phy_lan8742a.o(.constdata)
    Driver_ETH_MAC0                          0x0801fb98   Data          68  emac_stm32f4xx.o(.constdata)
    Driver_SPI1                              0x0801fc30   Data          44  spi_stm32f4xx.o(.constdata)
    EventRecorderInfo                        0x0801fc5c   Data          24  eventrecorder.o(.constdata)
    AHBPrescTable                            0x0801fc7c   Data          16  system_stm32f4xx.o(.constdata)
    APBPrescTable                            0x0801fc8c   Data           8  system_stm32f4xx.o(.constdata)
    net_sys_config                           0x0801fd3c   Data          28  net_config.o(.constdata)
    net_eth0_if_config                       0x0801fdc0   Data          44  net_config.o(.constdata)
    net_eth_list                             0x0801fdec   Data           8  net_config.o(.constdata)
    net_if_list_lan                          0x0801fdf4   Data           8  net_config.o(.constdata)
    net_if_list_all                          0x0801fdfc   Data           8  net_config.o(.constdata)
    net_if_inet_def                          0x0801fe04   Data           8  net_config.o(.constdata)
    net_if_link_def                          0x0801fe0c   Data           8  net_config.o(.constdata)
    net_arp_list                             0x0801fe14   Data           8  net_config.o(.constdata)
    net_icmp_list                            0x0801fe1c   Data           8  net_config.o(.constdata)
    net_igmp_list                            0x0801fe24   Data           8  net_config.o(.constdata)
    net_dhcp_list                            0x0801fe2c   Data           8  net_config.o(.constdata)
    net_icmp6_list                           0x0801fe34   Data           4  net_config.o(.constdata)
    net_ip4_frag_config                      0x0801fe38   Data           8  net_config.o(.constdata)
    net_udp_config                           0x0801fe40   Data          12  net_config.o(.constdata)
    net_tcp_config                           0x0801fe4c   Data          24  net_config.o(.constdata)
    net_http_config                          0x0801fe64   Data          52  net_config.o(.constdata)
    netif_getopt_func                        0x0801fef0   Data          16  net_config.o(.constdata)
    netif_setopt_func                        0x0801ff00   Data          16  net_config.o(.constdata)
    net_loop_if_config                       0x0801ff18   Data          44  net_loopback.o(.constdata)
    net_ping_payload                         0x08020052   Data          18  net_ping_core.o(.constdata)
    net_addr_unspec                          0x08020064   Data          16  net_addr.o(.constdata)
    net_addr_bcast                           0x08020074   Data           6  net_addr.o(.constdata)
    net_addr4_loopback                       0x0802007a   Data           4  net_ip4.o(.constdata)
    net_addr6_all_nodes                      0x0802007e   Data          16  net_ip6.o(.constdata)
    net_addr6_loopback                       0x0802008e   Data          16  net_ip6.o(.constdata)
    net_http_error                           0x080200a0   Data          24  net_http_server_err.o(.constdata)
    net_lib_version                          0x080200c8   Data           4  net_version.o(.constdata)
    network_ip4ip6_debug_v7.15.0             0x080200c8   Data           4  net_version.o(.constdata)
    osRtxConfig                              0x08020478   Data         112  rtx_lib.o(.rodata)
    os_cb_sections                           0x080204e8   Data          56  rtx_lib.o(.rodata)
    Region$$Table$$Base                      0x08020520   Number         0  anon$$obj.o(Region$$Table)
    Region$$Table$$Limit                     0x08020550   Number         0  anon$$obj.o(Region$$Table)
    .bss.os.msgqueue.cb$$Base                0x20008044   Number         0  rtx_lib.o(.bss.os.msgqueue.cb)
    .bss.os.msgqueue.cb$$Limit               0x20008078   Number         0  rtx_lib.o(.bss.os.msgqueue.cb)
    .bss.os.mutex.cb$$Base                   0x200080c8   Number         0  net_config.o(.bss.os.mutex.cb)
    .bss.os.mutex.cb$$Limit                  0x20008100   Number         0  net_config.o(.bss.os.mutex.cb)
    .bss.os.semaphore.cb$$Base               0x20008100   Number         0  net_config.o(.bss.os.semaphore.cb)
    .bss.os.semaphore.cb$$Limit              0x20008110   Number         0  net_config.o(.bss.os.semaphore.cb)
    .bss.os.thread.cb$$Base                  0x20008110   Number         0  rtx_lib.o(.bss.os.thread.cb)
    .bss.os.thread.cb$$Limit                 0x20008220   Number         0  net_config.o(.bss.os.thread.cb)
    .bss.os.timer.cb$$Base                   0x20008620   Number         0  net_config.o(.bss.os.timer.cb)
    .bss.os.timer.cb$$Limit                  0x20008640   Number         0  net_config.o(.bss.os.timer.cb)
    LEDrun                                   0x20008644   Data           1  http_server.o(.data)
    TID_Display                              0x20008648   Data           4  http_server.o(.data)
    TID_Led                                  0x2000864c   Data           4  http_server.o(.data)
    SPIdrv                                   0x20008658   Data           4  lcd_stm32f429zi.o(.data)
    positionL1                               0x2000865c   Data           4  lcd_stm32f429zi.o(.data)
    positionL2                               0x20008660   Data           4  lcd_stm32f429zi.o(.data)
    uwTickFreq                               0x20008668   Data           1  stm32f4xx_hal.o(.data)
    uwTickPrio                               0x2000866c   Data           4  stm32f4xx_hal.o(.data)
    uwTick                                   0x20008670   Data           4  stm32f4xx_hal.o(.data)
    SystemCoreClock                          0x20008674   Data           4  system_stm32f4xx.o(.data)
    net_eth0_igmp_control                    0x20008686   Data           4  net_igmp.o(.data)
    net_eth0_icmp_control                    0x20008694   Data           1  net_icmp.o(.data)
    osRtxInfo                                0x200086b8   Data         164  rtx_kernel.o(.data.os)
    RTC_Time                                 0x2000875c   Data          60  http_server.o(.bss)
    RTC_Date                                 0x20008798   Data          60  http_server.o(.bss)
    app_main_stk                             0x200087d8   Data        1024  http_server.o(.bss)
    lcd_text                                 0x20008bd8   Data          42  http_server.o(.bss)
    GPIO_InitStruct_LEDS                     0x20008c3c   Data          20  leds_stm32f429zi.o(.bss)
    GPIO_InitStruct_LCD                      0x20008c68   Data          20  lcd_stm32f429zi.o(.bss)
    TIM7_Handler                             0x20008c7c   Data          64  lcd_stm32f429zi.o(.bss)
    buffer                                   0x20008cbc   Data         512  lcd_stm32f429zi.o(.bss)
    hrtc                                     0x20008f04   Data          32  rtc.o(.bss)
    net_eth0_if_control                      0x2000f000   Data         160  net_eth.o(.bss)
    net_eth0_arp_control                     0x2000f0a0   Data          24  net_arp.o(.bss)
    net_eth0_dhcp_control                    0x2000f0d4   Data          40  net_dhcp_client.o(.bss)
    net_http_control                         0x2000f180   Data          20  net_http_server.o(.bss)
    net_ping_control                         0x2000f194   Data          44  net_ping_core.o(.bss)
    net_sys_control                          0x2000f1d0   Data          28  net_sys.o(.bss)
    net_dbg_buf                              0x2000f1f8   Data          36  net_sys.o(.bss)
    __initial_sp                             0x2000f690   Data           0  startup_stm32f429xx.o(STACK)



==============================================================================

Memory Map of the image

  Image Entry point : 0x080001ad

  Load Region LR_IROM1 (Base: 0x08000000, Size: 0x00028cac, Max: 0x00200000, ABSOLUTE, COMPRESSED[0x00020678])

    Execution Region ER_IROM1 (Exec base: 0x08000000, Load base: 0x08000000, Size: 0x00020550, Max: 0x00200000, ABSOLUTE)

    Exec Addr    Load Addr    Size         Type   Attr      Idx    E Section Name        Object

    0x08000000   0x08000000   0x000001ac   Data   RO         1544    RESET               startup_stm32f429xx.o
    0x080001ac   0x080001ac   0x00000000   Code   RO         2669  * .ARM.Collect$$$$00000000  mc_w.l(entry.o)
    0x080001ac   0x080001ac   0x00000004   Code   RO         2951    .ARM.Collect$$$$00000001  mc_w.l(entry2.o)
    0x080001b0   0x080001b0   0x00000004   Code   RO         2954    .ARM.Collect$$$$00000004  mc_w.l(entry5.o)
    0x080001b4   0x080001b4   0x00000000   Code   RO         2956    .ARM.Collect$$$$00000008  mc_w.l(entry7b.o)
    0x080001b4   0x080001b4   0x00000000   Code   RO         2958    .ARM.Collect$$$$0000000A  mc_w.l(entry8b.o)
    0x080001b4   0x080001b4   0x00000008   Code   RO         2959    .ARM.Collect$$$$0000000B  mc_w.l(entry9a.o)
    0x080001bc   0x080001bc   0x00000004   Code   RO         2966    .ARM.Collect$$$$0000000E  mc_w.l(entry12b.o)
    0x080001c0   0x080001c0   0x00000000   Code   RO         2961    .ARM.Collect$$$$0000000F  mc_w.l(entry10a.o)
    0x080001c0   0x080001c0   0x00000000   Code   RO         2963    .ARM.Collect$$$$00000011  mc_w.l(entry11a.o)
    0x080001c0   0x080001c0   0x00000004   Code   RO         2952    .ARM.Collect$$$$00002712  mc_w.l(entry2.o)
    0x080001c4   0x080001c4   0x00000148   Code   RO          688    .emb_text           rtx_mempool.o
    0x0800030c   0x0800030c   0x00000148   Code   RO          719    .emb_text           rtx_msgqueue.o
    0x08000454   0x08000454   0x00000148   Code   RO          784    .emb_text           rtx_semaphore.o
    0x0800059c   0x0800059c   0x00000148   Code   RO          815    .emb_text           rtx_system.o
    0x080006e4   0x080006e4   0x00000148   Code   RO          849    .emb_text           rtx_thread.o
    0x0800082c   0x0800082c   0x00000074   Code   RO         1067    .emb_text           eventrecorder.o
    0x080008a0   0x080008a0   0x00000124   Code   RO            4    .text               main.o
    0x080009c4   0x080009c4   0x00000104   Code   RO          188    .text               http_server.o
    0x08000ac8   0x08000ac8   0x000005d8   Code   RO          225    .text               http_server_cgi.o
    0x080010a0   0x080010a0   0x00000078   Code   RO          261    .text               web.o
    0x08001118   0x08001118   0x000000ac   Code   RO          281    .text               leds_stm32f429zi.o
    0x080011c4   0x080011c4   0x0000042c   Code   RO          312    .text               lcd_stm32f429zi.o
    0x080015f0   0x080015f0   0x00000174   Code   RO          345    .text               adc_stm32f429zi.o
    0x08001764   0x08001764   0x00000198   Code   RO          372    .text               rtc.o
    0x080018fc   0x080018fc   0x00000094   Code   RO          424    .text               irq_armv7m.o
    0x08001990   0x08001990   0x00000104   Code   RO          432    .text               rtx_delay.o
    0x08001a94   0x08001a94   0x00000958   Code   RO          533    .text               rtx_evr.o
    0x080023ec   0x080023ec   0x000006cc   Code   RO          561    .text               rtx_kernel.o
    0x08002ab8   0x08002ab8   0x00000018   Code   RO          609    .text               rtx_lib.o
    0x08002ad0   0x08002ad0   0x00000124   Code   RO          658    .text               rtx_memory.o
    0x08002bf4   0x08002bf4   0x00000678   Code   RO          689    .text               rtx_mempool.o
    0x0800326c   0x0800326c   0x000009bc   Code   RO          720    .text               rtx_msgqueue.o
    0x08003c28   0x08003c28   0x00000558   Code   RO          754    .text               rtx_mutex.o
    0x08004180   0x08004180   0x00000450   Code   RO          785    .text               rtx_semaphore.o
    0x080045d0   0x080045d0   0x00000154   Code   RO          816    .text               rtx_system.o
    0x08004724   0x08004724   0x000011e4   Code   RO          850    .text               rtx_thread.o
    0x08005908   0x08005908   0x00000480   Code   RO          884    .text               rtx_timer.o
    0x08005d88   0x08005d88   0x000000c4   Code   RO          914    .text               os_systick.o
    0x08005e4c   0x08005e4c   0x00000004   Code   RO          940    .text               rtx_config.o
    0x08005e50   0x08005e50   0x000001ac   Code   RO          961    .text               phy_lan8742a.o
    0x08005ffc   0x08005ffc   0x000009e8   Code   RO          989    .text               emac_stm32f4xx.o
    0x080069e4   0x080069e4   0x00000c5c   Code   RO         1028    .text               spi_stm32f4xx.o
    0x08007640   0x08007640   0x00000538   Code   RO         1068    .text               eventrecorder.o
    0x08007b78   0x08007b78   0x000001c8   Code   RO         1102    .text               stm32f4xx_hal.o
    0x08007d40   0x08007d40   0x00000ab8   Code   RO         1132    .text               stm32f4xx_hal_adc.o
    0x080087f8   0x080087f8   0x00000724   Code   RO         1156    .text               stm32f4xx_hal_adc_ex.o
    0x08008f1c   0x08008f1c   0x00000298   Code   RO         1180    .text               stm32f4xx_hal_cortex.o
    0x080091b4   0x080091b4   0x00000718   Code   RO         1208    .text               stm32f4xx_hal_dma.o
    0x080098cc   0x080098cc   0x00000364   Code   RO         1257    .text               stm32f4xx_hal_gpio.o
    0x08009c30   0x08009c30   0x00000178   Code   RO         1281    .text               stm32f4xx_hal_pwr.o
    0x08009da8   0x08009da8   0x00000764   Code   RO         1329    .text               stm32f4xx_hal_rcc.o
    0x0800a50c   0x0800a50c   0x000005e4   Code   RO         1353    .text               stm32f4xx_hal_rcc_ex.o
    0x0800aaf0   0x0800aaf0   0x00000970   Code   RO         1377    .text               stm32f4xx_hal_rtc_1.o
    0x0800b460   0x0800b460   0x00000b0c   Code   RO         1401    .text               stm32f4xx_hal_rtc_ex.o
    0x0800bf6c   0x0800bf6c   0x000023d2   Code   RO         1473    .text               stm32f4xx_hal_tim.o
    0x0800e33e   0x0800e33e   0x00000002   PAD
    0x0800e340   0x0800e340   0x00000bb0   Code   RO         1497    .text               stm32f4xx_hal_tim_ex.o
    0x0800eef0   0x0800eef0   0x00000024   Code   RO         1545    .text               startup_stm32f429xx.o
    0x0800ef14   0x0800ef14   0x000000a4   Code   RO         1552    .text               system_stm32f4xx.o
    0x0800efb8   0x0800efb8   0x0000015c   Code   RO         1581    .text               net_config.o
    0x0800f114   0x0800f114   0x00000152   Code   RO         1674    .text               net_debug.o
    0x0800f266   0x0800f266   0x00000062   Code   RO         2672    .text               mc_w.l(uldiv.o)
    0x0800f2c8   0x0800f2c8   0x00000024   Code   RO         2674    .text               mc_w.l(memcpya.o)
    0x0800f2ec   0x0800f2ec   0x00000024   Code   RO         2676    .text               mc_w.l(memseta.o)
    0x0800f310   0x0800f310   0x0000000e   Code   RO         2678    .text               mc_w.l(strlen.o)
    0x0800f31e   0x0800f31e   0x0000001c   Code   RO         2680    .text               mc_w.l(strcmp.o)
    0x0800f33a   0x0800f33a   0x0000001a   Code   RO         2682    .text               mc_w.l(memcmp.o)
    0x0800f354   0x0800f354   0x00000012   Code   RO         2684    .text               mc_w.l(strcpy.o)
    0x0800f366   0x0800f366   0x0000001e   Code   RO         2686    .text               mc_w.l(strncmp.o)
    0x0800f384   0x0800f384   0x0000001e   Code   RO         2972    .text               mc_w.l(llshl.o)
    0x0800f3a2   0x0800f3a2   0x00000020   Code   RO         2974    .text               mc_w.l(llushr.o)
    0x0800f3c2   0x0800f3c2   0x00000002   PAD
    0x0800f3c4   0x0800f3c4   0x00000024   Code   RO         2987    .text               mc_w.l(init.o)
    0x0800f3e8   0x0800f3e8   0x00000056   Code   RO         3002    .text               mc_w.l(__dczerorl2.o)
    0x0800f43e   0x0800f43e   0x00000002   PAD
    0x0800f440   0x0800f440   0x00000028   Code   RO         2899    i.__0sprintf$8      mc_w.l(printf8.o)
    0x0800f468   0x0800f468   0x0000000e   Code   RO         2996    i.__scatterload_copy  mc_w.l(handlers.o)
    0x0800f476   0x0800f476   0x00000002   Code   RO         2997    i.__scatterload_null  mc_w.l(handlers.o)
    0x0800f478   0x0800f478   0x0000000e   Code   RO         2998    i.__scatterload_zeroinit  mc_w.l(handlers.o)
    0x0800f486   0x0800f486   0x00000002   PAD
    0x0800f488   0x0800f488   0x00000404   Code   RO         2904    i._printf_core      mc_w.l(printf8.o)
    0x0800f88c   0x0800f88c   0x00000024   Code   RO         2905    i._printf_post_padding  mc_w.l(printf8.o)
    0x0800f8b0   0x0800f8b0   0x0000002e   Code   RO         2906    i._printf_pre_padding  mc_w.l(printf8.o)
    0x0800f8de   0x0800f8de   0x0000000a   Code   RO         2908    i._sputc            mc_w.l(printf8.o)
    0x0800f8e8   0x0800f8e8   0x00000054   Code   RO         2157    i.add_server_id     Net_Dbg_CM3_L.lib(net_http_server.o)
    0x0800f93c   0x0800f93c   0x0000005c   Code   RO         1760    i.arp_cache_alloc   Net_Dbg_CM3_L.lib(net_arp.o)
    0x0800f998   0x0800f998   0x00000170   Code   RO         1761    i.arp_cache_run     Net_Dbg_CM3_L.lib(net_arp.o)
    0x0800fb08   0x0800fb08   0x00000038   Code   RO         1762    i.arp_is_cacheable  Net_Dbg_CM3_L.lib(net_arp.o)
    0x0800fb40   0x0800fb40   0x00000088   Code   RO         1763    i.arp_probe_run     Net_Dbg_CM3_L.lib(net_arp.o)
    0x0800fbc8   0x0800fbc8   0x000000d8   Code   RO         1765    i.arp_proc_response  Net_Dbg_CM3_L.lib(net_arp.o)
    0x0800fca0   0x0800fca0   0x0000001a   Code   RO         1766    i.arp_que_free      Net_Dbg_CM3_L.lib(net_arp.o)
    0x0800fcba   0x0800fcba   0x00000002   PAD
    0x0800fcbc   0x0800fcbc   0x000000a0   Code   RO         1767    i.arp_send_reply    Net_Dbg_CM3_L.lib(net_arp.o)
    0x0800fd5c   0x0800fd5c   0x000000d0   Code   RO         1768    i.arp_send_request  Net_Dbg_CM3_L.lib(net_arp.o)
    0x0800fe2c   0x0800fe2c   0x00000068   Code   RO         1769    i.arp_sender_valid  Net_Dbg_CM3_L.lib(net_arp.o)
    0x0800fe94   0x0800fe94   0x0000018c   Code   RO         2158    i.chk_post_req      Net_Dbg_CM3_L.lib(net_http_server.o)
    0x08010020   0x08010020   0x00000028   Code   RO         2609    i.crc32_8bit        Net_Dbg_CM3_L.lib(net_common.o)
    0x08010048   0x08010048   0x000003c0   Code   RO         2099    i.dhcp_client_run   Net_Dbg_CM3_L.lib(net_dhcp_client.o)
    0x08010408   0x08010408   0x00000058   Code   RO         2100    i.dhcp_client_start  Net_Dbg_CM3_L.lib(net_dhcp_client.o)
    0x08010460   0x08010460   0x0000048c   Code   RO         2102    i.dhcp_listener     Net_Dbg_CM3_L.lib(net_dhcp_client.o)
    0x080108ec   0x080108ec   0x00000268   Code   RO         2103    i.dhcp_send_message  Net_Dbg_CM3_L.lib(net_dhcp_client.o)
    0x08010b54   0x08010b54   0x0000009a   Code   RO         1704    i.eth_check_link    Net_Dbg_CM3_L.lib(net_eth.o)
    0x08010bee   0x08010bee   0x00000002   PAD
    0x08010bf0   0x08010bf0   0x00000020   Code   RO         1705    i.eth_if_map        Net_Dbg_CM3_L.lib(net_eth.o)
    0x08010c10   0x08010c10   0x00000304   Code   RO         1706    i.eth_iface_init    Net_Dbg_CM3_L.lib(net_eth.o)
    0x08010f14   0x08010f14   0x00000290   Code   RO         1707    i.eth_iface_run     Net_Dbg_CM3_L.lib(net_eth.o)
    0x080111a4   0x080111a4   0x00000008   Code   RO         1709    i.eth_lock          Net_Dbg_CM3_L.lib(net_eth.o)
    0x080111ac   0x080111ac   0x0000001c   Code   RO         1710    i.eth_mtu_limit     Net_Dbg_CM3_L.lib(net_eth.o)
    0x080111c8   0x080111c8   0x00000048   Code   RO         1711    i.eth_opt_len       Net_Dbg_CM3_L.lib(net_eth.o)
    0x08011210   0x08011210   0x00000088   Code   RO         1712    i.eth_receive       Net_Dbg_CM3_L.lib(net_eth.o)
    0x08011298   0x08011298   0x00000008   Code   RO         1713    i.eth_unlock        Net_Dbg_CM3_L.lib(net_eth.o)
    0x080112a0   0x080112a0   0x0000007c   Code   RO         1877    i.frag_map_session  Net_Dbg_CM3_L.lib(net_ip4_frag.o)
    0x0801131c   0x0801131c   0x00000028   Code   RO         2159    i.get_next_field    Net_Dbg_CM3_L.lib(net_http_server.o)
    0x08011344   0x08011344   0x00000032   Code   RO         2160    i.get_next_par      Net_Dbg_CM3_L.lib(net_http_server.o)
    0x08011376   0x08011376   0x00000022   Code   RO         2161    i.hex2byte          Net_Dbg_CM3_L.lib(net_http_server.o)
    0x08011398   0x08011398   0x0000036c   Code   RO         2162    i.http_add_header   Net_Dbg_CM3_L.lib(net_http_server.o)
    0x08011704   0x08011704   0x000001cc   Code   RO         2163    i.http_error_msg    Net_Dbg_CM3_L.lib(net_http_server.o)
    0x080118d0   0x080118d0   0x00000078   Code   RO         2164    i.http_get_ftype    Net_Dbg_CM3_L.lib(net_http_server.o)
    0x08011948   0x08011948   0x0000005e   Code   RO         2165    i.http_kill_session  Net_Dbg_CM3_L.lib(net_http_server.o)
    0x080119a6   0x080119a6   0x00000002   PAD
    0x080119a8   0x080119a8   0x000002a8   Code   RO         2166    i.http_listener     Net_Dbg_CM3_L.lib(net_http_server.o)
    0x08011c50   0x08011c50   0x00000184   Code   RO         2167    i.http_open_file    Net_Dbg_CM3_L.lib(net_http_server.o)
    0x08011dd4   0x08011dd4   0x0000011c   Code   RO         2168    i.http_parse_header  Net_Dbg_CM3_L.lib(net_http_server.o)
    0x08011ef0   0x08011ef0   0x000001a8   Code   RO         2169    i.http_proc_multipart  Net_Dbg_CM3_L.lib(net_http_server.o)
    0x08012098   0x08012098   0x00000138   Code   RO         2170    i.http_proc_post    Net_Dbg_CM3_L.lib(net_http_server.o)
    0x080121d0   0x080121d0   0x00000468   Code   RO         2171    i.http_server_run   Net_Dbg_CM3_L.lib(net_http_server.o)
    0x08012638   0x08012638   0x00000060   Code   RO         2172    i.http_server_start  Net_Dbg_CM3_L.lib(net_http_server.o)
    0x08012698   0x08012698   0x00000020   Code   RO         2174    i.http_strcpy       Net_Dbg_CM3_L.lib(net_http_server.o)
    0x080126b8   0x080126b8   0x000000ac   Code   RO         2175    i.http_to_utc       Net_Dbg_CM3_L.lib(net_http_server.o)
    0x08012764   0x08012764   0x0000001a   Code   RO         2610    i.i2str             Net_Dbg_CM3_L.lib(net_common.o)
    0x0801277e   0x0801277e   0x00000002   PAD
    0x08012780   0x08012780   0x0000009c   Code   RO         1827    i.igmp_host_run     Net_Dbg_CM3_L.lib(net_igmp.o)
    0x0801281c   0x0801281c   0x00000024   Code   RO         1828    i.igmp_map_group    Net_Dbg_CM3_L.lib(net_igmp.o)
    0x08012840   0x08012840   0x00000070   Code   RO         1829    i.igmp_send_report  Net_Dbg_CM3_L.lib(net_igmp.o)
    0x080128b0   0x080128b0   0x0000000c   Code   RO         2487    i.ip4_get_chksum    Net_Dbg_CM3_L.lib(net_ip4.o)
    0x080128bc   0x080128bc   0x00000028   Code   RO         2488    i.ip4_get_mtu       Net_Dbg_CM3_L.lib(net_ip4.o)
    0x080128e4   0x080128e4   0x00000040   Code   RO         2350    i.ip4_ntoa          Net_Dbg_CM3_L.lib(net_addr.o)
    0x08012924   0x08012924   0x000000ca   Code   RO         2351    i.ip6_ntoa          Net_Dbg_CM3_L.lib(net_addr.o)
    0x080129ee   0x080129ee   0x0000001e   Code   RO         2104    i.is_selected       Net_Dbg_CM3_L.lib(net_dhcp_client.o)
    0x08012a0c   0x08012a0c   0x0000000c   Code   RO         2586    i.mem_lock          Net_Dbg_CM3_L.lib(net_mem.o)
    0x08012a18   0x08012a18   0x0000000c   Code   RO         2587    i.mem_unlock        Net_Dbg_CM3_L.lib(net_mem.o)
    0x08012a24   0x08012a24   0x000001a4   Code   RO         2143    i.nbns_listener     Net_Dbg_CM3_L.lib(net_nbns_client.o)
    0x08012bc8   0x08012bc8   0x00000120   Code   RO         2417    i.ndp_cache_add     Net_Dbg_CM3_L.lib(net_ndp.o)
    0x08012ce8   0x08012ce8   0x00000072   Code   RO         2418    i.ndp_cache_alloc   Net_Dbg_CM3_L.lib(net_ndp.o)
    0x08012d5a   0x08012d5a   0x00000002   PAD
    0x08012d5c   0x08012d5c   0x00000078   Code   RO         2419    i.ndp_cache_delete  Net_Dbg_CM3_L.lib(net_ndp.o)
    0x08012dd4   0x08012dd4   0x0000002c   Code   RO         2421    i.ndp_check_frame   Net_Dbg_CM3_L.lib(net_ndp.o)
    0x08012e00   0x08012e00   0x00000012   Code   RO         2422    i.ndp_next_opt      Net_Dbg_CM3_L.lib(net_ndp.o)
    0x08012e12   0x08012e12   0x00000002   PAD
    0x08012e14   0x08012e14   0x000000e4   Code   RO         2423    i.ndp_prefix_add    Net_Dbg_CM3_L.lib(net_ndp.o)
    0x08012ef8   0x08012ef8   0x000000fc   Code   RO         2426    i.ndp_proc_response  Net_Dbg_CM3_L.lib(net_ndp.o)
    0x08012ff4   0x08012ff4   0x0000001a   Code   RO         2427    i.ndp_que_free      Net_Dbg_CM3_L.lib(net_ndp.o)
    0x0801300e   0x0801300e   0x00000002   PAD
    0x08013010   0x08013010   0x00000038   Code   RO         2428    i.ndp_router_remove  Net_Dbg_CM3_L.lib(net_ndp.o)
    0x08013048   0x08013048   0x0000009c   Code   RO         2429    i.ndp_send_reply    Net_Dbg_CM3_L.lib(net_ndp.o)
    0x080130e4   0x080130e4   0x000000bc   Code   RO         2430    i.ndp_send_request  Net_Dbg_CM3_L.lib(net_ndp.o)
    0x080131a0   0x080131a0   0x00000004   Code   RO         2176    i.netCGI_Charset    Net_Dbg_CM3_L.lib(net_http_server.o)
    0x080131a4   0x080131a4   0x00000004   Code   RO         2177    i.netCGI_ContentType  Net_Dbg_CM3_L.lib(net_http_server.o)
    0x080131a8   0x080131a8   0x00000004   Code   RO         2178    i.netCGI_CustomHeader  Net_Dbg_CM3_L.lib(net_http_server.o)
    0x080131ac   0x080131ac   0x0000006c   Code   RO         2179    i.netCGI_GetEnvVar  Net_Dbg_CM3_L.lib(net_http_server.o)
    0x08013218   0x08013218   0x00000004   Code   RO         2182    i.netCGI_Redirect   Net_Dbg_CM3_L.lib(net_http_server.o)
    0x0801321c   0x0801321c   0x00000004   Code   RO         2184    i.netCGX_ContentType  Net_Dbg_CM3_L.lib(net_http_server.o)
    0x08013220   0x08013220   0x00000064   Code   RO         2300    i.netCore_Thread    Net_Dbg_CM3_L.lib(net_sys.o)
    0x08013284   0x08013284   0x00000002   Code   RO         1714    i.netETH_Notify     Net_Dbg_CM3_L.lib(net_eth.o)
    0x08013286   0x08013286   0x00000002   Code   RO         1715    i.netETH_ReceiveRaw  Net_Dbg_CM3_L.lib(net_eth.o)
    0x08013288   0x08013288   0x00000072   Code   RO         1717    i.netETH_Thread     Net_Dbg_CM3_L.lib(net_eth.o)
    0x080132fa   0x080132fa   0x00000004   Code   RO         2185    i.netHTTPs_AcceptClient  Net_Dbg_CM3_L.lib(net_http_server.o)
    0x080132fe   0x080132fe   0x00000004   Code   RO         2187    i.netHTTPs_FileAccess  Net_Dbg_CM3_L.lib(net_http_server.o)
    0x08013302   0x08013302   0x00000002   PAD
    0x08013304   0x08013304   0x00000020   Code   RO         2190    i.netHTTPs_GetLanguage  Net_Dbg_CM3_L.lib(net_http_server.o)
    0x08013324   0x08013324   0x0000000c   Code   RO         2191    i.netHTTPs_GetPassword  Net_Dbg_CM3_L.lib(net_http_server.o)
    0x08013330   0x08013330   0x0000000c   Code   RO         2197    i.netHTTPs_LoginActive  Net_Dbg_CM3_L.lib(net_http_server.o)
    0x0801333c   0x0801333c   0x00000058   Code   RO         2200    i.netHTTPs_SetPassword  Net_Dbg_CM3_L.lib(net_http_server.o)
    0x08013394   0x08013394   0x00000088   Code   RO         2301    i.netIF_GetOption   Net_Dbg_CM3_L.lib(net_sys.o)
    0x0801341c   0x0801341c   0x00000084   Code   RO         2303    i.netIF_SetOption   Net_Dbg_CM3_L.lib(net_sys.o)
    0x080134a0   0x080134a0   0x0000001a   Code   RO         2353    i.netIP_aton        Net_Dbg_CM3_L.lib(net_addr.o)
    0x080134ba   0x080134ba   0x00000032   Code   RO         2354    i.netIP_ntoa        Net_Dbg_CM3_L.lib(net_addr.o)
    0x080134ec   0x080134ec   0x000000ac   Code   RO         2304    i.netInitialize     Net_Dbg_CM3_L.lib(net_sys.o)
    0x08013598   0x08013598   0x0000008c   Code   RO         2355    i.netMAC_aton       Net_Dbg_CM3_L.lib(net_addr.o)
    0x08013624   0x08013624   0x00000004   Code   RO         1980    i.netTCP_GetLocalPort  Net_Dbg_CM3_L.lib(net_tcp.o)
    0x08013628   0x08013628   0x00000020   Code   RO         1982    i.netTCP_GetPeer    Net_Dbg_CM3_L.lib(net_tcp.o)
    0x08013648   0x08013648   0x00000004   Code   RO         1984    i.netTCP_GetState   Net_Dbg_CM3_L.lib(net_tcp.o)
    0x0801364c   0x0801364c   0x00000004   Code   RO         1985    i.netTCP_GetTimer   Net_Dbg_CM3_L.lib(net_tcp.o)
    0x08013650   0x08013650   0x0000007c   Code   RO         2357    i.net_addr4_aton    Net_Dbg_CM3_L.lib(net_addr.o)
    0x080136cc   0x080136cc   0x0000001e   Code   RO         2359    i.net_addr4_to_mac  Net_Dbg_CM3_L.lib(net_addr.o)
    0x080136ea   0x080136ea   0x00000002   PAD
    0x080136ec   0x080136ec   0x000000e6   Code   RO         2360    i.net_addr6_aton    Net_Dbg_CM3_L.lib(net_addr.o)
    0x080137d2   0x080137d2   0x00000028   Code   RO         2361    i.net_addr6_comp    Net_Dbg_CM3_L.lib(net_addr.o)
    0x080137fa   0x080137fa   0x00000012   Code   RO         2362    i.net_addr6_copy    Net_Dbg_CM3_L.lib(net_addr.o)
    0x0801380c   0x0801380c   0x0000004c   Code   RO         2363    i.net_addr6_create  Net_Dbg_CM3_L.lib(net_addr.o)
    0x08013858   0x08013858   0x00000028   Code   RO         2364    i.net_addr6_get_solicited  Net_Dbg_CM3_L.lib(net_addr.o)
    0x08013880   0x08013880   0x00000018   Code   RO         2365    i.net_addr6_is_linklocal  Net_Dbg_CM3_L.lib(net_addr.o)
    0x08013898   0x08013898   0x0000006e   Code   RO         2366    i.net_addr6_is_onlink  Net_Dbg_CM3_L.lib(net_addr.o)
    0x08013906   0x08013906   0x00000048   Code   RO         2367    i.net_addr6_is_solicited  Net_Dbg_CM3_L.lib(net_addr.o)
    0x0801394e   0x0801394e   0x00000018   Code   RO         2368    i.net_addr6_is_unspec  Net_Dbg_CM3_L.lib(net_addr.o)
    0x08013966   0x08013966   0x0000000e   Code   RO         2370    i.net_addr6_to_mac  Net_Dbg_CM3_L.lib(net_addr.o)
    0x08013974   0x08013974   0x00000026   Code   RO         2372    i.net_addr_copy     Net_Dbg_CM3_L.lib(net_addr.o)
    0x0801399a   0x0801399a   0x0000001a   Code   RO         2373    i.net_addr_find_route  Net_Dbg_CM3_L.lib(net_addr.o)
    0x080139b4   0x080139b4   0x00000020   Code   RO         2375    i.net_addr_get_local  Net_Dbg_CM3_L.lib(net_addr.o)
    0x080139d4   0x080139d4   0x00000022   Code   RO         2376    i.net_addr_is_unspec  Net_Dbg_CM3_L.lib(net_addr.o)
    0x080139f6   0x080139f6   0x00000002   PAD
    0x080139f8   0x080139f8   0x0000011c   Code   RO         1777    i.net_arp_cache_add  Net_Dbg_CM3_L.lib(net_arp.o)
    0x08013b14   0x08013b14   0x000000bc   Code   RO         1778    i.net_arp_cache_early  Net_Dbg_CM3_L.lib(net_arp.o)
    0x08013bd0   0x08013bd0   0x000000ec   Code   RO         1779    i.net_arp_cache_find  Net_Dbg_CM3_L.lib(net_arp.o)
    0x08013cbc   0x08013cbc   0x00000048   Code   RO         1780    i.net_arp_cache_init  Net_Dbg_CM3_L.lib(net_arp.o)
    0x08013d04   0x08013d04   0x0000001c   Code   RO         1781    i.net_arp_cache_run  Net_Dbg_CM3_L.lib(net_arp.o)
    0x08013d20   0x08013d20   0x00000078   Code   RO         1783    i.net_arp_enqueue   Net_Dbg_CM3_L.lib(net_arp.o)
    0x08013d98   0x08013d98   0x00000020   Code   RO         1785    i.net_arp_notify    Net_Dbg_CM3_L.lib(net_arp.o)
    0x08013db8   0x08013db8   0x00000012   Code   RO         1786    i.net_arp_probe     Net_Dbg_CM3_L.lib(net_arp.o)
    0x08013dca   0x08013dca   0x00000002   PAD
    0x08013dcc   0x08013dcc   0x00000224   Code   RO         1787    i.net_arp_process   Net_Dbg_CM3_L.lib(net_arp.o)
    0x08013ff0   0x08013ff0   0x00000042   Code   RO         2611    i.net_atoi          Net_Dbg_CM3_L.lib(net_common.o)
    0x08014032   0x08014032   0x00000030   Code   RO         2613    i.net_chksum_buf    Net_Dbg_CM3_L.lib(net_common.o)
    0x08014062   0x08014062   0x0000001e   Code   RO         2614    i.net_crc_buf       Net_Dbg_CM3_L.lib(net_common.o)
    0x08014080   0x08014080   0x00000094   Code   RO         2109    i.net_dhcp_client_init  Net_Dbg_CM3_L.lib(net_dhcp_client.o)
    0x08014114   0x08014114   0x0000001c   Code   RO         2110    i.net_dhcp_client_run  Net_Dbg_CM3_L.lib(net_dhcp_client.o)
    0x08014130   0x08014130   0x0000000e   Code   RO         1718    i.net_eth_callback  Net_Dbg_CM3_L.lib(net_eth.o)
    0x0801413e   0x0801413e   0x00000068   Code   RO         1719    i.net_eth_config_mcast  Net_Dbg_CM3_L.lib(net_eth.o)
    0x080141a6   0x080141a6   0x000000ea   Code   RO         1721    i.net_eth_get_option  Net_Dbg_CM3_L.lib(net_eth.o)
    0x08014290   0x08014290   0x0000001c   Code   RO         1722    i.net_eth_iface_init  Net_Dbg_CM3_L.lib(net_eth.o)
    0x080142ac   0x080142ac   0x0000001c   Code   RO         1723    i.net_eth_iface_run  Net_Dbg_CM3_L.lib(net_eth.o)
    0x080142c8   0x080142c8   0x000000a8   Code   RO         1725    i.net_eth_output    Net_Dbg_CM3_L.lib(net_eth.o)
    0x08014370   0x08014370   0x000001e0   Code   RO         1726    i.net_eth_send_frame  Net_Dbg_CM3_L.lib(net_eth.o)
    0x08014550   0x08014550   0x00000270   Code   RO         1727    i.net_eth_set_option  Net_Dbg_CM3_L.lib(net_eth.o)
    0x080147c0   0x080147c0   0x000000e8   Code   RO         2206    i.net_http_server_init  Net_Dbg_CM3_L.lib(net_http_server.o)
    0x080148a8   0x080148a8   0x00000028   Code   RO         2207    i.net_http_server_run  Net_Dbg_CM3_L.lib(net_http_server.o)
    0x080148d0   0x080148d0   0x00000018   Code   RO         2559    i.net_icmp6_init    Net_Dbg_CM3_L.lib(net_icmp6.o)
    0x080148e8   0x080148e8   0x00000238   Code   RO         2560    i.net_icmp6_process  Net_Dbg_CM3_L.lib(net_icmp6.o)
    0x08014b20   0x08014b20   0x00000084   Code   RO         2561    i.net_icmp6_send    Net_Dbg_CM3_L.lib(net_icmp6.o)
    0x08014ba4   0x08014ba4   0x00000058   Code   RO         2562    i.net_icmp6_send_echo  Net_Dbg_CM3_L.lib(net_icmp6.o)
    0x08014bfc   0x08014bfc   0x00000018   Code   RO         1899    i.net_icmp_init     Net_Dbg_CM3_L.lib(net_icmp.o)
    0x08014c14   0x08014c14   0x000001c8   Code   RO         1900    i.net_icmp_process  Net_Dbg_CM3_L.lib(net_icmp.o)
    0x08014ddc   0x08014ddc   0x000000a0   Code   RO         1901    i.net_icmp_send_echo  Net_Dbg_CM3_L.lib(net_icmp.o)
    0x08014e7c   0x08014e7c   0x0000000c   Code   RO         2308    i.net_if_map_all    Net_Dbg_CM3_L.lib(net_sys.o)
    0x08014e88   0x08014e88   0x0000006c   Code   RO         1832    i.net_igmp_collect_mcast  Net_Dbg_CM3_L.lib(net_igmp.o)
    0x08014ef4   0x08014ef4   0x00000048   Code   RO         1833    i.net_igmp_host_init  Net_Dbg_CM3_L.lib(net_igmp.o)
    0x08014f3c   0x08014f3c   0x0000001c   Code   RO         1834    i.net_igmp_host_run  Net_Dbg_CM3_L.lib(net_igmp.o)
    0x08014f58   0x08014f58   0x00000020   Code   RO         1836    i.net_igmp_is_member  Net_Dbg_CM3_L.lib(net_igmp.o)
    0x08014f78   0x08014f78   0x000001ac   Code   RO         1837    i.net_igmp_process  Net_Dbg_CM3_L.lib(net_igmp.o)
    0x08015124   0x08015124   0x0000018c   Code   RO         2489    i.net_ip4_chk_frame  Net_Dbg_CM3_L.lib(net_ip4.o)
    0x080152b0   0x080152b0   0x0000002c   Code   RO         2490    i.net_ip4_chksum    Net_Dbg_CM3_L.lib(net_ip4.o)
    0x080152dc   0x080152dc   0x00000006   Code   RO         2491    i.net_ip4_chksum_buf  Net_Dbg_CM3_L.lib(net_ip4.o)
    0x080152e2   0x080152e2   0x00000002   PAD
    0x080152e4   0x080152e4   0x00000080   Code   RO         2493    i.net_ip4_find_route  Net_Dbg_CM3_L.lib(net_ip4.o)
    0x08015364   0x08015364   0x00000124   Code   RO         1878    i.net_ip4_frag_add  Net_Dbg_CM3_L.lib(net_ip4_frag.o)
    0x08015488   0x08015488   0x000000ac   Code   RO         1879    i.net_ip4_frag_get  Net_Dbg_CM3_L.lib(net_ip4_frag.o)
    0x08015534   0x08015534   0x00000010   Code   RO         1880    i.net_ip4_frag_init  Net_Dbg_CM3_L.lib(net_ip4_frag.o)
    0x08015544   0x08015544   0x0000003c   Code   RO         1881    i.net_ip4_frag_run  Net_Dbg_CM3_L.lib(net_ip4_frag.o)
    0x08015580   0x08015580   0x0000002c   Code   RO         2494    i.net_ip4_get_local  Net_Dbg_CM3_L.lib(net_ip4.o)
    0x080155ac   0x080155ac   0x00000024   Code   RO         2495    i.net_ip4_init      Net_Dbg_CM3_L.lib(net_ip4.o)
    0x080155d0   0x080155d0   0x00000020   Code   RO         2496    i.net_ip4_is_onlink  Net_Dbg_CM3_L.lib(net_ip4.o)
    0x080155f0   0x080155f0   0x00000026   Code   RO         2497    i.net_ip4_is_subcast  Net_Dbg_CM3_L.lib(net_ip4.o)
    0x08015616   0x08015616   0x0000000e   Code   RO         2498    i.net_ip4_reass_frame  Net_Dbg_CM3_L.lib(net_ip4.o)
    0x08015624   0x08015624   0x00000164   Code   RO         2499    i.net_ip4_send_frame  Net_Dbg_CM3_L.lib(net_ip4.o)
    0x08015788   0x08015788   0x0000002a   Code   RO         2501    i.net_ip4_tx_offl_hl  Net_Dbg_CM3_L.lib(net_ip4.o)
    0x080157b2   0x080157b2   0x00000002   PAD
    0x080157b4   0x080157b4   0x00000100   Code   RO         2527    i.net_ip6_chk_frame  Net_Dbg_CM3_L.lib(net_ip6.o)
    0x080158b4   0x080158b4   0x00000032   Code   RO         2528    i.net_ip6_chksum    Net_Dbg_CM3_L.lib(net_ip6.o)
    0x080158e6   0x080158e6   0x00000002   PAD
    0x080158e8   0x080158e8   0x0000007c   Code   RO         2529    i.net_ip6_collect_mcast  Net_Dbg_CM3_L.lib(net_ip6.o)
    0x08015964   0x08015964   0x00000048   Code   RO         2531    i.net_ip6_find_route  Net_Dbg_CM3_L.lib(net_ip6.o)
    0x080159ac   0x080159ac   0x00000054   Code   RO         2532    i.net_ip6_get_local  Net_Dbg_CM3_L.lib(net_ip6.o)
    0x08015a00   0x08015a00   0x0000001c   Code   RO         2533    i.net_ip6_init      Net_Dbg_CM3_L.lib(net_ip6.o)
    0x08015a1c   0x08015a1c   0x000000cc   Code   RO         2534    i.net_ip6_send_frame  Net_Dbg_CM3_L.lib(net_ip6.o)
    0x08015ae8   0x08015ae8   0x0000001e   Code   RO         2536    i.net_ip6_tx_offl_hl  Net_Dbg_CM3_L.lib(net_ip6.o)
    0x08015b06   0x08015b06   0x00000008   Code   RO         2615    i.net_itoa          Net_Dbg_CM3_L.lib(net_common.o)
    0x08015b0e   0x08015b0e   0x00000006   Code   RO         2617    i.net_itoa_n0       Net_Dbg_CM3_L.lib(net_common.o)
    0x08015b14   0x08015b14   0x00000030   Code   RO         1860    i.net_loop_iface_init  Net_Dbg_CM3_L.lib(net_loopback.o)
    0x08015b44   0x08015b44   0x000000bc   Code   RO         1861    i.net_loop_iface_run  Net_Dbg_CM3_L.lib(net_loopback.o)
    0x08015c00   0x08015c00   0x00000070   Code   RO         1863    i.net_loop_send_frame  Net_Dbg_CM3_L.lib(net_loopback.o)
    0x08015c70   0x08015c70   0x000000c0   Code   RO         2588    i.net_mem_alloc     Net_Dbg_CM3_L.lib(net_mem.o)
    0x08015d30   0x08015d30   0x0000001c   Code   RO         2589    i.net_mem_avail     Net_Dbg_CM3_L.lib(net_mem.o)
    0x08015d4c   0x08015d4c   0x000000a4   Code   RO         2590    i.net_mem_free      Net_Dbg_CM3_L.lib(net_mem.o)
    0x08015df0   0x08015df0   0x00000070   Code   RO         2591    i.net_mem_init      Net_Dbg_CM3_L.lib(net_mem.o)
    0x08015e60   0x08015e60   0x00000048   Code   RO         2592    i.net_mem_shrink    Net_Dbg_CM3_L.lib(net_mem.o)
    0x08015ea8   0x08015ea8   0x00000064   Code   RO         2144    i.net_nbns_client_init  Net_Dbg_CM3_L.lib(net_nbns_client.o)
    0x08015f0c   0x08015f0c   0x000001c4   Code   RO         2438    i.net_ndp_cache_find  Net_Dbg_CM3_L.lib(net_ndp.o)
    0x080160d0   0x080160d0   0x00000078   Code   RO         2441    i.net_ndp_cache_refresh  Net_Dbg_CM3_L.lib(net_ndp.o)
    0x08016148   0x08016148   0x00000070   Code   RO         2444    i.net_ndp_enqueue   Net_Dbg_CM3_L.lib(net_ndp.o)
    0x080161b8   0x080161b8   0x00000374   Code   RO         2446    i.net_ndp_process   Net_Dbg_CM3_L.lib(net_ndp.o)
    0x0801652c   0x0801652c   0x00000038   Code   RO         2310    i.net_path          Net_Dbg_CM3_L.lib(net_sys.o)
    0x08016564   0x08016564   0x00000020   Code   RO         2281    i.net_ping_client_init  Net_Dbg_CM3_L.lib(net_ping_core.o)
    0x08016584   0x08016584   0x00000080   Code   RO         2282    i.net_ping_client_run  Net_Dbg_CM3_L.lib(net_ping_core.o)
    0x08016604   0x08016604   0x0000001c   Code   RO         2311    i.net_rand32        Net_Dbg_CM3_L.lib(net_sys.o)
    0x08016620   0x08016620   0x0000002e   Code   RO         2618    i.net_strcasecmp    Net_Dbg_CM3_L.lib(net_common.o)
    0x0801664e   0x0801664e   0x0000001a   Code   RO         2620    i.net_strcmp        Net_Dbg_CM3_L.lib(net_common.o)
    0x08016668   0x08016668   0x00000012   Code   RO         2621    i.net_strcpy        Net_Dbg_CM3_L.lib(net_common.o)
    0x0801667a   0x0801667a   0x0000001c   Code   RO         2623    i.net_strnchr       Net_Dbg_CM3_L.lib(net_common.o)
    0x08016696   0x08016696   0x0000001a   Code   RO         2624    i.net_strncpy       Net_Dbg_CM3_L.lib(net_common.o)
    0x080166b0   0x080166b0   0x00000020   Code   RO         2625    i.net_strtoupper    Net_Dbg_CM3_L.lib(net_common.o)
    0x080166d0   0x080166d0   0x0000000c   Code   RO         2312    i.net_sys_lock      Net_Dbg_CM3_L.lib(net_sys.o)
    0x080166dc   0x080166dc   0x00000016   Code   RO         2313    i.net_sys_resume    Net_Dbg_CM3_L.lib(net_sys.o)
    0x080166f2   0x080166f2   0x00000002   PAD
    0x080166f4   0x080166f4   0x00000014   Code   RO         2315    i.net_sys_tick      Net_Dbg_CM3_L.lib(net_sys.o)
    0x08016708   0x08016708   0x0000000c   Code   RO         2316    i.net_sys_unlock    Net_Dbg_CM3_L.lib(net_sys.o)
    0x08016714   0x08016714   0x00000020   Code   RO         2318    i.net_sys_wakeup    Net_Dbg_CM3_L.lib(net_sys.o)
    0x08016734   0x08016734   0x00000084   Code   RO         1992    i.net_tcp_abort     Net_Dbg_CM3_L.lib(net_tcp.o)
    0x080167b8   0x080167b8   0x000000e4   Code   RO         1995    i.net_tcp_close     Net_Dbg_CM3_L.lib(net_tcp.o)
    0x0801689c   0x0801689c   0x0000002e   Code   RO         1998    i.net_tcp_get_buf   Net_Dbg_CM3_L.lib(net_tcp.o)
    0x080168ca   0x080168ca   0x00000002   PAD
    0x080168cc   0x080168cc   0x00000034   Code   RO         2000    i.net_tcp_get_local_port  Net_Dbg_CM3_L.lib(net_tcp.o)
    0x08016900   0x08016900   0x00000028   Code   RO         2001    i.net_tcp_get_mss   Net_Dbg_CM3_L.lib(net_tcp.o)
    0x08016928   0x08016928   0x00000054   Code   RO         2003    i.net_tcp_get_peer  Net_Dbg_CM3_L.lib(net_tcp.o)
    0x0801697c   0x0801697c   0x00000070   Code   RO         2005    i.net_tcp_get_socket  Net_Dbg_CM3_L.lib(net_tcp.o)
    0x080169ec   0x080169ec   0x0000002c   Code   RO         2006    i.net_tcp_get_state  Net_Dbg_CM3_L.lib(net_tcp.o)
    0x08016a18   0x08016a18   0x00000034   Code   RO         2007    i.net_tcp_get_timer  Net_Dbg_CM3_L.lib(net_tcp.o)
    0x08016a4c   0x08016a4c   0x000000b0   Code   RO         2008    i.net_tcp_listen    Net_Dbg_CM3_L.lib(net_tcp.o)
    0x08016afc   0x08016afc   0x000007a8   Code   RO         2010    i.net_tcp_process   Net_Dbg_CM3_L.lib(net_tcp.o)
    0x080172a4   0x080172a4   0x0000015c   Code   RO         2014    i.net_tcp_send      Net_Dbg_CM3_L.lib(net_tcp.o)
    0x08017400   0x08017400   0x0000012c   Code   RO         2016    i.net_tcp_set_option  Net_Dbg_CM3_L.lib(net_tcp.o)
    0x0801752c   0x0801752c   0x00000028   Code   RO         2017    i.net_tcp_socket_init  Net_Dbg_CM3_L.lib(net_tcp.o)
    0x08017554   0x08017554   0x000003c0   Code   RO         2018    i.net_tcp_socket_run  Net_Dbg_CM3_L.lib(net_tcp.o)
    0x08017914   0x08017914   0x00000028   Code   RO         1927    i.net_udp_enable_lla  Net_Dbg_CM3_L.lib(net_udp.o)
    0x0801793c   0x0801793c   0x0000002e   Code   RO         1929    i.net_udp_get_buf   Net_Dbg_CM3_L.lib(net_udp.o)
    0x0801796a   0x0801796a   0x00000002   PAD
    0x0801796c   0x0801796c   0x00000070   Code   RO         1932    i.net_udp_get_socket  Net_Dbg_CM3_L.lib(net_udp.o)
    0x080179dc   0x080179dc   0x000000ac   Code   RO         1934    i.net_udp_open      Net_Dbg_CM3_L.lib(net_udp.o)
    0x08017a88   0x08017a88   0x00000158   Code   RO         1935    i.net_udp_process   Net_Dbg_CM3_L.lib(net_udp.o)
    0x08017be0   0x08017be0   0x0000022c   Code   RO         1938    i.net_udp_send_if   Net_Dbg_CM3_L.lib(net_udp.o)
    0x08017e0c   0x08017e0c   0x00000024   Code   RO         1940    i.net_udp_socket_init  Net_Dbg_CM3_L.lib(net_udp.o)
    0x08017e30   0x08017e30   0x00000008   Code   RO         2626    i.net_ultoa         Net_Dbg_CM3_L.lib(net_common.o)
    0x08017e38   0x08017e38   0x00000030   Code   RO         2629    i.net_ultox         Net_Dbg_CM3_L.lib(net_common.o)
    0x08017e68   0x08017e68   0x0000004c   Code   RO         2630    i.net_xtoul         Net_Dbg_CM3_L.lib(net_common.o)
    0x08017eb4   0x08017eb4   0x0000001c   Code   RO         2285    i.ping_send_req     Net_Dbg_CM3_L.lib(net_ping_core.o)
    0x08017ed0   0x08017ed0   0x000000f0   Code   RO         2112    i.proc_opt_renew    Net_Dbg_CM3_L.lib(net_dhcp_client.o)
    0x08017fc0   0x08017fc0   0x000001a4   Code   RO         2113    i.proc_opt_req      Net_Dbg_CM3_L.lib(net_dhcp_client.o)
    0x08018164   0x08018164   0x00000048   Code   RO         2114    i.proc_opt_sel      Net_Dbg_CM3_L.lib(net_dhcp_client.o)
    0x080181ac   0x080181ac   0x00000058   Code   RO         2210    i.proc_req_line     Net_Dbg_CM3_L.lib(net_http_server.o)
    0x08018204   0x08018204   0x0000001a   Code   RO         1883    i.que_free_list     Net_Dbg_CM3_L.lib(net_ip4_frag.o)
    0x0801821e   0x0801821e   0x000000a0   Code   RO         2211    i.read_script_line  Net_Dbg_CM3_L.lib(net_http_server.o)
    0x080182be   0x080182be   0x00000048   Code   RO         2212    i.search_delim      Net_Dbg_CM3_L.lib(net_http_server.o)
    0x08018306   0x08018306   0x00000018   Code   RO         2319    i.sys_map_if        Net_Dbg_CM3_L.lib(net_sys.o)
    0x0801831e   0x0801831e   0x00000002   PAD
    0x08018320   0x08018320   0x0000004c   Code   RO         2320    i.sys_proc_tick     Net_Dbg_CM3_L.lib(net_sys.o)
    0x0801836c   0x0801836c   0x00000110   Code   RO         2020    i.tcp_map_socket    Net_Dbg_CM3_L.lib(net_tcp.o)
    0x0801847c   0x0801847c   0x00000084   Code   RO         2021    i.tcp_parse_opt     Net_Dbg_CM3_L.lib(net_tcp.o)
    0x08018500   0x08018500   0x0000011c   Code   RO         2022    i.tcp_proc_acknr    Net_Dbg_CM3_L.lib(net_tcp.o)
    0x0801861c   0x0801861c   0x000000ac   Code   RO         2023    i.tcp_proc_dupack   Net_Dbg_CM3_L.lib(net_tcp.o)
    0x080186c8   0x080186c8   0x0000001a   Code   RO         2024    i.tcp_que_free      Net_Dbg_CM3_L.lib(net_tcp.o)
    0x080186e2   0x080186e2   0x0000001a   Code   RO         2025    i.tcp_que_init      Net_Dbg_CM3_L.lib(net_tcp.o)
    0x080186fc   0x080186fc   0x000000ac   Code   RO         2026    i.tcp_que_resend    Net_Dbg_CM3_L.lib(net_tcp.o)
    0x080187a8   0x080187a8   0x00000090   Code   RO         2027    i.tcp_send_ctrl     Net_Dbg_CM3_L.lib(net_tcp.o)
    0x08018838   0x08018838   0x0000007c   Code   RO         2028    i.tcp_send_data     Net_Dbg_CM3_L.lib(net_tcp.o)
    0x080188b4   0x080188b4   0x00000090   Code   RO         2029    i.tcp_send_reset    Net_Dbg_CM3_L.lib(net_tcp.o)
    0x08018944   0x08018944   0x00000044   Code   RO         2030    i.tcp_set_cwnd      Net_Dbg_CM3_L.lib(net_tcp.o)
    0x08018988   0x08018988   0x00000074   Code   RO         2031    i.tcp_transit       Net_Dbg_CM3_L.lib(net_tcp.o)
    0x080189fc   0x080189fc   0x0000010c   Code   RO         2032    i.tcp_write         Net_Dbg_CM3_L.lib(net_tcp.o)
    0x08018b08   0x08018b08   0x0000002c   Code   RO         1942    i.udp_port_in_use   Net_Dbg_CM3_L.lib(net_udp.o)
    0x08018b34   0x08018b34   0x00000044   Code   RO         2631    i.ul2str            Net_Dbg_CM3_L.lib(net_common.o)
    0x08018b78   0x08018b78   0x00000124   Code   RO         2213    i.utc_to_http       Net_Dbg_CM3_L.lib(net_http_server.o)
    0x08018c9c   0x08018c9c   0x00000024   Data   RO          192    .constdata          http_server.o
    0x08018cc0   0x08018cc0   0x00000004   Data   RO          262    .constdata          web.o
    0x08018cc4   0x08018cc4   0x000063f3   Data   RO          263    .constdata          web.o
    0x0801f0b7   0x0801f0b7   0x00000001   PAD
    0x0801f0b8   0x0801f0b8   0x000000a0   Data   RO          264    .constdata          web.o
    0x0801f158   0x0801f158   0x00000006   Data   RO          283    .constdata          leds_stm32f429zi.o
    0x0801f15e   0x0801f15e   0x00000960   Data   RO          314    .constdata          lcd_stm32f429zi.o
    0x0801fabe   0x0801fabe   0x00000002   PAD
    0x0801fac0   0x0801fac0   0x00000024   Data   RO          618    .constdata          rtx_lib.o
    0x0801fae4   0x0801fae4   0x00000024   Data   RO          619    .constdata          rtx_lib.o
    0x0801fb08   0x0801fb08   0x00000018   Data   RO          620    .constdata          rtx_lib.o
    0x0801fb20   0x0801fb20   0x00000004   Data   RO          622    .constdata          rtx_lib.o
    0x0801fb24   0x0801fb24   0x00000004   Data   RO          963    .constdata          phy_lan8742a.o
    0x0801fb28   0x0801fb28   0x00000020   Data   RO          964    .constdata          phy_lan8742a.o
    0x0801fb48   0x0801fb48   0x00000050   Data   RO          991    .constdata          emac_stm32f4xx.o
    0x0801fb98   0x0801fb98   0x00000044   Data   RO          992    .constdata          emac_stm32f4xx.o
    0x0801fbdc   0x0801fbdc   0x00000034   Data   RO         1031    .constdata          spi_stm32f4xx.o
    0x0801fc10   0x0801fc10   0x00000010   Data   RO         1032    .constdata          spi_stm32f4xx.o
    0x0801fc20   0x0801fc20   0x00000010   Data   RO         1033    .constdata          spi_stm32f4xx.o
    0x0801fc30   0x0801fc30   0x0000002c   Data   RO         1034    .constdata          spi_stm32f4xx.o
    0x0801fc5c   0x0801fc5c   0x00000018   Data   RO         1070    .constdata          eventrecorder.o
    0x0801fc74   0x0801fc74   0x00000008   Data   RO         1209    .constdata          stm32f4xx_hal_dma.o
    0x0801fc7c   0x0801fc7c   0x00000010   Data   RO         1553    .constdata          system_stm32f4xx.o
    0x0801fc8c   0x0801fc8c   0x00000008   Data   RO         1554    .constdata          system_stm32f4xx.o
    0x0801fc94   0x0801fc94   0x000000a8   Data   RO         1598    .constdata          net_config.o
    0x0801fd3c   0x0801fd3c   0x0000001c   Data   RO         1599    .constdata          net_config.o
    0x0801fd58   0x0801fd58   0x00000014   Data   RO         1600    .constdata          net_config.o
    0x0801fd6c   0x0801fd6c   0x0000000c   Data   RO         1601    .constdata          net_config.o
    0x0801fd78   0x0801fd78   0x00000010   Data   RO         1602    .constdata          net_config.o
    0x0801fd88   0x0801fd88   0x00000010   Data   RO         1603    .constdata          net_config.o
    0x0801fd98   0x0801fd98   0x00000028   Data   RO         1604    .constdata          net_config.o
    0x0801fdc0   0x0801fdc0   0x0000002c   Data   RO         1605    .constdata          net_config.o
    0x0801fdec   0x0801fdec   0x00000008   Data   RO         1606    .constdata          net_config.o
    0x0801fdf4   0x0801fdf4   0x00000008   Data   RO         1607    .constdata          net_config.o
    0x0801fdfc   0x0801fdfc   0x00000008   Data   RO         1608    .constdata          net_config.o
    0x0801fe04   0x0801fe04   0x00000008   Data   RO         1609    .constdata          net_config.o
    0x0801fe0c   0x0801fe0c   0x00000008   Data   RO         1610    .constdata          net_config.o
    0x0801fe14   0x0801fe14   0x00000008   Data   RO         1611    .constdata          net_config.o
    0x0801fe1c   0x0801fe1c   0x00000008   Data   RO         1612    .constdata          net_config.o
    0x0801fe24   0x0801fe24   0x00000008   Data   RO         1613    .constdata          net_config.o
    0x0801fe2c   0x0801fe2c   0x00000008   Data   RO         1614    .constdata          net_config.o
    0x0801fe34   0x0801fe34   0x00000004   Data   RO         1616    .constdata          net_config.o
    0x0801fe38   0x0801fe38   0x00000008   Data   RO         1617    .constdata          net_config.o
    0x0801fe40   0x0801fe40   0x0000000c   Data   RO         1618    .constdata          net_config.o
    0x0801fe4c   0x0801fe4c   0x00000018   Data   RO         1619    .constdata          net_config.o
    0x0801fe64   0x0801fe64   0x00000034   Data   RO         1620    .constdata          net_config.o
    0x0801fe98   0x0801fe98   0x00000030   Data   RO         1621    .constdata          net_config.o
    0x0801fec8   0x0801fec8   0x00000028   Data   RO         1622    .constdata          net_config.o
    0x0801fef0   0x0801fef0   0x00000010   Data   RO         1624    .constdata          net_config.o
    0x0801ff00   0x0801ff00   0x00000010   Data   RO         1625    .constdata          net_config.o
    0x0801ff10   0x0801ff10   0x00000008   Data   RO         1838    .constdata          Net_Dbg_CM3_L.lib(net_igmp.o)
    0x0801ff18   0x0801ff18   0x0000002c   Data   RO         1864    .constdata          Net_Dbg_CM3_L.lib(net_loopback.o)
    0x0801ff44   0x0801ff44   0x0000000c   Data   RO         1865    .constdata          Net_Dbg_CM3_L.lib(net_loopback.o)
    0x0801ff50   0x0801ff50   0x00000008   Data   RO         2146    .constdata          Net_Dbg_CM3_L.lib(net_nbns_client.o)
    0x0801ff58   0x0801ff58   0x000000fa   Data   RO         2215    .constdata          Net_Dbg_CM3_L.lib(net_http_server.o)
    0x08020052   0x08020052   0x00000012   Data   RO         2287    .constdata          Net_Dbg_CM3_L.lib(net_ping_core.o)
    0x08020064   0x08020064   0x00000010   Data   RO         2380    .constdata          Net_Dbg_CM3_L.lib(net_addr.o)
    0x08020074   0x08020074   0x00000006   Data   RO         2381    .constdata          Net_Dbg_CM3_L.lib(net_addr.o)
    0x0802007a   0x0802007a   0x00000004   Data   RO         2503    .constdata          Net_Dbg_CM3_L.lib(net_ip4.o)
    0x0802007e   0x0802007e   0x00000020   Data   RO         2538    .constdata          Net_Dbg_CM3_L.lib(net_ip6.o)
    0x0802009e   0x0802009e   0x00000002   PAD
    0x080200a0   0x080200a0   0x00000018   Data   RO         2578    .constdata          Net_Dbg_CM3_L.lib(net_http_server_err.o)
    0x080200b8   0x080200b8   0x00000010   Data   RO         2632    .constdata          Net_Dbg_CM3_L.lib(net_common.o)
    0x080200c8   0x080200c8   0x00000004   Data   RO         2662    .constdata          Net_Dbg_CM3_L.lib(net_version.o)
    0x080200cc   0x080200cc   0x000000da   Data   RO          227    .conststring        http_server_cgi.o
    0x080201a6   0x080201a6   0x00000002   PAD
    0x080201a8   0x080201a8   0x00000078   Data   RO         1626    .conststring        net_config.o
    0x08020220   0x08020220   0x00000006   Data   RO         1627    .conststring        net_config.o
    0x08020226   0x08020226   0x00000002   PAD
    0x08020228   0x08020228   0x00000001   Data   RO         1628    .conststring        net_config.o
    0x08020229   0x08020229   0x00000003   PAD
    0x0802022c   0x0802022c   0x00000039   Data   RO         1629    .conststring        net_config.o
    0x08020265   0x08020265   0x00000003   PAD
    0x08020268   0x08020268   0x00000203   Data   RO         2579    .conststring        Net_Dbg_CM3_L.lib(net_http_server_err.o)
    0x0802046b   0x0802046b   0x00000001   PAD
    0x0802046c   0x0802046c   0x0000000b   Data   RO          562    .conststrlit        rtx_kernel.o
    0x08020477   0x08020477   0x00000001   PAD
    0x08020478   0x08020478   0x000000a8   Data   RO          623    .rodata             rtx_lib.o
    0x08020520   0x08020520   0x00000030   Data   RO         2995    Region$$Table       anon$$obj.o


    Execution Region RW_IRAM2 (Exec base: 0x10000000, Load base: 0x08020678, Size: 0x000004a4, Max: 0x00010000, ABSOLUTE)

    Exec Addr    Load Addr    Size         Type   Attr      Idx    E Section Name        Object

    0x10000000        -       0x000004a4   Zero   RW         1069    .bss.noinit         eventrecorder.o


    Execution Region RW_IRAM1 (Exec base: 0x20000000, Load base: 0x08020550, Size: 0x0000f690, Max: 0x00030000, ABSOLUTE, COMPRESSED[0x00000128])

    Exec Addr    Load Addr    Size         Type   Attr      Idx    E Section Name        Object

    0x20000000   COMPRESSED   0x00008000   Data   RW          610    .bss.os             rtx_lib.o
    0x20008000   COMPRESSED   0x00000040   Data   RW          611    .bss.os             rtx_lib.o
    0x20008040   COMPRESSED   0x00000001   Data   RW          915    .bss.os             os_systick.o
    0x20008041   COMPRESSED   0x00000003   PAD
    0x20008044   COMPRESSED   0x00000034   Data   RW          612    .bss.os.msgqueue.cb  rtx_lib.o
    0x20008078   COMPRESSED   0x00000050   Data   RW          613    .bss.os.msgqueue.mem  rtx_lib.o
    0x200080c8   COMPRESSED   0x0000001c   Data   RW         1592    .bss.os.mutex.cb    net_config.o
    0x200080e4   COMPRESSED   0x0000001c   Data   RW         1593    .bss.os.mutex.cb    net_config.o
    0x20008100   COMPRESSED   0x00000010   Data   RW         1594    .bss.os.semaphore.cb  net_config.o
    0x20008110   COMPRESSED   0x00000044   Data   RW          614    .bss.os.thread.cb   rtx_lib.o
    0x20008154   COMPRESSED   0x00000044   Data   RW          615    .bss.os.thread.cb   rtx_lib.o
    0x20008198   COMPRESSED   0x00000044   Data   RW         1595    .bss.os.thread.cb   net_config.o
    0x200081dc   COMPRESSED   0x00000044   Data   RW         1596    .bss.os.thread.cb   net_config.o
    0x20008220   COMPRESSED   0x00000200   Data   RW          616    .bss.os.thread.idle.stack  rtx_lib.o
    0x20008420   COMPRESSED   0x00000200   Data   RW          617    .bss.os.thread.timer.stack  rtx_lib.o
    0x20008620   COMPRESSED   0x00000020   Data   RW         1597    .bss.os.timer.cb    net_config.o
    0x20008640   COMPRESSED   0x00000004   Data   RW            5    .data               main.o
    0x20008644   COMPRESSED   0x0000000c   Data   RW          193    .data               http_server.o
    0x20008650   COMPRESSED   0x00000008   Data   RW          228    .data               http_server_cgi.o
    0x20008658   COMPRESSED   0x0000000c   Data   RW          315    .data               lcd_stm32f429zi.o
    0x20008664   COMPRESSED   0x00000001   Data   RW          347    .data               adc_stm32f429zi.o
    0x20008665   COMPRESSED   0x00000003   PAD
    0x20008668   COMPRESSED   0x0000000c   Data   RW         1103    .data               stm32f4xx_hal.o
    0x20008674   COMPRESSED   0x00000004   Data   RW         1555    .data               system_stm32f4xx.o
    0x20008678   COMPRESSED   0x00000004   Data   RW         1631    .data               net_config.o
    0x2000867c   COMPRESSED   0x00000006   Data   RW         1632    .data               net_config.o
    0x20008682   COMPRESSED   0x00000004   Data   RW         1633    .data               net_config.o
    0x20008686   COMPRESSED   0x00000004   Data   RW         1839    .data               Net_Dbg_CM3_L.lib(net_igmp.o)
    0x2000868a   COMPRESSED   0x00000002   PAD
    0x2000868c   COMPRESSED   0x00000004   Data   RW         1866    .data               Net_Dbg_CM3_L.lib(net_loopback.o)
    0x20008690   COMPRESSED   0x00000004   Data   RW         1884    .data               Net_Dbg_CM3_L.lib(net_ip4_frag.o)
    0x20008694   COMPRESSED   0x00000001   Data   RW         1902    .data               Net_Dbg_CM3_L.lib(net_icmp.o)
    0x20008695   COMPRESSED   0x00000001   PAD
    0x20008696   COMPRESSED   0x00000002   Data   RW         1944    .data               Net_Dbg_CM3_L.lib(net_udp.o)
    0x20008698   COMPRESSED   0x00000004   Data   RW         2035    .data               Net_Dbg_CM3_L.lib(net_tcp.o)
    0x2000869c   COMPRESSED   0x00000002   Data   RW         2120    .data               Net_Dbg_CM3_L.lib(net_dhcp_client.o)
    0x2000869e   COMPRESSED   0x00000001   Data   RW         2147    .data               Net_Dbg_CM3_L.lib(net_nbns_client.o)
    0x2000869f   COMPRESSED   0x00000001   PAD
    0x200086a0   COMPRESSED   0x0000000c   Data   RW         2216    .data               Net_Dbg_CM3_L.lib(net_http_server.o)
    0x200086ac   COMPRESSED   0x00000008   Data   RW         2504    .data               Net_Dbg_CM3_L.lib(net_ip4.o)
    0x200086b4   COMPRESSED   0x00000004   Data   RW         2540    .data               Net_Dbg_CM3_L.lib(net_ip6.o)
    0x200086b8   COMPRESSED   0x000000a4   Data   RW          563    .data.os            rtx_kernel.o
    0x2000875c        -       0x00000078   Zero   RW          189    .bss                http_server.o
    0x200087d4   COMPRESSED   0x00000004   PAD
    0x200087d8        -       0x00000400   Zero   RW          190    .bss                http_server.o
    0x20008bd8        -       0x0000002a   Zero   RW          191    .bss                http_server.o
    0x20008c02        -       0x00000038   Zero   RW          226    .bss                http_server_cgi.o
    0x20008c3a   COMPRESSED   0x00000002   PAD
    0x20008c3c        -       0x00000014   Zero   RW          282    .bss                leds_stm32f429zi.o
    0x20008c50        -       0x0000026c   Zero   RW          313    .bss                lcd_stm32f429zi.o
    0x20008ebc        -       0x00000048   Zero   RW          346    .bss                adc_stm32f429zi.o
    0x20008f04        -       0x00000020   Zero   RW          373    .bss                rtc.o
    0x20008f24        -       0x0000000c   Zero   RW          962    .bss                phy_lan8742a.o
    0x20008f30        -       0x000024cc   Zero   RW          990    .bss                emac_stm32f4xx.o
    0x2000b3fc        -       0x00000010   Zero   RW         1029    .bss                spi_stm32f4xx.o
    0x2000b40c        -       0x0000001c   Zero   RW         1030    .bss                spi_stm32f4xx.o
    0x2000b428        -       0x00000400   Zero   RW         1582    .bss                net_config.o
    0x2000b828        -       0x00000400   Zero   RW         1583    .bss                net_config.o
    0x2000bc28        -       0x00002ee0   Zero   RW         1584    .bss                net_config.o
    0x2000eb08        -       0x000000c8   Zero   RW         1585    .bss                net_config.o
    0x2000ebd0        -       0x00000028   Zero   RW         1586    .bss                net_config.o
    0x2000ebf8        -       0x00000018   Zero   RW         1587    .bss                net_config.o
    0x2000ec10        -       0x00000028   Zero   RW         1588    .bss                net_config.o
    0x2000ec38        -       0x00000050   Zero   RW         1589    .bss                net_config.o
    0x2000ec88        -       0x00000228   Zero   RW         1590    .bss                net_config.o
    0x2000eeb0        -       0x00000150   Zero   RW         1591    .bss                net_config.o
    0x2000f000        -       0x000000a0   Zero   RW         1728    .bss                Net_Dbg_CM3_L.lib(net_eth.o)
    0x2000f0a0        -       0x00000018   Zero   RW         1788    .bss                Net_Dbg_CM3_L.lib(net_arp.o)
    0x2000f0b8        -       0x0000001c   Zero   RW         1943    .bss                Net_Dbg_CM3_L.lib(net_udp.o)
    0x2000f0d4        -       0x00000028   Zero   RW         2116    .bss                Net_Dbg_CM3_L.lib(net_dhcp_client.o)
    0x2000f0fc        -       0x00000098   Zero   RW         2214    .bss                Net_Dbg_CM3_L.lib(net_http_server.o)
    0x2000f194        -       0x0000002c   Zero   RW         2286    .bss                Net_Dbg_CM3_L.lib(net_ping_core.o)
    0x2000f1c0        -       0x00000038   Zero   RW         2321    .bss                Net_Dbg_CM3_L.lib(net_sys.o)
    0x2000f1f8        -       0x00000024   Zero   RW         2322    .bss                Net_Dbg_CM3_L.lib(net_sys.o)
    0x2000f21c        -       0x0000005c   Zero   RW         2379    .bss                Net_Dbg_CM3_L.lib(net_addr.o)
    0x2000f278        -       0x00000014   Zero   RW         2594    .bss                Net_Dbg_CM3_L.lib(net_mem.o)
    0x2000f28c   COMPRESSED   0x00000004   PAD
    0x2000f290        -       0x00000400   Zero   RW         1542    STACK               startup_stm32f429xx.o


==============================================================================

Image component sizes


      Code (inc. data)   RO Data    RW Data    ZI Data      Debug   Object Name

       372         34          0          1         72       2837   adc_stm32f429zi.o
      2536        156        148          0       9420      47726   emac_stm32f4xx.o
      1452         40         24          0       1188      17700   eventrecorder.o
       260         70         36         12       1186       2651   http_server.o
      1496        226        218          8         56       3989   http_server_cgi.o
       148          8          0          0          0        692   irq_armv7m.o
      1068         70       2400         12        620       4876   lcd_stm32f429zi.o
       172         16          6          0         20       2229   leds_stm32f429zi.o
       292         30          0          4          0     812297   main.o
       348         26        820        254      15320      31903   net_config.o
       338          0          0          0          0        950   net_debug.o
       196         12          0          1          0       2040   os_systick.o
       428         10         36          0         12       7018   phy_lan8742a.o
       408         48          0          0         32       2135   rtc.o
         4          0          0          0          0        647   rtx_config.o
       260         14          0          0          0      21698   rtx_delay.o
      2392         88          0          0          0      45265   rtx_evr.o
      1740         96         11        164          0      28168   rtx_kernel.o
        24          0        268      34124          0       9931   rtx_lib.o
       292          0          0          0          0       3895   rtx_memory.o
      1984         48          0          0          0      15340   rtx_mempool.o
      2820         58          0          0          0      23904   rtx_msgqueue.o
      1368         30          0          0          0      10226   rtx_mutex.o
      1432         34          0          0          0      12068   rtx_semaphore.o
       668         18          0          0          0       8649   rtx_system.o
      4908        126          0          0          0      34029   rtx_thread.o
      1152         34          0          0          0      10333   rtx_timer.o
      3164         98        128          0         44      45011   spi_stm32f4xx.o
        36          8        428          0       1024        884   startup_stm32f429xx.o
       456         38          0         12          0      11615   stm32f4xx_hal.o
      2744         92          0          0          0       9099   stm32f4xx_hal_adc.o
      1828         42          0          0          0       6766   stm32f4xx_hal_adc_ex.o
       664         10          0          0          0      36454   stm32f4xx_hal_cortex.o
      1816         28          8          0          0       7913   stm32f4xx_hal_dma.o
       868         54          0          0          0       4267   stm32f4xx_hal_gpio.o
       376         20          0          0          0       3895   stm32f4xx_hal_pwr.o
      1892         70          0          0          0       6467   stm32f4xx_hal_rcc.o
      1508         80          0          0          0       4929   stm32f4xx_hal_rcc_ex.o
      2416         24          0          0          0       8981   stm32f4xx_hal_rtc_1.o
      2828         22          0          0          0      14021   stm32f4xx_hal_rtc_ex.o
      9170        166          0          0          0      37916   stm32f4xx_hal_tim.o
      2992         62          0          0          0      13940   stm32f4xx_hal_tim_ex.o
       164         24         24          4          0       1905   system_stm32f4xx.o
       120         10      25751          0          0       1788   web.o

    ----------------------------------------------------------------------
     61602       2140      30368      34602      29000    1379047   Object Totals
         0          0         48          0          0          0   (incl. Generated)
         2          0         14          6          6          0   (incl. Padding)

    ----------------------------------------------------------------------

      Code (inc. data)   RO Data    RW Data    ZI Data      Debug   Library Member Name

      1414         18         22          0         92       1556   net_addr.o
      2892        144          0          0         24       1616   net_arp.o
       600         10         16          0          0       1272   net_common.o
      3766        164          0          2         40        888   net_dhcp_client.o
      3664        138          0          0        160       1600   net_eth.o
      6834       1268        250         12        152       2852   net_http_server.o
         0          0        539          0          0          0   net_http_server_err.o
       640         48          0          1          0        236   net_icmp.o
       812         60          0          0          0        332   net_icmp6.o
       972         46          8          4          0        680   net_igmp.o
      1188         82          4          8          0        956   net_ip4.o
       690         30          0          4          0        476   net_ip4_frag.o
       848         72         32          4          0        644   net_ip6.o
       348         28         56          4          0        256   net_loopback.o
       592         64          0          0         20        564   net_mem.o
       520         44          8          1          0        188   net_nbns_client.o
      3058        106          0          0          0       1404   net_ndp.o
       188         32         18          0         44        220   net_ping_core.o
       834         84          0          0         92       1012   net_sys.o
      6566        282          0          4          0       2728   net_tcp.o
      1350         76          0          2         28        688   net_udp.o
         0          0          4          0          0          0   net_version.o
        86          0          0          0          0          0   __dczerorl2.o
         0          0          0          0          0          0   entry.o
         0          0          0          0          0          0   entry10a.o
         0          0          0          0          0          0   entry11a.o
         4          0          0          0          0          0   entry12b.o
         8          4          0          0          0          0   entry2.o
         4          0          0          0          0          0   entry5.o
         0          0          0          0          0          0   entry7b.o
         0          0          0          0          0          0   entry8b.o
         8          4          0          0          0          0   entry9a.o
        30          0          0          0          0          0   handlers.o
        36          8          0          0          0         68   init.o
        30          0          0          0          0         68   llshl.o
        32          0          0          0          0         68   llushr.o
        26          0          0          0          0         80   memcmp.o
        36          0          0          0          0         68   memcpya.o
        36          0          0          0          0        108   memseta.o
      1160         50          0          0          0        420   printf8.o
        28          0          0          0          0         76   strcmp.o
        18          0          0          0          0         68   strcpy.o
        14          0          0          0          0         68   strlen.o
        30          0          0          0          0         80   strncmp.o
        98          0          0          0          0         92   uldiv.o

    ----------------------------------------------------------------------
     39502       2862        960         50        656      21432   Library Totals
        42          0          3          4          4          0   (incl. Padding)

    ----------------------------------------------------------------------

      Code (inc. data)   RO Data    RW Data    ZI Data      Debug   Library Name

     37776       2796        957         46        652      20168   Net_Dbg_CM3_L.lib
      1684         66          0          0          0       1264   mc_w.l

    ----------------------------------------------------------------------
     39502       2862        960         50        656      21432   Library Totals

    ----------------------------------------------------------------------

==============================================================================


      Code (inc. data)   RO Data    RW Data    ZI Data      Debug   

    101104       5002      31328      34652      29656    1378151   Grand Totals
    101104       5002      31328        296      29656    1378151   ELF Image Totals (compressed)
    101104       5002      31328        296          0          0   ROM Totals

==============================================================================

    Total RO  Size (Code + RO Data)               132432 ( 129.33kB)
    Total RW  Size (RW Data + ZI Data)             64308 (  62.80kB)
    Total ROM Size (Code + RO Data + RW Data)     132728 ( 129.62kB)

==============================================================================

