Component: ARM Compiler 5.06 update 7 (build 960) Tool: armlink [4d3601]

==============================================================================

Section Cross References

    main.o(.text) refers to rtx_kernel.o(.text.osKernelGetState) for osKernelGetState
    main.o(.text) refers to rtx_kernel.o(.text.osKernelGetTickCount) for osKernelGetTickCount
    main.o(.text) refers to stm32f4xx_hal.o(.text) for HAL_Init
    main.o(.text) refers to system_stm32f4xx_1.o(.text) for SystemCoreClockUpdate
    main.o(.text) refers to rtx_kernel.o(.text.osKernelInitialize) for osKernelInitialize
    main.o(.text) refers to rtx_thread.o(.text.osThreadNew) for osThreadNew
    main.o(.text) refers to rtx_kernel.o(.text.osKernelStart) for osKernelStart
    main.o(.text) refers to stm32f4xx_hal_rcc.o(.text) for HAL_RCC_OscConfig
    main.o(.text) refers to system_stm32f4xx_1.o(.data) for SystemCoreClock
    main.o(.text) refers to main.o(.data) for .data
    main.o(.text) refers to http_server.o(.constdata) for app_main_attr
    main.o(.text) refers to http_server.o(.text) for app_main
    http_server.o(.text) refers to leds_stm32f429zi.o(.text) for LED_SetOut_ZI
    http_server.o(.text) refers to rtx_delay.o(.text.osDelay) for osDelay
    http_server.o(.text) refers to net_sys.o(i.netInitialize) for netInitialize
    http_server.o(.text) refers to rtx_thread.o(.text.osThreadNew) for osThreadNew
    http_server.o(.text) refers to rtx_thread.o(.text.osThreadExit) for osThreadExit
    http_server.o(.text) refers to http_server.o(.data) for .data
    http_server.o(.constdata) refers to http_server.o(.bss) for app_main_stk
    http_server_cgi.o(.text) refers to net_http_server.o(i.netCGI_GetEnvVar) for netCGI_GetEnvVar
    http_server_cgi.o(.text) refers to net_addr.o(i.netIP_aton) for netIP_aton
    http_server_cgi.o(.text) refers to net_sys.o(i.netIF_SetOption) for netIF_SetOption
    http_server_cgi.o(.text) refers to strcmp.o(.text) for strcmp
    http_server_cgi.o(.text) refers to strncmp.o(.text) for strncmp
    http_server_cgi.o(.text) refers to leds_stm32f429zi.o(.text) for LED_SetOut_ZI
    http_server_cgi.o(.text) refers to net_http_server.o(i.netHTTPs_LoginActive) for netHTTPs_LoginActive
    http_server_cgi.o(.text) refers to strcpy.o(.text) for strcpy
    http_server_cgi.o(.text) refers to net_http_server.o(i.netHTTPs_SetPassword) for netHTTPs_SetPassword
    http_server_cgi.o(.text) refers to rtx_thread.o(.text.osThreadFlagsSet) for osThreadFlagsSet
    http_server_cgi.o(.text) refers to net_sys.o(i.netIF_GetOption) for netIF_GetOption
    http_server_cgi.o(.text) refers to net_addr.o(i.netIP_ntoa) for netIP_ntoa
    http_server_cgi.o(.text) refers to printfa.o(i.__0sprintf) for __2sprintf
    http_server_cgi.o(.text) refers to net_tcp.o(i.netTCP_GetState) for netTCP_GetState
    http_server_cgi.o(.text) refers to net_tcp.o(i.netTCP_GetPeer) for netTCP_GetPeer
    http_server_cgi.o(.text) refers to net_tcp.o(i.netTCP_GetTimer) for netTCP_GetTimer
    http_server_cgi.o(.text) refers to net_tcp.o(i.netTCP_GetLocalPort) for netTCP_GetLocalPort
    http_server_cgi.o(.text) refers to net_http_server.o(i.netHTTPs_GetPassword) for netHTTPs_GetPassword
    http_server_cgi.o(.text) refers to net_http_server.o(i.netHTTPs_GetLanguage) for netHTTPs_GetLanguage
    http_server_cgi.o(.text) refers to f2d.o(.text) for __aeabi_f2d
    http_server_cgi.o(.text) refers to dmul.o(.text) for __aeabi_dmul
    http_server_cgi.o(.text) refers to http_server_cgi.o(.bss) for .bss
    http_server_cgi.o(.text) refers to http_server_cgi.o(.data) for .data
    http_server_cgi.o(.text) refers to http_server.o(.data) for LEDrun
    http_server_cgi.o(.text) refers to http_server.o(.data) for TID_Display
    http_server_cgi.o(.text) refers to http_server.o(.data) for lcd_text
    http_server_cgi.o(.text) refers to http_server_cgi.o(.conststring) for .conststring
    web.o(.text) refers to web.o(.constdata) for .constdata
    web.o(.constdata) refers to web.o(.constdata) for imageFileData
    leds_stm32f429zi.o(.text) refers to stm32f4xx_hal_gpio.o(.text) for HAL_GPIO_Init
    leds_stm32f429zi.o(.text) refers to leds_stm32f429zi.o(.bss) for .bss
    leds_stm32f429zi.o(.text) refers to leds_stm32f429zi.o(.constdata) for .constdata
    lcd_stm32f429zi.o(.text) refers to stm32f4xx_hal_gpio.o(.text) for HAL_GPIO_Init
    lcd_stm32f429zi.o(.text) refers to stm32f4xx_hal_tim.o(.text) for HAL_TIM_Base_Init
    lcd_stm32f429zi.o(.text) refers to memseta.o(.text) for __aeabi_memclr4
    lcd_stm32f429zi.o(.text) refers to lcd_stm32f429zi.o(.bss) for .bss
    lcd_stm32f429zi.o(.text) refers to lcd_stm32f429zi.o(.data) for .data
    lcd_stm32f429zi.o(.data) refers to spi_stm32f4xx.o(.constdata) for Driver_SPI1
    led_f429discovery.o(.text) refers to stm32f4xx_hal_gpio.o(.text) for HAL_GPIO_Init
    led_f429discovery.o(.text) refers to led_f429discovery.o(.constdata) for .constdata
[...]
    net_crc_buf                              0x0800a367   Thumb Code    30  net_common.o(i.net_crc_buf)
    net_dhcp6_client_init                    0x0800a385   Thumb Code    82  net_dhcp6_client.o(i.net_dhcp6_client_init)
    net_dhcp6_client_run                     0x0800a3e9   Thumb Code    22  net_dhcp6_client.o(i.net_dhcp6_client_run)
    net_eth_callback                         0x0800a405   Thumb Code    14  net_eth.o(i.net_eth_callback)
    net_eth_config_mcast                     0x0800a413   Thumb Code   104  net_eth.o(i.net_eth_config_mcast)
    net_eth_get_option                       0x0800a47b   Thumb Code   222  net_eth.o(i.net_eth_get_option)
    net_eth_iface_init                       0x0800a559   Thumb Code    22  net_eth.o(i.net_eth_iface_init)
    net_eth_iface_run                        0x0800a575   Thumb Code    22  net_eth.o(i.net_eth_iface_run)
    net_eth_output                           0x0800a591   Thumb Code   152  net_eth.o(i.net_eth_output)
    net_eth_send_frame                       0x0800a629   Thumb Code   282  net_eth.o(i.net_eth_send_frame)
    net_eth_set_option                       0x0800a749   Thumb Code   366  net_eth.o(i.net_eth_set_option)
    net_http_server_init                     0x0800a8bd   Thumb Code   150  net_http_server.o(i.net_http_server_init)
    net_http_server_run                      0x0800a965   Thumb Code    30  net_http_server.o(i.net_http_server_run)
    net_icmp6_init                           0x0800a98d   Thumb Code    20  net_icmp6.o(i.net_icmp6_init)
    net_icmp6_process                        0x0800a9a5   Thumb Code   316  net_icmp6.o(i.net_icmp6_process)
    net_icmp6_send                           0x0800aaed   Thumb Code   100  net_icmp6.o(i.net_icmp6_send)
    net_icmp6_send_echo                      0x0800ab51   Thumb Code    78  net_icmp6.o(i.net_icmp6_send_echo)
    net_icmp_init                            0x0800aba9   Thumb Code    20  net_icmp.o(i.net_icmp_init)
    net_icmp_process                         0x0800abc1   Thumb Code   250  net_icmp.o(i.net_icmp_process)
    net_icmp_send_echo                       0x0800acc9   Thumb Code   120  net_icmp.o(i.net_icmp_send_echo)
    net_if_map_all                           0x0800ad49   Thumb Code     6  net_sys.o(i.net_if_map_all)
    net_igmp_collect_mcast                   0x0800ad55   Thumb Code   104  net_igmp.o(i.net_igmp_collect_mcast)
    net_igmp_host_init                       0x0800adc1   Thumb Code    50  net_igmp.o(i.net_igmp_host_init)
    net_igmp_host_run                        0x0800adf9   Thumb Code    22  net_igmp.o(i.net_igmp_host_run)
    net_igmp_is_member                       0x0800ae15   Thumb Code    28  net_igmp.o(i.net_igmp_is_member)
    net_igmp_process                         0x0800ae35   Thumb Code   230  net_igmp.o(i.net_igmp_process)
    net_ip4_chk_frame                        0x0800af21   Thumb Code   252  net_ip4.o(i.net_ip4_chk_frame)
    net_ip4_chksum                           0x0800b029   Thumb Code    44  net_ip4.o(i.net_ip4_chksum)
    net_ip4_chksum_buf                       0x0800b055   Thumb Code     6  net_ip4.o(i.net_ip4_chksum_buf)
    net_ip4_find_route                       0x0800b05d   Thumb Code   104  net_ip4.o(i.net_ip4_find_route)
    net_ip4_frag_add                         0x0800b0dd   Thumb Code   284  net_ip4_frag.o(i.net_ip4_frag_add)
    net_ip4_frag_get                         0x0800b201   Thumb Code   168  net_ip4_frag.o(i.net_ip4_frag_get)
    net_ip4_frag_init                        0x0800b2ad   Thumb Code    12  net_ip4_frag.o(i.net_ip4_frag_init)
    net_ip4_frag_run                         0x0800b2bd   Thumb Code    50  net_ip4_frag.o(i.net_ip4_frag_run)
    net_ip4_get_local                        0x0800b2f9   Thumb Code    40  net_ip4.o(i.net_ip4_get_local)
    net_ip4_init                             0x0800b325   Thumb Code    14  net_ip4.o(i.net_ip4_init)
    net_ip4_is_onlink                        0x0800b33d   Thumb Code    32  net_ip4.o(i.net_ip4_is_onlink)
    net_ip4_is_subcast                       0x0800b35d   Thumb Code    38  net_ip4.o(i.net_ip4_is_subcast)
    net_ip4_reass_frame                      0x0800b383   Thumb Code    14  net_ip4.o(i.net_ip4_reass_frame)
    net_ip4_send_frame                       0x0800b391   Thumb Code   282  net_ip4.o(i.net_ip4_send_frame)
    net_ip4_tx_offl_hl                       0x0800b4b5   Thumb Code    42  net_ip4.o(i.net_ip4_tx_offl_hl)
    net_ip6_chk_frame                        0x0800b4e1   Thumb Code   160  net_ip6.o(i.net_ip6_chk_frame)
    net_ip6_chksum                           0x0800b589   Thumb Code    50  net_ip6.o(i.net_ip6_chksum)
    net_ip6_collect_mcast                    0x0800b5bd   Thumb Code   118  net_ip6.o(i.net_ip6_collect_mcast)
    net_ip6_find_route                       0x0800b639   Thumb Code    56  net_ip6.o(i.net_ip6_find_route)
    net_ip6_get_local                        0x0800b681   Thumb Code    74  net_ip6.o(i.net_ip6_get_local)
    net_ip6_init                             0x0800b6d5   Thumb Code    10  net_ip6.o(i.net_ip6_init)
    net_ip6_send_frame                       0x0800b6e9   Thumb Code   124  net_ip6.o(i.net_ip6_send_frame)
    net_ip6_tx_offl_hl                       0x0800b769   Thumb Code    30  net_ip6.o(i.net_ip6_tx_offl_hl)
    net_itoa                                 0x0800b787   Thumb Code     8  net_common.o(i.net_itoa)
    net_itoa_n0                              0x0800b78f   Thumb Code     6  net_common.o(i.net_itoa_n0)
    net_loop_iface_init                      0x0800b795   Thumb Code    30  net_loopback.o(i.net_loop_iface_init)
    net_loop_iface_run                       0x0800b7b9   Thumb Code   164  net_loopback.o(i.net_loop_iface_run)
    net_loop_send_frame                      0x0800b865   Thumb Code    82  net_loopback.o(i.net_loop_send_frame)
    net_mem_alloc                            0x0800b8bd   Thumb Code   130  net_mem.o(i.net_mem_alloc)
    net_mem_avail                            0x0800b949   Thumb Code    22  net_mem.o(i.net_mem_avail)
    net_mem_free                             0x0800b965   Thumb Code   114  net_mem.o(i.net_mem_free)
    net_mem_init                             0x0800b9e1   Thumb Code    84  net_mem.o(i.net_mem_init)
    net_mem_shrink                           0x0800ba3d   Thumb Code    52  net_mem.o(i.net_mem_shrink)
    net_nbns_client_init                     0x0800ba75   Thumb Code    38  net_nbns_client.o(i.net_nbns_client_init)
    net_ndp_cache_find                       0x0800baa5   Thumb Code   228  net_ndp.o(i.net_ndp_cache_find)
    net_ndp_cache_init                       0x0800bb8d   Thumb Code    70  net_ndp.o(i.net_ndp_cache_init)
    net_ndp_cache_refresh                    0x0800bbd9   Thumb Code    74  net_ndp.o(i.net_ndp_cache_refresh)
    net_ndp_cache_run                        0x0800bc25   Thumb Code    22  net_ndp.o(i.net_ndp_cache_run)
    net_ndp_enqueue                          0x0800bc41   Thumb Code    96  net_ndp.o(i.net_ndp_enqueue)
    net_ndp_process                          0x0800bca1   Thumb Code   604  net_ndp.o(i.net_ndp_process)
    net_path                                 0x0800bf01   Thumb Code    52  net_sys.o(i.net_path)
    net_ping_client_init                     0x0800bf39   Thumb Code    10  net_ping_core.o(i.net_ping_client_init)
    net_ping_client_run                      0x0800bf49   Thumb Code    56  net_ping_core.o(i.net_ping_client_run)
    net_rand32                               0x0800bf89   Thumb Code    18  net_sys.o(i.net_rand32)
    net_strcasecmp                           0x0800bfa5   Thumb Code    46  net_common.o(i.net_strcasecmp)
    net_strcmp                               0x0800bfd3   Thumb Code    26  net_common.o(i.net_strcmp)
    net_strcpy                               0x0800bfed   Thumb Code    18  net_common.o(i.net_strcpy)
    net_strnchr                              0x0800bfff   Thumb Code    28  net_common.o(i.net_strnchr)
    net_strncpy                              0x0800c01b   Thumb Code    26  net_common.o(i.net_strncpy)
    net_strtoupper                           0x0800c035   Thumb Code    32  net_common.o(i.net_strtoupper)
    net_sys_lock                             0x0800c055   Thumb Code     8  net_sys.o(i.net_sys_lock)
    net_sys_resume                           0x0800c061   Thumb Code    22  net_sys.o(i.net_sys_resume)
    net_sys_tick                             0x0800c079   Thumb Code    16  net_sys.o(i.net_sys_tick)
    net_sys_unlock                           0x0800c08d   Thumb Code     8  net_sys.o(i.net_sys_unlock)
    net_sys_wakeup                           0x0800c099   Thumb Code    26  net_sys.o(i.net_sys_wakeup)
    net_tcp_abort                            0x0800c0b9   Thumb Code    88  net_tcp.o(i.net_tcp_abort)
    net_tcp_close                            0x0800c115   Thumb Code   166  net_tcp.o(i.net_tcp_close)
    net_tcp_get_buf                          0x0800c1c1   Thumb Code    30  net_tcp.o(i.net_tcp_get_buf)
    net_tcp_get_local_port                   0x0800c1e1   Thumb Code    48  net_tcp.o(i.net_tcp_get_local_port)
    net_tcp_get_mss                          0x0800c215   Thumb Code    34  net_tcp.o(i.net_tcp_get_mss)
    net_tcp_get_peer                         0x0800c23d   Thumb Code    80  net_tcp.o(i.net_tcp_get_peer)
    net_tcp_get_socket                       0x0800c291   Thumb Code    64  net_tcp.o(i.net_tcp_get_socket)
    net_tcp_get_state                        0x0800c2d5   Thumb Code    40  net_tcp.o(i.net_tcp_get_state)
    net_tcp_get_timer                        0x0800c301   Thumb Code    48  net_tcp.o(i.net_tcp_get_timer)
    net_tcp_listen                           0x0800c335   Thumb Code   120  net_tcp.o(i.net_tcp_listen)
    net_tcp_process                          0x0800c3b1   Thumb Code  1312  net_tcp.o(i.net_tcp_process)
    net_tcp_send                             0x0800c8d1   Thumb Code   222  net_tcp.o(i.net_tcp_send)
    net_tcp_set_option                       0x0800c9b9   Thumb Code   158  net_tcp.o(i.net_tcp_set_option)
    net_tcp_socket_init                      0x0800ca5d   Thumb Code    14  net_tcp.o(i.net_tcp_socket_init)
    net_tcp_socket_run                       0x0800ca71   Thumb Code   762  net_tcp.o(i.net_tcp_socket_run)
    net_udp_get_buf                          0x0800cd79   Thumb Code    30  net_udp.o(i.net_udp_get_buf)
    net_udp_get_socket                       0x0800cd99   Thumb Code    66  net_udp.o(i.net_udp_get_socket)
    net_udp_open                             0x0800cde1   Thumb Code   100  net_udp.o(i.net_udp_open)
    net_udp_process                          0x0800ce4d   Thumb Code   258  net_udp.o(i.net_udp_process)
    net_udp_send_if                          0x0800cf5d   Thumb Code   430  net_udp.o(i.net_udp_send_if)
    net_udp_socket_init                      0x0800d115   Thumb Code    12  net_udp.o(i.net_udp_socket_init)
    net_ultoa                                0x0800d125   Thumb Code     8  net_common.o(i.net_ultoa)
    net_ultox                                0x0800d12d   Thumb Code    44  net_common.o(i.net_ultox)
    net_xtoul                                0x0800d15d   Thumb Code    76  net_common.o(i.net_xtoul)
    app_main_attr                            0x0800dc98   Data          36  http_server.o(.constdata)
    imageLastModified                        0x0800dcbc   Data           4  web.o(.constdata)
    LEDS_PIN                                 0x08014154   Data           6  leds_stm32f429zi.o(.constdata)
    osRtxUserSVC                             0x080141bc   Data           4  rtx_lib.o(.constdata)
    Driver_ETH_PHY0                          0x080141c4   Data          32  phy_lan8742a.o(.constdata)
    Driver_ETH_MAC0                          0x08014234   Data          68  emac_stm32f4xx.o(.constdata)
    AHBPrescTable                            0x080142d4   Data          16  system_stm32f4xx_1.o(.constdata)
    APBPrescTable                            0x080142e4   Data           8  system_stm32f4xx_1.o(.constdata)
    net_sys_config                           0x08014394   Data          28  net_config.o(.constdata)
    net_eth0_if_config                       0x08014458   Data          44  net_config.o(.constdata)
    net_eth_list                             0x08014484   Data           8  net_config.o(.constdata)
    net_if_list_all                          0x0801448c   Data           8  net_config.o(.constdata)
    net_if_inet_def                          0x08014494   Data           8  net_config.o(.constdata)
    net_if_link_def                          0x0801449c   Data           8  net_config.o(.constdata)
    net_arp_list                             0x080144a4   Data           8  net_config.o(.constdata)
    net_icmp_list                            0x080144ac   Data           8  net_config.o(.constdata)
    net_igmp_list                            0x080144b4   Data           8  net_config.o(.constdata)
    net_ndp_list                             0x080144bc   Data           8  net_config.o(.constdata)
    net_icmp6_list                           0x080144c4   Data           8  net_config.o(.constdata)
    net_dhcp6_list                           0x080144cc   Data           8  net_config.o(.constdata)
    net_ip4_frag_config                      0x080144d4   Data           8  net_config.o(.constdata)
    net_udp_config                           0x080144dc   Data          12  net_config.o(.constdata)
    net_tcp_config                           0x080144e8   Data          24  net_config.o(.constdata)
    net_http_config                          0x08014500   Data          52  net_config.o(.constdata)
    netif_getopt_func                        0x08014594   Data          16  net_config.o(.constdata)
    netif_setopt_func                        0x080145a4   Data          16  net_config.o(.constdata)
    net_loop_if_config                       0x080145bc   Data          44  net_loopback.o(.constdata)
    net_ping_payload                         0x08014706   Data          18  net_ping_core.o(.constdata)
    net_addr_unspec                          0x08014718   Data          16  net_addr.o(.constdata)
    net_addr_bcast                           0x08014728   Data           6  net_addr.o(.constdata)
    net_addr4_loopback                       0x0801472e   Data           4  net_ip4.o(.constdata)
    net_addr6_all_nodes                      0x08014732   Data          16  net_ip6.o(.constdata)
    net_addr6_loopback                       0x08014742   Data          16  net_ip6.o(.constdata)
    net_addr6_all_routers                    0x08014752   Data          16  net_ip6.o(.constdata)
    net_http_error                           0x08014764   Data          24  net_http_server_err.o(.constdata)
    net_lib_version                          0x0801478c   Data           4  net_version.o(.constdata)
    network_ip4ip6_release_v7.15.0           0x0801478c   Data           4  net_version.o(.constdata)
    osRtxConfig                              0x08014b6c   Data         112  rtx_lib.o(.rodata)
    os_cb_sections                           0x08014bdc   Data          56  rtx_lib.o(.rodata)
    Region$$Table$$Base                      0x08014c20   Number         0  anon$$obj.o(Region$$Table)
    Region$$Table$$Limit                     0x08014c40   Number         0  anon$$obj.o(Region$$Table)
    .bss.os.msgqueue.cb$$Base                0x20008040   Number         0  rtx_lib.o(.bss.os.msgqueue.cb)
    .bss.os.msgqueue.cb$$Limit               0x20008074   Number         0  rtx_lib.o(.bss.os.msgqueue.cb)
    .bss.os.mutex.cb$$Base                   0x200080c4   Number         0  net_config.o(.bss.os.mutex.cb)
    .bss.os.mutex.cb$$Limit                  0x200080fc   Number         0  net_config.o(.bss.os.mutex.cb)
    .bss.os.semaphore.cb$$Base               0x200080fc   Number         0  net_config.o(.bss.os.semaphore.cb)
    .bss.os.semaphore.cb$$Limit              0x2000810c   Number         0  net_config.o(.bss.os.semaphore.cb)
    .bss.os.thread.cb$$Base                  0x2000810c   Number         0  rtx_lib.o(.bss.os.thread.cb)
    .bss.os.thread.cb$$Limit                 0x2000821c   Number         0  net_config.o(.bss.os.thread.cb)
    .bss.os.timer.cb$$Base                   0x20008620   Number         0  net_config.o(.bss.os.timer.cb)
    .bss.os.timer.cb$$Limit                  0x20008640   Number         0  net_config.o(.bss.os.timer.cb)
    lcd_text                                 0x20008644   Data          42  http_server.o(.data)
    LEDrun                                   0x20008670   Data           1  http_server.o(.data)
    TID_Led                                  0x20008674   Data           4  http_server.o(.data)
    TID_Display                              0x20008678   Data           4  http_server.o(.data)
    uwTickFreq                               0x20008684   Data           1  stm32f4xx_hal.o(.data)
    uwTickPrio                               0x20008688   Data           4  stm32f4xx_hal.o(.data)
    uwTick                                   0x2000868c   Data           4  stm32f4xx_hal.o(.data)
    SystemCoreClock                          0x20008690   Data           4  system_stm32f4xx_1.o(.data)
    net_eth0_igmp_control                    0x200086a2   Data           4  net_igmp.o(.data)
    net_eth0_icmp_control                    0x200086b0   Data           1  net_icmp.o(.data)
    net_eth0_icmp6_control                   0x200086b1   Data           1  net_icmp6.o(.data)
    osRtxInfo                                0x200086d4   Data         164  rtx_kernel.o(.data.os)
    app_main_stk                             0x20008778   Data        1024  http_server.o(.bss)
    GPIO_InitStruct_LEDS                     0x20008bb0   Data          20  leds_stm32f429zi.o(.bss)
    net_eth0_if_control                      0x2000eda4   Data         160  net_eth.o(.bss)
    net_eth0_arp_control                     0x2000ee44   Data          24  net_arp.o(.bss)
    net_eth0_ndp_control                     0x2000ee5c   Data          68  net_ndp.o(.bss)
    net_eth0_dhcp6_control                   0x2000eebc   Data          68  net_dhcp6_client.o(.bss)
    net_http_control                         0x2000ef84   Data          20  net_http_server.o(.bss)
    net_ping_control                         0x2000ef98   Data          44  net_ping_core.o(.bss)
    net_sys_control                          0x2000efd4   Data          28  net_sys.o(.bss)
    __initial_sp                             0x2000f470   Data           0  startup_stm32f429xx.o(STACK)



==============================================================================

Memory Map of the image

  Image Entry point : 0x080001ad

  Load Region LR_IROM1 (Base: 0x08000000, Size: 0x0001d3b8, Max: 0x00200000, ABSOLUTE, COMPRESSED[0x00014d74])

    Execution Region ER_IROM1 (Exec base: 0x08000000, Load base: 0x08000000, Size: 0x00014c40, Max: 0x00200000, ABSOLUTE)

    Exec Addr    Load Addr    Size         Type   Attr      Idx    E Section Name        Object

    0x08000000   0x08000000   0x000001ac   Data   RO          940    RESET               startup_stm32f429xx.o
    0x080001ac   0x080001ac   0x00000000   Code   RO         2555  * .ARM.Collect$$$$00000000  mc_w.l(entry.o)
    0x080001ac   0x080001ac   0x00000004   Code   RO         2841    .ARM.Collect$$$$00000001  mc_w.l(entry2.o)
    0x080001b0   0x080001b0   0x00000004   Code   RO         2844    .ARM.Collect$$$$00000004  mc_w.l(entry5.o)
    0x080001b4   0x080001b4   0x00000000   Code   RO         2846    .ARM.Collect$$$$00000008  mc_w.l(entry7b.o)
    0x080001b4   0x080001b4   0x00000000   Code   RO         2848    .ARM.Collect$$$$0000000A  mc_w.l(entry8b.o)
    0x080001b4   0x080001b4   0x00000008   Code   RO         2849    .ARM.Collect$$$$0000000B  mc_w.l(entry9a.o)
    0x080001bc   0x080001bc   0x00000004   Code   RO         2856    .ARM.Collect$$$$0000000E  mc_w.l(entry12b.o)
    0x080001c0   0x080001c0   0x00000000   Code   RO         2851    .ARM.Collect$$$$0000000F  mc_w.l(entry10a.o)
    0x080001c0   0x080001c0   0x00000000   Code   RO         2853    .ARM.Collect$$$$00000011  mc_w.l(entry11a.o)
    0x080001c0   0x080001c0   0x00000004   Code   RO         2842    .ARM.Collect$$$$00002712  mc_w.l(entry2.o)
    0x080001c4   0x080001c4   0x0000010c   Code   RO            4    .text               main.o
    0x080002d0   0x080002d0   0x0000005c   Code   RO          154    .text               http_server.o
    0x0800032c   0x0800032c   0x00000572   Code   RO          206    .text               http_server_cgi.o
    0x0800089e   0x0800089e   0x00000002   PAD
    0x080008a0   0x080008a0   0x0000005c   Code   RO          248    .text               web.o
    0x080008fc   0x080008fc   0x000000ac   Code   RO          268    .text               leds_stm32f429zi.o
    0x080009a8   0x080009a8   0x00000004   Code   RO          407    .text               rtx_config.o
    0x080009ac   0x080009ac   0x00000198   Code   RO          432    .text               phy_lan8742a.o
    0x08000b44   0x08000b44   0x00000934   Code   RO          460    .text               emac_stm32f4xx.o
    0x08001478   0x08001478   0x00000bb0   Code   RO          505    .text               spi_stm32f4xx.o
    0x08002028   0x08002028   0x000001c4   Code   RO          544    .text               stm32f4xx_hal.o
    0x080021ec   0x080021ec   0x00000284   Code   RO          622    .text               stm32f4xx_hal_cortex.o
    0x08002470   0x08002470   0x000006b8   Code   RO          650    .text               stm32f4xx_hal_dma.o
    0x08002b28   0x08002b28   0x0000038c   Code   RO          699    .text               stm32f4xx_hal_gpio.o
    0x08002eb4   0x08002eb4   0x000006d8   Code   RO          771    .text               stm32f4xx_hal_rcc.o
    0x0800358c   0x0800358c   0x00000024   Code   RO          941    .text               startup_stm32f429xx.o
    0x080035b0   0x080035b0   0x00000098   Code   RO          948    .text               system_stm32f4xx_1.o
    0x08003648   0x08003648   0x00000160   Code   RO          977    .text               net_config.o
    0x080037a8   0x080037a8   0x000000c8   Code   RO         1423    .text               RTX_CM4F.lib(irq_armv7m.o)
    0x08003870   0x08003870   0x00000062   Code   RO         2558    .text               mc_w.l(uldiv.o)
    0x080038d2   0x080038d2   0x00000024   Code   RO         2560    .text               mc_w.l(memcpya.o)
    0x080038f6   0x080038f6   0x00000024   Code   RO         2562    .text               mc_w.l(memseta.o)
    0x0800391a   0x0800391a   0x0000000e   Code   RO         2564    .text               mc_w.l(strlen.o)
    0x08003928   0x08003928   0x0000001c   Code   RO         2566    .text               mc_w.l(strcmp.o)
    0x08003944   0x08003944   0x0000001a   Code   RO         2568    .text               mc_w.l(memcmp.o)
    0x0800395e   0x0800395e   0x00000012   Code   RO         2570    .text               mc_w.l(strcpy.o)
    0x08003970   0x08003970   0x0000001e   Code   RO         2572    .text               mc_w.l(strncmp.o)
    0x0800398e   0x0800398e   0x000000e4   Code   RO         2837    .text               mf_w.l(dmul.o)
    0x08003a72   0x08003a72   0x00000026   Code   RO         2839    .text               mf_w.l(f2d.o)
    0x08003a98   0x08003a98   0x0000002c   Code   RO         2860    .text               mc_w.l(uidiv.o)
    0x08003ac4   0x08003ac4   0x0000001e   Code   RO         2862    .text               mc_w.l(llshl.o)
    0x08003ae2   0x08003ae2   0x00000020   Code   RO         2864    .text               mc_w.l(llushr.o)
    0x08003b02   0x08003b02   0x00000000   Code   RO         2866    .text               mc_w.l(iusefp.o)
    0x08003b02   0x08003b02   0x000000ba   Code   RO         2867    .text               mf_w.l(depilogue.o)
    0x08003bbc   0x08003bbc   0x0000014e   Code   RO         2869    .text               mf_w.l(dadd.o)
    0x08003d0a   0x08003d0a   0x000000de   Code   RO         2871    .text               mf_w.l(ddiv.o)
    0x08003de8   0x08003de8   0x00000030   Code   RO         2873    .text               mf_w.l(dfixul.o)
    0x08003e18   0x08003e18   0x00000030   Code   RO         2875    .text               mf_w.l(cdrcmple.o)
    0x08003e48   0x08003e48   0x00000024   Code   RO         2877    .text               mc_w.l(init.o)
    0x08003e6c   0x08003e6c   0x00000024   Code   RO         2880    .text               mc_w.l(llsshr.o)
    0x08003e90   0x08003e90   0x00000056   Code   RO         2890    .text               mc_w.l(__dczerorl2.o)
    0x08003ee6   0x08003ee6   0x00000040   Code   RO         2335    .text.MessageQueueGet  RTX_CM4F.lib(rtx_msgqueue.o)
    0x08003f26   0x08003f26   0x00000058   Code   RO         2329    .text.MessageQueuePut  RTX_CM4F.lib(rtx_msgqueue.o)
    0x08003f7e   0x08003f7e   0x0000001c   Code   RO         2327    .text.MessageQueueRemove  RTX_CM4F.lib(rtx_msgqueue.o)
    0x08003f9a   0x08003f9a   0x00000002   PAD
    0x08003f9c   0x08003f9c   0x0000000c   Code   RO         2373    .text.OS_Tick_AcknowledgeIRQ  RTX_CM4F.lib(os_systick.o)
    0x08003fa8   0x08003fa8   0x0000002c   Code   RO         2369    .text.OS_Tick_Enable  RTX_CM4F.lib(os_systick.o)
    0x08003fd4   0x08003fd4   0x00000006   Code   RO         2375    .text.OS_Tick_GetIRQn  RTX_CM4F.lib(os_systick.o)
    0x08003fda   0x08003fda   0x00000002   PAD
    0x08003fdc   0x08003fdc   0x00000040   Code   RO         2367    .text.OS_Tick_Setup  RTX_CM4F.lib(os_systick.o)
    0x0800401c   0x0800401c   0x0000000c   Code   RO         1134    .text.OUTLINED_FUNCTION_0  RTX_CM4F.lib(rtx_kernel.o)
    0x08004028   0x08004028   0x00000006   Code   RO         1276    .text.OUTLINED_FUNCTION_0  RTX_CM4F.lib(rtx_thread.o)
    0x0800402e   0x0800402e   0x0000000c   Code   RO         2343    .text.OUTLINED_FUNCTION_0  RTX_CM4F.lib(rtx_msgqueue.o)
    0x0800403a   0x0800403a   0x00000006   Code   RO         1136    .text.OUTLINED_FUNCTION_1  RTX_CM4F.lib(rtx_kernel.o)
    0x08004040   0x08004040   0x00000006   Code   RO         1278    .text.OUTLINED_FUNCTION_1  RTX_CM4F.lib(rtx_thread.o)
    0x08004046   0x08004046   0x00000014   Code   RO         1280    .text.OUTLINED_FUNCTION_2  RTX_CM4F.lib(rtx_thread.o)
    0x0800405a   0x0800405a   0x00000008   Code   RO         1282    .text.OUTLINED_FUNCTION_3  RTX_CM4F.lib(rtx_thread.o)
    0x08004062   0x08004062   0x0000002e   Code   RO         1410    .text.SemaphoreTokenIncrement  RTX_CM4F.lib(rtx_semaphore.o)
    0x08004090   0x08004090   0x00000064   Code   RO         1228    .text.ThreadFlagsCheck  RTX_CM4F.lib(rtx_thread.o)
    0x080040f4   0x080040f4   0x00000048   Code   RO         1328    .text.TimerInsert   RTX_CM4F.lib(rtx_timer.o)
    0x0800413c   0x0800413c   0x00000028   Code   RO         1336    .text.TimerRemove   RTX_CM4F.lib(rtx_timer.o)
    0x08004164   0x08004164   0x00000024   Code   RO         1294    .text.osDelay       RTX_CM4F.lib(rtx_delay.o)
    0x08004188   0x08004188   0x00000030   Code   RO         1086    .text.osKernelGetState  RTX_CM4F.lib(rtx_kernel.o)
    0x080041b8   0x080041b8   0x00000028   Code   RO         1102    .text.osKernelGetTickCount  RTX_CM4F.lib(rtx_kernel.o)
    0x080041e0   0x080041e0   0x00000028   Code   RO         1106    .text.osKernelGetTickFreq  RTX_CM4F.lib(rtx_kernel.o)
    0x08004208   0x08004208   0x0000002c   Code   RO         1080    .text.osKernelInitialize  RTX_CM4F.lib(rtx_kernel.o)
    0x08004234   0x08004234   0x00000024   Code   RO         1090    .text.osKernelStart  RTX_CM4F.lib(rtx_kernel.o)
    0x08004258   0x08004258   0x00000070   Code   RO         2303    .text.osMessageQueueGet  RTX_CM4F.lib(rtx_msgqueue.o)
    0x080042c8   0x080042c8   0x00000080   Code   RO         2301    .text.osMessageQueuePut  RTX_CM4F.lib(rtx_msgqueue.o)
    0x08004348   0x08004348   0x00000024   Code   RO         1360    .text.osMutexAcquire  RTX_CM4F.lib(rtx_mutex.o)
    0x0800436c   0x0800436c   0x00000024   Code   RO         1366    .text.osMutexDelete  RTX_CM4F.lib(rtx_mutex.o)
    0x08004390   0x08004390   0x00000024   Code   RO         1356    .text.osMutexNew    RTX_CM4F.lib(rtx_mutex.o)
    0x080043b4   0x080043b4   0x00000024   Code   RO         1362    .text.osMutexRelease  RTX_CM4F.lib(rtx_mutex.o)
    0x080043d8   0x080043d8   0x00000004   Code   RO         1078    .text.osRtxKernelErrorNotify  RTX_CM4F.lib(rtx_kernel.o)
    0x080043dc   0x080043dc   0x00000002   Code   RO         1076    .text.osRtxKernelPreInit  RTX_CM4F.lib(rtx_kernel.o)
    0x080043de   0x080043de   0x0000006c   Code   RO         2229    .text.osRtxMemoryAlloc  RTX_CM4F.lib(rtx_memory.o)
    0x0800444a   0x0800444a   0x00000042   Code   RO         2231    .text.osRtxMemoryFree  RTX_CM4F.lib(rtx_memory.o)
    0x0800448c   0x0800448c   0x00000036   Code   RO         2227    .text.osRtxMemoryInit  RTX_CM4F.lib(rtx_memory.o)
    0x080044c2   0x080044c2   0x0000003a   Code   RO         2243    .text.osRtxMemoryPoolAlloc  RTX_CM4F.lib(rtx_mempool.o)
    0x080044fc   0x080044fc   0x0000004a   Code   RO         2245    .text.osRtxMemoryPoolFree  RTX_CM4F.lib(rtx_mempool.o)
    0x08004546   0x08004546   0x00000038   Code   RO         2241    .text.osRtxMemoryPoolInit  RTX_CM4F.lib(rtx_mempool.o)
    0x0800457e   0x0800457e   0x000000aa   Code   RO         2325    .text.osRtxMessageQueuePostProcess  RTX_CM4F.lib(rtx_msgqueue.o)
    0x08004628   0x08004628   0x00000028   Code   RO         2293    .text.osRtxMessageQueueTimerSetup  RTX_CM4F.lib(rtx_msgqueue.o)
    0x08004650   0x08004650   0x00000048   Code   RO         1352    .text.osRtxMutexOwnerRelease  RTX_CM4F.lib(rtx_mutex.o)
    0x08004698   0x08004698   0x00000042   Code   RO         1354    .text.osRtxMutexOwnerRestore  RTX_CM4F.lib(rtx_mutex.o)
    0x080046da   0x080046da   0x00000002   PAD
    0x080046dc   0x080046dc   0x0000008c   Code   RO         2355    .text.osRtxPendSV_Handler  RTX_CM4F.lib(rtx_system.o)
    0x08004768   0x08004768   0x00000074   Code   RO         2357    .text.osRtxPostProcess  RTX_CM4F.lib(rtx_system.o)
    0x080047dc   0x080047dc   0x00000036   Code   RO         1404    .text.osRtxSemaphorePostProcess  RTX_CM4F.lib(rtx_semaphore.o)
    0x08004812   0x08004812   0x00000002   PAD
    0x08004814   0x08004814   0x00000038   Code   RO         1168    .text.osRtxThreadBlock  RTX_CM4F.lib(rtx_thread.o)
    0x0800484c   0x0800484c   0x00000080   Code   RO         1176    .text.osRtxThreadDelayInsert  RTX_CM4F.lib(rtx_thread.o)
    0x080048cc   0x080048cc   0x00000040   Code   RO         1172    .text.osRtxThreadDelayRemove  RTX_CM4F.lib(rtx_thread.o)
    0x0800490c   0x0800490c   0x0000004c   Code   RO         1158    .text.osRtxThreadDelayTick  RTX_CM4F.lib(rtx_thread.o)
    0x08004958   0x08004958   0x00000024   Code   RO         1260    .text.osRtxThreadDestroy  RTX_CM4F.lib(rtx_thread.o)
    0x0800497c   0x0800497c   0x00000054   Code   RO         1166    .text.osRtxThreadDispatch  RTX_CM4F.lib(rtx_thread.o)
    0x080049d0   0x080049d0   0x00000058   Code   RO         1252    .text.osRtxThreadFree  RTX_CM4F.lib(rtx_thread.o)
    0x08004a28   0x08004a28   0x0000001e   Code   RO         1258    .text.osRtxThreadJoinWakeup  RTX_CM4F.lib(rtx_thread.o)
    0x08004a46   0x08004a46   0x00000012   Code   RO         1150    .text.osRtxThreadListGet  RTX_CM4F.lib(rtx_thread.o)
    0x08004a58   0x08004a58   0x0000002c   Code   RO         1148    .text.osRtxThreadListPut  RTX_CM4F.lib(rtx_thread.o)
    0x08004a84   0x08004a84   0x00000014   Code   RO         1154    .text.osRtxThreadListRemove  RTX_CM4F.lib(rtx_thread.o)
    0x08004a98   0x08004a98   0x0000000c   Code   RO         1160    .text.osRtxThreadListRoot  RTX_CM4F.lib(rtx_thread.o)
    0x08004aa4   0x08004aa4   0x00000026   Code   RO         1152    .text.osRtxThreadListSort  RTX_CM4F.lib(rtx_thread.o)
    0x08004aca   0x08004aca   0x00000028   Code   RO         1226    .text.osRtxThreadPostProcess  RTX_CM4F.lib(rtx_thread.o)
    0x08004af2   0x08004af2   0x00000002   PAD
    0x08004af4   0x08004af4   0x00000014   Code   RO         1156    .text.osRtxThreadReadyPut  RTX_CM4F.lib(rtx_thread.o)
    0x08004b08   0x08004b08   0x00000014   Code   RO         1162    .text.osRtxThreadRegPtr  RTX_CM4F.lib(rtx_thread.o)
    0x08004b1c   0x08004b1c   0x0000003c   Code   RO         1178    .text.osRtxThreadStartup  RTX_CM4F.lib(rtx_thread.o)
    0x08004b58   0x08004b58   0x00000010   Code   RO         1164    .text.osRtxThreadSwitch  RTX_CM4F.lib(rtx_thread.o)
    0x08004b68   0x08004b68   0x0000003c   Code   RO         1174    .text.osRtxThreadWaitEnter  RTX_CM4F.lib(rtx_thread.o)
    0x08004ba4   0x08004ba4   0x00000030   Code   RO         1170    .text.osRtxThreadWaitExit  RTX_CM4F.lib(rtx_thread.o)
    0x08004bd4   0x08004bd4   0x00000078   Code   RO         2353    .text.osRtxTick_Handler  RTX_CM4F.lib(rtx_system.o)
    0x08004c4c   0x08004c4c   0x00000020   Code   RO         1310    .text.osRtxTimerSetup  RTX_CM4F.lib(rtx_timer.o)
    0x08004c6c   0x08004c6c   0x00000020   Code   RO         1314    .text.osRtxTimerThread  RTX_CM4F.lib(rtx_timer.o)
    0x08004c8c   0x08004c8c   0x00000070   Code   RO         1312    .text.osRtxTimerTick  RTX_CM4F.lib(rtx_timer.o)
    0x08004cfc   0x08004cfc   0x00000054   Code   RO         1392    .text.osSemaphoreAcquire  RTX_CM4F.lib(rtx_semaphore.o)
    0x08004d50   0x08004d50   0x00000024   Code   RO         1400    .text.osSemaphoreDelete  RTX_CM4F.lib(rtx_semaphore.o)
    0x08004d74   0x08004d74   0x00000024   Code   RO         1388    .text.osSemaphoreNew  RTX_CM4F.lib(rtx_semaphore.o)
    0x08004d98   0x08004d98   0x0000004c   Code   RO         1394    .text.osSemaphoreRelease  RTX_CM4F.lib(rtx_semaphore.o)
    0x08004de4   0x08004de4   0x0000000c   Code   RO         1210    .text.osThreadExit  RTX_CM4F.lib(rtx_thread.o)
    0x08004df0   0x08004df0   0x00000024   Code   RO         1220    .text.osThreadFlagsClear  RTX_CM4F.lib(rtx_thread.o)
    0x08004e14   0x08004e14   0x00000058   Code   RO         1218    .text.osThreadFlagsSet  RTX_CM4F.lib(rtx_thread.o)
    0x08004e6c   0x08004e6c   0x00000024   Code   RO         1224    .text.osThreadFlagsWait  RTX_CM4F.lib(rtx_thread.o)
    0x08004e90   0x08004e90   0x00000028   Code   RO         1186    .text.osThreadGetId  RTX_CM4F.lib(rtx_thread.o)
    0x08004eb8   0x08004eb8   0x00000024   Code   RO         1182    .text.osThreadNew   RTX_CM4F.lib(rtx_thread.o)
    0x08004edc   0x08004edc   0x00000024   Code   RO         1212    .text.osThreadTerminate  RTX_CM4F.lib(rtx_thread.o)
    0x08004f00   0x08004f00   0x00000024   Code   RO         1200    .text.osThreadYield  RTX_CM4F.lib(rtx_thread.o)
    0x08004f24   0x08004f24   0x00000024   Code   RO         1326    .text.osTimerDelete  RTX_CM4F.lib(rtx_timer.o)
    0x08004f48   0x08004f48   0x00000024   Code   RO         1316    .text.osTimerNew    RTX_CM4F.lib(rtx_timer.o)
    0x08004f6c   0x08004f6c   0x00000024   Code   RO         1320    .text.osTimerStart  RTX_CM4F.lib(rtx_timer.o)
    0x08004f90   0x08004f90   0x00000016   Code   RO         1298    .text.svcRtxDelay   RTX_CM4F.lib(rtx_delay.o)
    0x08004fa6   0x08004fa6   0x00000002   PAD
    0x08004fa8   0x08004fa8   0x0000000c   Code   RO         1088    .text.svcRtxKernelGetState  RTX_CM4F.lib(rtx_kernel.o)
    0x08004fb4   0x08004fb4   0x0000000c   Code   RO         1104    .text.svcRtxKernelGetTickCount  RTX_CM4F.lib(rtx_kernel.o)
    0x08004fc0   0x08004fc0   0x0000000c   Code   RO         1108    .text.svcRtxKernelGetTickFreq  RTX_CM4F.lib(rtx_kernel.o)
    0x08004fcc   0x08004fcc   0x00000100   Code   RO         1118    .text.svcRtxKernelInitialize  RTX_CM4F.lib(rtx_kernel.o)
    0x080050cc   0x080050cc   0x00000088   Code   RO         1120    .text.svcRtxKernelStart  RTX_CM4F.lib(rtx_kernel.o)
    0x08005154   0x08005154   0x000000d8   Code   RO         2337    .text.svcRtxMessageQueueGet  RTX_CM4F.lib(rtx_msgqueue.o)
    0x0800522c   0x0800522c   0x00000118   Code   RO         2295    .text.svcRtxMessageQueueNew  RTX_CM4F.lib(rtx_msgqueue.o)
    0x08005344   0x08005344   0x000000b4   Code   RO         2333    .text.svcRtxMessageQueuePut  RTX_CM4F.lib(rtx_msgqueue.o)
    0x080053f8   0x080053f8   0x00000090   Code   RO         1372    .text.svcRtxMutexAcquire  RTX_CM4F.lib(rtx_mutex.o)
    0x08005488   0x08005488   0x000000b0   Code   RO         1378    .text.svcRtxMutexDelete  RTX_CM4F.lib(rtx_mutex.o)
    0x08005538   0x08005538   0x00000068   Code   RO         1368    .text.svcRtxMutexNew  RTX_CM4F.lib(rtx_mutex.o)
    0x080055a0   0x080055a0   0x000000b4   Code   RO         1374    .text.svcRtxMutexRelease  RTX_CM4F.lib(rtx_mutex.o)
    0x08005654   0x08005654   0x00000058   Code   RO         1408    .text.svcRtxSemaphoreAcquire  RTX_CM4F.lib(rtx_semaphore.o)
    0x080056ac   0x080056ac   0x00000060   Code   RO         1414    .text.svcRtxSemaphoreDelete  RTX_CM4F.lib(rtx_semaphore.o)
    0x0800570c   0x0800570c   0x0000007c   Code   RO         1402    .text.svcRtxSemaphoreNew  RTX_CM4F.lib(rtx_semaphore.o)
    0x08005788   0x08005788   0x00000038   Code   RO         1412    .text.svcRtxSemaphoreRelease  RTX_CM4F.lib(rtx_semaphore.o)
    0x080057c0   0x080057c0   0x0000004c   Code   RO         1256    .text.svcRtxThreadExit  RTX_CM4F.lib(rtx_thread.o)
    0x0800580c   0x0800580c   0x00000034   Code   RO         1270    .text.svcRtxThreadFlagsClear  RTX_CM4F.lib(rtx_thread.o)
    0x08005840   0x08005840   0x00000066   Code   RO         1268    .text.svcRtxThreadFlagsSet  RTX_CM4F.lib(rtx_thread.o)
    0x080058a6   0x080058a6   0x00000002   PAD
    0x080058a8   0x080058a8   0x0000004c   Code   RO         1274    .text.svcRtxThreadFlagsWait  RTX_CM4F.lib(rtx_thread.o)
    0x080058f4   0x080058f4   0x0000000c   Code   RO         1188    .text.svcRtxThreadGetId  RTX_CM4F.lib(rtx_thread.o)
    0x08005900   0x08005900   0x000001ec   Code   RO         1180    .text.svcRtxThreadNew  RTX_CM4F.lib(rtx_thread.o)
    0x08005aec   0x08005aec   0x00000088   Code   RO         1262    .text.svcRtxThreadTerminate  RTX_CM4F.lib(rtx_thread.o)
    0x08005b74   0x08005b74   0x00000038   Code   RO         1242    .text.svcRtxThreadYield  RTX_CM4F.lib(rtx_thread.o)
    0x08005bac   0x08005bac   0x0000004c   Code   RO         1342    .text.svcRtxTimerDelete  RTX_CM4F.lib(rtx_timer.o)
    0x08005bf8   0x08005bf8   0x00000078   Code   RO         1330    .text.svcRtxTimerNew  RTX_CM4F.lib(rtx_timer.o)
    0x08005c70   0x08005c70   0x00000048   Code   RO         1334    .text.svcRtxTimerStart  RTX_CM4F.lib(rtx_timer.o)
    0x08005cb8   0x08005cb8   0x00000028   Code   RO         2811    i.__0sprintf        mc_w.l(printfa.o)
    0x08005ce0   0x08005ce0   0x0000000e   Code   RO         2884    i.__scatterload_copy  mc_w.l(handlers.o)
    0x08005cee   0x08005cee   0x00000002   Code   RO         2885    i.__scatterload_null  mc_w.l(handlers.o)
    0x08005cf0   0x08005cf0   0x0000000e   Code   RO         2886    i.__scatterload_zeroinit  mc_w.l(handlers.o)
    0x08005cfe   0x08005cfe   0x00000002   PAD
    0x08005d00   0x08005d00   0x00000184   Code   RO         2816    i._fp_digits        mc_w.l(printfa.o)
    0x08005e84   0x08005e84   0x000006b4   Code   RO         2817    i._printf_core      mc_w.l(printfa.o)
    0x08006538   0x08006538   0x00000024   Code   RO         2818    i._printf_post_padding  mc_w.l(printfa.o)
    0x0800655c   0x0800655c   0x0000002e   Code   RO         2819    i._printf_pre_padding  mc_w.l(printfa.o)
    0x0800658a   0x0800658a   0x0000000a   Code   RO         2821    i._sputc            mc_w.l(printfa.o)
    0x08006594   0x08006594   0x00000054   Code   RO         1969    i.add_server_id     Net_CM3_L.lib(net_http_server.o)
    0x080065e8   0x080065e8   0x0000005c   Code   RO         1486    i.arp_cache_alloc   Net_CM3_L.lib(net_arp.o)
    0x08006644   0x08006644   0x000000f4   Code   RO         1487    i.arp_cache_run     Net_CM3_L.lib(net_arp.o)
    0x08006738   0x08006738   0x00000038   Code   RO         1488    i.arp_is_cacheable  Net_CM3_L.lib(net_arp.o)
    0x08006770   0x08006770   0x00000048   Code   RO         1489    i.arp_probe_run     Net_CM3_L.lib(net_arp.o)
    0x080067b8   0x080067b8   0x000000b6   Code   RO         1491    i.arp_proc_response  Net_CM3_L.lib(net_arp.o)
    0x0800686e   0x0800686e   0x0000001a   Code   RO         1492    i.arp_que_free      Net_CM3_L.lib(net_arp.o)
    0x08006888   0x08006888   0x00000080   Code   RO         1493    i.arp_send_reply    Net_CM3_L.lib(net_arp.o)
    0x08006908   0x08006908   0x000000a8   Code   RO         1494    i.arp_send_request  Net_CM3_L.lib(net_arp.o)
    0x080069b0   0x080069b0   0x00000068   Code   RO         1495    i.arp_sender_valid  Net_CM3_L.lib(net_arp.o)
    0x08006a18   0x08006a18   0x0000006c   Code   RO         1913    i.check_client_id   Net_CM3_L.lib(net_dhcp6_client.o)
    0x08006a84   0x08006a84   0x00000170   Code   RO         1970    i.chk_post_req      Net_CM3_L.lib(net_http_server.o)
    0x08006bf4   0x08006bf4   0x00000028   Code   RO         2495    i.crc32_8bit        Net_CM3_L.lib(net_common.o)
    0x08006c1c   0x08006c1c   0x00000288   Code   RO         1914    i.dhcp6_client_run  Net_CM3_L.lib(net_dhcp6_client.o)
    0x08006ea4   0x08006ea4   0x00000048   Code   RO         1915    i.dhcp6_client_start  Net_CM3_L.lib(net_dhcp6_client.o)
    0x08006eec   0x08006eec   0x00000330   Code   RO         1917    i.dhcp6_listener    Net_CM3_L.lib(net_dhcp6_client.o)
    0x0800721c   0x0800721c   0x000001dc   Code   RO         1918    i.dhcp6_send_message  Net_CM3_L.lib(net_dhcp6_client.o)
    0x080073f8   0x080073f8   0x0000009a   Code   RO         1430    i.eth_check_link    Net_CM3_L.lib(net_eth.o)
    0x08007492   0x08007492   0x00000002   PAD
    0x08007494   0x08007494   0x00000020   Code   RO         1431    i.eth_if_map        Net_CM3_L.lib(net_eth.o)
    0x080074b4   0x080074b4   0x00000268   Code   RO         1432    i.eth_iface_init    Net_CM3_L.lib(net_eth.o)
    0x0800771c   0x0800771c   0x0000022c   Code   RO         1433    i.eth_iface_run     Net_CM3_L.lib(net_eth.o)
    0x08007948   0x08007948   0x00000008   Code   RO         1435    i.eth_lock          Net_CM3_L.lib(net_eth.o)
    0x08007950   0x08007950   0x0000001c   Code   RO         1436    i.eth_mtu_limit     Net_CM3_L.lib(net_eth.o)
    0x0800796c   0x0800796c   0x00000048   Code   RO         1437    i.eth_opt_len       Net_CM3_L.lib(net_eth.o)
    0x080079b4   0x080079b4   0x00000088   Code   RO         1438    i.eth_receive       Net_CM3_L.lib(net_eth.o)
    0x08007a3c   0x08007a3c   0x00000008   Code   RO         1439    i.eth_unlock        Net_CM3_L.lib(net_eth.o)
    0x08007a44   0x08007a44   0x0000007c   Code   RO         1671    i.frag_map_session  Net_CM3_L.lib(net_ip4_frag.o)
    0x08007ac0   0x08007ac0   0x00000028   Code   RO         1971    i.get_next_field    Net_CM3_L.lib(net_http_server.o)
    0x08007ae8   0x08007ae8   0x00000032   Code   RO         1972    i.get_next_par      Net_CM3_L.lib(net_http_server.o)
    0x08007b1a   0x08007b1a   0x0000005c   Code   RO         1919    i.get_tout          Net_CM3_L.lib(net_dhcp6_client.o)
    0x08007b76   0x08007b76   0x00000022   Code   RO         1973    i.hex2byte          Net_CM3_L.lib(net_http_server.o)
    0x08007b98   0x08007b98   0x0000036c   Code   RO         1974    i.http_add_header   Net_CM3_L.lib(net_http_server.o)
    0x08007f04   0x08007f04   0x000001cc   Code   RO         1975    i.http_error_msg    Net_CM3_L.lib(net_http_server.o)
    0x080080d0   0x080080d0   0x00000078   Code   RO         1976    i.http_get_ftype    Net_CM3_L.lib(net_http_server.o)
    0x08008148   0x08008148   0x0000005e   Code   RO         1977    i.http_kill_session  Net_CM3_L.lib(net_http_server.o)
    0x080081a6   0x080081a6   0x00000002   PAD
    0x080081a8   0x080081a8   0x00000210   Code   RO         1978    i.http_listener     Net_CM3_L.lib(net_http_server.o)
    0x080083b8   0x080083b8   0x00000118   Code   RO         1979    i.http_open_file    Net_CM3_L.lib(net_http_server.o)
    0x080084d0   0x080084d0   0x00000108   Code   RO         1980    i.http_parse_header  Net_CM3_L.lib(net_http_server.o)
    0x080085d8   0x080085d8   0x00000164   Code   RO         1981    i.http_proc_multipart  Net_CM3_L.lib(net_http_server.o)
    0x0800873c   0x0800873c   0x000000f4   Code   RO         1982    i.http_proc_post    Net_CM3_L.lib(net_http_server.o)
    0x08008830   0x08008830   0x000003c0   Code   RO         1983    i.http_server_run   Net_CM3_L.lib(net_http_server.o)
    0x08008bf0   0x08008bf0   0x00000050   Code   RO         1984    i.http_server_start  Net_CM3_L.lib(net_http_server.o)
    0x08008c40   0x08008c40   0x00000020   Code   RO         1985    i.http_strcpy       Net_CM3_L.lib(net_http_server.o)
    0x08008c60   0x08008c60   0x000000ac   Code   RO         1986    i.http_to_utc       Net_CM3_L.lib(net_http_server.o)
    0x08008d0c   0x08008d0c   0x0000001a   Code   RO         2496    i.i2str             Net_CM3_L.lib(net_common.o)
    0x08008d26   0x08008d26   0x00000002   PAD
    0x08008d28   0x08008d28   0x00000074   Code   RO         1553    i.igmp_host_run     Net_CM3_L.lib(net_igmp.o)
    0x08008d9c   0x08008d9c   0x00000024   Code   RO         1554    i.igmp_map_group    Net_CM3_L.lib(net_igmp.o)
    0x08008dc0   0x08008dc0   0x00000070   Code   RO         1555    i.igmp_send_report  Net_CM3_L.lib(net_igmp.o)
    0x08008e30   0x08008e30   0x0000000c   Code   RO         2393    i.ip4_get_chksum    Net_CM3_L.lib(net_ip4.o)
    0x08008e3c   0x08008e3c   0x00000028   Code   RO         2394    i.ip4_get_mtu       Net_CM3_L.lib(net_ip4.o)
    0x08008e64   0x08008e64   0x00000040   Code   RO         2159    i.ip4_ntoa          Net_CM3_L.lib(net_addr.o)
    0x08008ea4   0x08008ea4   0x000000ca   Code   RO         2160    i.ip6_ntoa          Net_CM3_L.lib(net_addr.o)
    0x08008f6e   0x08008f6e   0x00000002   PAD
    0x08008f70   0x08008f70   0x0000000c   Code   RO         2472    i.mem_lock          Net_CM3_L.lib(net_mem.o)
    0x08008f7c   0x08008f7c   0x0000000c   Code   RO         2473    i.mem_unlock        Net_CM3_L.lib(net_mem.o)
    0x08008f88   0x08008f88   0x00000128   Code   RO         1955    i.nbns_listener     Net_CM3_L.lib(net_nbns_client.o)
    0x080090b0   0x080090b0   0x00000092   Code   RO         1586    i.ndp_cache_add     Net_CM3_L.lib(net_ndp.o)
    0x08009142   0x08009142   0x00000072   Code   RO         1587    i.ndp_cache_alloc   Net_CM3_L.lib(net_ndp.o)
    0x080091b4   0x080091b4   0x000000d8   Code   RO         1588    i.ndp_cache_run     Net_CM3_L.lib(net_ndp.o)
    0x0800928c   0x0800928c   0x0000002c   Code   RO         1589    i.ndp_check_frame   Net_CM3_L.lib(net_ndp.o)
    0x080092b8   0x080092b8   0x00000012   Code   RO         1590    i.ndp_next_opt      Net_CM3_L.lib(net_ndp.o)
    0x080092ca   0x080092ca   0x000000c0   Code   RO         1591    i.ndp_prefix_add    Net_CM3_L.lib(net_ndp.o)
    0x0800938a   0x0800938a   0x00000048   Code   RO         1592    i.ndp_probe_run     Net_CM3_L.lib(net_ndp.o)
    0x080093d2   0x080093d2   0x000000ae   Code   RO         1594    i.ndp_proc_response  Net_CM3_L.lib(net_ndp.o)
    0x08009480   0x08009480   0x0000001a   Code   RO         1595    i.ndp_que_free      Net_CM3_L.lib(net_ndp.o)
    0x0800949a   0x0800949a   0x00000002   PAD
    0x0800949c   0x0800949c   0x00000038   Code   RO         1596    i.ndp_router_remove  Net_CM3_L.lib(net_ndp.o)
    0x080094d4   0x080094d4   0x00000070   Code   RO         1597    i.ndp_send_reply    Net_CM3_L.lib(net_ndp.o)
    0x08009544   0x08009544   0x00000084   Code   RO         1598    i.ndp_send_request  Net_CM3_L.lib(net_ndp.o)
    0x080095c8   0x080095c8   0x00000158   Code   RO         1599    i.ndp_slaac_run     Net_CM3_L.lib(net_ndp.o)
    0x08009720   0x08009720   0x00000004   Code   RO         1987    i.netCGI_Charset    Net_CM3_L.lib(net_http_server.o)
    0x08009724   0x08009724   0x00000004   Code   RO         1988    i.netCGI_ContentType  Net_CM3_L.lib(net_http_server.o)
    0x08009728   0x08009728   0x00000004   Code   RO         1989    i.netCGI_CustomHeader  Net_CM3_L.lib(net_http_server.o)
    0x0800972c   0x0800972c   0x0000006c   Code   RO         1990    i.netCGI_GetEnvVar  Net_CM3_L.lib(net_http_server.o)
    0x08009798   0x08009798   0x00000004   Code   RO         1993    i.netCGI_Redirect   Net_CM3_L.lib(net_http_server.o)
    0x0800979c   0x0800979c   0x00000004   Code   RO         1995    i.netCGX_ContentType  Net_CM3_L.lib(net_http_server.o)
    0x080097a0   0x080097a0   0x00000064   Code   RO         2110    i.netCore_Thread    Net_CM3_L.lib(net_sys.o)
    0x08009804   0x08009804   0x00000002   Code   RO         1922    i.netDHCP6_Notify   Net_CM3_L.lib(net_dhcp6_client.o)
    0x08009806   0x08009806   0x00000002   Code   RO         1440    i.netETH_Notify     Net_CM3_L.lib(net_eth.o)
    0x08009808   0x08009808   0x00000002   Code   RO         1441    i.netETH_ReceiveRaw  Net_CM3_L.lib(net_eth.o)
    0x0800980a   0x0800980a   0x00000072   Code   RO         1443    i.netETH_Thread     Net_CM3_L.lib(net_eth.o)
    0x0800987c   0x0800987c   0x00000004   Code   RO         1996    i.netHTTPs_AcceptClient  Net_CM3_L.lib(net_http_server.o)
    0x08009880   0x08009880   0x00000004   Code   RO         1998    i.netHTTPs_FileAccess  Net_CM3_L.lib(net_http_server.o)
    0x08009884   0x08009884   0x00000020   Code   RO         2001    i.netHTTPs_GetLanguage  Net_CM3_L.lib(net_http_server.o)
    0x080098a4   0x080098a4   0x0000000c   Code   RO         2002    i.netHTTPs_GetPassword  Net_CM3_L.lib(net_http_server.o)
    0x080098b0   0x080098b0   0x0000000c   Code   RO         2008    i.netHTTPs_LoginActive  Net_CM3_L.lib(net_http_server.o)
    0x080098bc   0x080098bc   0x00000044   Code   RO         2011    i.netHTTPs_SetPassword  Net_CM3_L.lib(net_http_server.o)
    0x08009900   0x08009900   0x0000007c   Code   RO         2111    i.netIF_GetOption   Net_CM3_L.lib(net_sys.o)
    0x0800997c   0x0800997c   0x00000078   Code   RO         2113    i.netIF_SetOption   Net_CM3_L.lib(net_sys.o)
    0x080099f4   0x080099f4   0x0000001a   Code   RO         2162    i.netIP_aton        Net_CM3_L.lib(net_addr.o)
    0x08009a0e   0x08009a0e   0x00000032   Code   RO         2163    i.netIP_ntoa        Net_CM3_L.lib(net_addr.o)
    0x08009a40   0x08009a40   0x00000074   Code   RO         2114    i.netInitialize     Net_CM3_L.lib(net_sys.o)
    0x08009ab4   0x08009ab4   0x0000008c   Code   RO         2164    i.netMAC_aton       Net_CM3_L.lib(net_addr.o)
    0x08009b40   0x08009b40   0x00000004   Code   RO         1794    i.netTCP_GetLocalPort  Net_CM3_L.lib(net_tcp.o)
    0x08009b44   0x08009b44   0x00000020   Code   RO         1796    i.netTCP_GetPeer    Net_CM3_L.lib(net_tcp.o)
    0x08009b64   0x08009b64   0x00000004   Code   RO         1798    i.netTCP_GetState   Net_CM3_L.lib(net_tcp.o)
    0x08009b68   0x08009b68   0x00000004   Code   RO         1799    i.netTCP_GetTimer   Net_CM3_L.lib(net_tcp.o)
    0x08009b6c   0x08009b6c   0x0000007c   Code   RO         2166    i.net_addr4_aton    Net_CM3_L.lib(net_addr.o)
    0x08009be8   0x08009be8   0x0000001e   Code   RO         2168    i.net_addr4_to_mac  Net_CM3_L.lib(net_addr.o)
    0x08009c06   0x08009c06   0x00000002   PAD
    0x08009c08   0x08009c08   0x000000e6   Code   RO         2169    i.net_addr6_aton    Net_CM3_L.lib(net_addr.o)
    0x08009cee   0x08009cee   0x00000028   Code   RO         2170    i.net_addr6_comp    Net_CM3_L.lib(net_addr.o)
    0x08009d16   0x08009d16   0x00000012   Code   RO         2171    i.net_addr6_copy    Net_CM3_L.lib(net_addr.o)
    0x08009d28   0x08009d28   0x0000004c   Code   RO         2172    i.net_addr6_create  Net_CM3_L.lib(net_addr.o)
    0x08009d74   0x08009d74   0x00000028   Code   RO         2173    i.net_addr6_get_solicited  Net_CM3_L.lib(net_addr.o)
    0x08009d9c   0x08009d9c   0x00000018   Code   RO         2174    i.net_addr6_is_linklocal  Net_CM3_L.lib(net_addr.o)
    0x08009db4   0x08009db4   0x0000006e   Code   RO         2175    i.net_addr6_is_onlink  Net_CM3_L.lib(net_addr.o)
    0x08009e22   0x08009e22   0x00000048   Code   RO         2176    i.net_addr6_is_solicited  Net_CM3_L.lib(net_addr.o)
    0x08009e6a   0x08009e6a   0x00000018   Code   RO         2177    i.net_addr6_is_unspec  Net_CM3_L.lib(net_addr.o)
    0x08009e82   0x08009e82   0x0000000e   Code   RO         2179    i.net_addr6_to_mac  Net_CM3_L.lib(net_addr.o)
    0x08009e90   0x08009e90   0x00000026   Code   RO         2181    i.net_addr_copy     Net_CM3_L.lib(net_addr.o)
    0x08009eb6   0x08009eb6   0x0000001a   Code   RO         2182    i.net_addr_find_route  Net_CM3_L.lib(net_addr.o)
    0x08009ed0   0x08009ed0   0x00000020   Code   RO         2184    i.net_addr_get_local  Net_CM3_L.lib(net_addr.o)
    0x08009ef0   0x08009ef0   0x00000022   Code   RO         2185    i.net_addr_is_unspec  Net_CM3_L.lib(net_addr.o)
    0x08009f12   0x08009f12   0x000000a0   Code   RO         1503    i.net_arp_cache_add  Net_CM3_L.lib(net_arp.o)
    0x08009fb2   0x08009fb2   0x00000086   Code   RO         1504    i.net_arp_cache_early  Net_CM3_L.lib(net_arp.o)
    0x0800a038   0x0800a038   0x00000080   Code   RO         1505    i.net_arp_cache_find  Net_CM3_L.lib(net_arp.o)
    0x0800a0b8   0x0800a0b8   0x00000038   Code   RO         1506    i.net_arp_cache_init  Net_CM3_L.lib(net_arp.o)
    0x0800a0f0   0x0800a0f0   0x0000001c   Code   RO         1507    i.net_arp_cache_run  Net_CM3_L.lib(net_arp.o)
    0x0800a10c   0x0800a10c   0x00000066   Code   RO         1509    i.net_arp_enqueue   Net_CM3_L.lib(net_arp.o)
    0x0800a172   0x0800a172   0x00000020   Code   RO         1511    i.net_arp_notify    Net_CM3_L.lib(net_arp.o)
    0x0800a192   0x0800a192   0x00000162   Code   RO         1513    i.net_arp_process   Net_CM3_L.lib(net_arp.o)
    0x0800a2f4   0x0800a2f4   0x00000042   Code   RO         2497    i.net_atoi          Net_CM3_L.lib(net_common.o)
    0x0800a336   0x0800a336   0x00000030   Code   RO         2499    i.net_chksum_buf    Net_CM3_L.lib(net_common.o)
    0x0800a366   0x0800a366   0x0000001e   Code   RO         2500    i.net_crc_buf       Net_CM3_L.lib(net_common.o)
    0x0800a384   0x0800a384   0x00000064   Code   RO         1923    i.net_dhcp6_client_init  Net_CM3_L.lib(net_dhcp6_client.o)
    0x0800a3e8   0x0800a3e8   0x0000001c   Code   RO         1924    i.net_dhcp6_client_run  Net_CM3_L.lib(net_dhcp6_client.o)
    0x0800a404   0x0800a404   0x0000000e   Code   RO         1444    i.net_eth_callback  Net_CM3_L.lib(net_eth.o)
    0x0800a412   0x0800a412   0x00000068   Code   RO         1445    i.net_eth_config_mcast  Net_CM3_L.lib(net_eth.o)
    0x0800a47a   0x0800a47a   0x000000de   Code   RO         1447    i.net_eth_get_option  Net_CM3_L.lib(net_eth.o)
    0x0800a558   0x0800a558   0x0000001c   Code   RO         1448    i.net_eth_iface_init  Net_CM3_L.lib(net_eth.o)
    0x0800a574   0x0800a574   0x0000001c   Code   RO         1449    i.net_eth_iface_run  Net_CM3_L.lib(net_eth.o)
    0x0800a590   0x0800a590   0x00000098   Code   RO         1451    i.net_eth_output    Net_CM3_L.lib(net_eth.o)
    0x0800a628   0x0800a628   0x00000120   Code   RO         1452    i.net_eth_send_frame  Net_CM3_L.lib(net_eth.o)
    0x0800a748   0x0800a748   0x00000174   Code   RO         1453    i.net_eth_set_option  Net_CM3_L.lib(net_eth.o)
    0x0800a8bc   0x0800a8bc   0x000000a8   Code   RO         2017    i.net_http_server_init  Net_CM3_L.lib(net_http_server.o)
    0x0800a964   0x0800a964   0x00000028   Code   RO         2018    i.net_http_server_run  Net_CM3_L.lib(net_http_server.o)
    0x0800a98c   0x0800a98c   0x00000018   Code   RO         1713    i.net_icmp6_init    Net_CM3_L.lib(net_icmp6.o)
    0x0800a9a4   0x0800a9a4   0x00000148   Code   RO         1714    i.net_icmp6_process  Net_CM3_L.lib(net_icmp6.o)
    0x0800aaec   0x0800aaec   0x00000064   Code   RO         1715    i.net_icmp6_send    Net_CM3_L.lib(net_icmp6.o)
    0x0800ab50   0x0800ab50   0x00000058   Code   RO         1716    i.net_icmp6_send_echo  Net_CM3_L.lib(net_icmp6.o)
    0x0800aba8   0x0800aba8   0x00000018   Code   RO         1693    i.net_icmp_init     Net_CM3_L.lib(net_icmp.o)
    0x0800abc0   0x0800abc0   0x00000108   Code   RO         1694    i.net_icmp_process  Net_CM3_L.lib(net_icmp.o)
    0x0800acc8   0x0800acc8   0x00000080   Code   RO         1695    i.net_icmp_send_echo  Net_CM3_L.lib(net_icmp.o)
    0x0800ad48   0x0800ad48   0x0000000c   Code   RO         2118    i.net_if_map_all    Net_CM3_L.lib(net_sys.o)
    0x0800ad54   0x0800ad54   0x0000006c   Code   RO         1558    i.net_igmp_collect_mcast  Net_CM3_L.lib(net_igmp.o)
    0x0800adc0   0x0800adc0   0x00000038   Code   RO         1559    i.net_igmp_host_init  Net_CM3_L.lib(net_igmp.o)
    0x0800adf8   0x0800adf8   0x0000001c   Code   RO         1560    i.net_igmp_host_run  Net_CM3_L.lib(net_igmp.o)
    0x0800ae14   0x0800ae14   0x00000020   Code   RO         1562    i.net_igmp_is_member  Net_CM3_L.lib(net_igmp.o)
    0x0800ae34   0x0800ae34   0x000000ec   Code   RO         1563    i.net_igmp_process  Net_CM3_L.lib(net_igmp.o)
    0x0800af20   0x0800af20   0x00000108   Code   RO         2395    i.net_ip4_chk_frame  Net_CM3_L.lib(net_ip4.o)
    0x0800b028   0x0800b028   0x0000002c   Code   RO         2396    i.net_ip4_chksum    Net_CM3_L.lib(net_ip4.o)
    0x0800b054   0x0800b054   0x00000006   Code   RO         2397    i.net_ip4_chksum_buf  Net_CM3_L.lib(net_ip4.o)
    0x0800b05a   0x0800b05a   0x00000002   PAD
    0x0800b05c   0x0800b05c   0x00000080   Code   RO         2399    i.net_ip4_find_route  Net_CM3_L.lib(net_ip4.o)
    0x0800b0dc   0x0800b0dc   0x00000124   Code   RO         1672    i.net_ip4_frag_add  Net_CM3_L.lib(net_ip4_frag.o)
    0x0800b200   0x0800b200   0x000000ac   Code   RO         1673    i.net_ip4_frag_get  Net_CM3_L.lib(net_ip4_frag.o)
    0x0800b2ac   0x0800b2ac   0x00000010   Code   RO         1674    i.net_ip4_frag_init  Net_CM3_L.lib(net_ip4_frag.o)
    0x0800b2bc   0x0800b2bc   0x0000003c   Code   RO         1675    i.net_ip4_frag_run  Net_CM3_L.lib(net_ip4_frag.o)
    0x0800b2f8   0x0800b2f8   0x0000002c   Code   RO         2400    i.net_ip4_get_local  Net_CM3_L.lib(net_ip4.o)
    0x0800b324   0x0800b324   0x00000018   Code   RO         2401    i.net_ip4_init      Net_CM3_L.lib(net_ip4.o)
    0x0800b33c   0x0800b33c   0x00000020   Code   RO         2402    i.net_ip4_is_onlink  Net_CM3_L.lib(net_ip4.o)
    0x0800b35c   0x0800b35c   0x00000026   Code   RO         2403    i.net_ip4_is_subcast  Net_CM3_L.lib(net_ip4.o)
    0x0800b382   0x0800b382   0x0000000e   Code   RO         2404    i.net_ip4_reass_frame  Net_CM3_L.lib(net_ip4.o)
    0x0800b390   0x0800b390   0x00000124   Code   RO         2405    i.net_ip4_send_frame  Net_CM3_L.lib(net_ip4.o)
    0x0800b4b4   0x0800b4b4   0x0000002a   Code   RO         2407    i.net_ip4_tx_offl_hl  Net_CM3_L.lib(net_ip4.o)
    0x0800b4de   0x0800b4de   0x00000002   PAD
    0x0800b4e0   0x0800b4e0   0x000000a8   Code   RO         2433    i.net_ip6_chk_frame  Net_CM3_L.lib(net_ip6.o)
    0x0800b588   0x0800b588   0x00000032   Code   RO         2434    i.net_ip6_chksum    Net_CM3_L.lib(net_ip6.o)
    0x0800b5ba   0x0800b5ba   0x00000002   PAD
    0x0800b5bc   0x0800b5bc   0x0000007c   Code   RO         2435    i.net_ip6_collect_mcast  Net_CM3_L.lib(net_ip6.o)
    0x0800b638   0x0800b638   0x00000048   Code   RO         2437    i.net_ip6_find_route  Net_CM3_L.lib(net_ip6.o)
    0x0800b680   0x0800b680   0x00000054   Code   RO         2438    i.net_ip6_get_local  Net_CM3_L.lib(net_ip6.o)
    0x0800b6d4   0x0800b6d4   0x00000014   Code   RO         2439    i.net_ip6_init      Net_CM3_L.lib(net_ip6.o)
    0x0800b6e8   0x0800b6e8   0x00000080   Code   RO         2440    i.net_ip6_send_frame  Net_CM3_L.lib(net_ip6.o)
    0x0800b768   0x0800b768   0x0000001e   Code   RO         2442    i.net_ip6_tx_offl_hl  Net_CM3_L.lib(net_ip6.o)
    0x0800b786   0x0800b786   0x00000008   Code   RO         2501    i.net_itoa          Net_CM3_L.lib(net_common.o)
    0x0800b78e   0x0800b78e   0x00000006   Code   RO         2503    i.net_itoa_n0       Net_CM3_L.lib(net_common.o)
    0x0800b794   0x0800b794   0x00000024   Code   RO         1654    i.net_loop_iface_init  Net_CM3_L.lib(net_loopback.o)
    0x0800b7b8   0x0800b7b8   0x000000ac   Code   RO         1655    i.net_loop_iface_run  Net_CM3_L.lib(net_loopback.o)
    0x0800b864   0x0800b864   0x00000058   Code   RO         1657    i.net_loop_send_frame  Net_CM3_L.lib(net_loopback.o)
    0x0800b8bc   0x0800b8bc   0x0000008c   Code   RO         2474    i.net_mem_alloc     Net_CM3_L.lib(net_mem.o)
    0x0800b948   0x0800b948   0x0000001c   Code   RO         2475    i.net_mem_avail     Net_CM3_L.lib(net_mem.o)
    0x0800b964   0x0800b964   0x0000007c   Code   RO         2476    i.net_mem_free      Net_CM3_L.lib(net_mem.o)
    0x0800b9e0   0x0800b9e0   0x0000005c   Code   RO         2477    i.net_mem_init      Net_CM3_L.lib(net_mem.o)
    0x0800ba3c   0x0800ba3c   0x00000038   Code   RO         2478    i.net_mem_shrink    Net_CM3_L.lib(net_mem.o)
    0x0800ba74   0x0800ba74   0x00000030   Code   RO         1956    i.net_nbns_client_init  Net_CM3_L.lib(net_nbns_client.o)
    0x0800baa4   0x0800baa4   0x000000e8   Code   RO         1606    i.net_ndp_cache_find  Net_CM3_L.lib(net_ndp.o)
    0x0800bb8c   0x0800bb8c   0x0000004c   Code   RO         1607    i.net_ndp_cache_init  Net_CM3_L.lib(net_ndp.o)
    0x0800bbd8   0x0800bbd8   0x0000004a   Code   RO         1609    i.net_ndp_cache_refresh  Net_CM3_L.lib(net_ndp.o)
    0x0800bc22   0x0800bc22   0x00000002   PAD
    0x0800bc24   0x0800bc24   0x0000001c   Code   RO         1610    i.net_ndp_cache_run  Net_CM3_L.lib(net_ndp.o)
    0x0800bc40   0x0800bc40   0x00000060   Code   RO         1612    i.net_ndp_enqueue   Net_CM3_L.lib(net_ndp.o)
    0x0800bca0   0x0800bca0   0x00000260   Code   RO         1614    i.net_ndp_process   Net_CM3_L.lib(net_ndp.o)
    0x0800bf00   0x0800bf00   0x00000038   Code   RO         2120    i.net_path          Net_CM3_L.lib(net_sys.o)
    0x0800bf38   0x0800bf38   0x00000010   Code   RO         2091    i.net_ping_client_init  Net_CM3_L.lib(net_ping_core.o)
    0x0800bf48   0x0800bf48   0x00000040   Code   RO         2092    i.net_ping_client_run  Net_CM3_L.lib(net_ping_core.o)
    0x0800bf88   0x0800bf88   0x0000001c   Code   RO         2121    i.net_rand32        Net_CM3_L.lib(net_sys.o)
    0x0800bfa4   0x0800bfa4   0x0000002e   Code   RO         2504    i.net_strcasecmp    Net_CM3_L.lib(net_common.o)
    0x0800bfd2   0x0800bfd2   0x0000001a   Code   RO         2506    i.net_strcmp        Net_CM3_L.lib(net_common.o)
    0x0800bfec   0x0800bfec   0x00000012   Code   RO         2507    i.net_strcpy        Net_CM3_L.lib(net_common.o)
    0x0800bffe   0x0800bffe   0x0000001c   Code   RO         2509    i.net_strnchr       Net_CM3_L.lib(net_common.o)
    0x0800c01a   0x0800c01a   0x0000001a   Code   RO         2510    i.net_strncpy       Net_CM3_L.lib(net_common.o)
    0x0800c034   0x0800c034   0x00000020   Code   RO         2511    i.net_strtoupper    Net_CM3_L.lib(net_common.o)
    0x0800c054   0x0800c054   0x0000000c   Code   RO         2122    i.net_sys_lock      Net_CM3_L.lib(net_sys.o)
    0x0800c060   0x0800c060   0x00000016   Code   RO         2123    i.net_sys_resume    Net_CM3_L.lib(net_sys.o)
    0x0800c076   0x0800c076   0x00000002   PAD
    0x0800c078   0x0800c078   0x00000014   Code   RO         2125    i.net_sys_tick      Net_CM3_L.lib(net_sys.o)
    0x0800c08c   0x0800c08c   0x0000000c   Code   RO         2126    i.net_sys_unlock    Net_CM3_L.lib(net_sys.o)
    0x0800c098   0x0800c098   0x00000020   Code   RO         2128    i.net_sys_wakeup    Net_CM3_L.lib(net_sys.o)
    0x0800c0b8   0x0800c0b8   0x0000005c   Code   RO         1806    i.net_tcp_abort     Net_CM3_L.lib(net_tcp.o)
    0x0800c114   0x0800c114   0x000000ac   Code   RO         1809    i.net_tcp_close     Net_CM3_L.lib(net_tcp.o)
    0x0800c1c0   0x0800c1c0   0x0000001e   Code   RO         1812    i.net_tcp_get_buf   Net_CM3_L.lib(net_tcp.o)
    0x0800c1de   0x0800c1de   0x00000002   PAD
    0x0800c1e0   0x0800c1e0   0x00000034   Code   RO         1814    i.net_tcp_get_local_port  Net_CM3_L.lib(net_tcp.o)
    0x0800c214   0x0800c214   0x00000028   Code   RO         1815    i.net_tcp_get_mss   Net_CM3_L.lib(net_tcp.o)
    0x0800c23c   0x0800c23c   0x00000054   Code   RO         1817    i.net_tcp_get_peer  Net_CM3_L.lib(net_tcp.o)
    0x0800c290   0x0800c290   0x00000044   Code   RO         1819    i.net_tcp_get_socket  Net_CM3_L.lib(net_tcp.o)
    0x0800c2d4   0x0800c2d4   0x0000002c   Code   RO         1820    i.net_tcp_get_state  Net_CM3_L.lib(net_tcp.o)
    0x0800c300   0x0800c300   0x00000034   Code   RO         1821    i.net_tcp_get_timer  Net_CM3_L.lib(net_tcp.o)
    0x0800c334   0x0800c334   0x0000007c   Code   RO         1822    i.net_tcp_listen    Net_CM3_L.lib(net_tcp.o)
    0x0800c3b0   0x0800c3b0   0x00000520   Code   RO         1824    i.net_tcp_process   Net_CM3_L.lib(net_tcp.o)
    0x0800c8d0   0x0800c8d0   0x000000e8   Code   RO         1828    i.net_tcp_send      Net_CM3_L.lib(net_tcp.o)
    0x0800c9b8   0x0800c9b8   0x000000a4   Code   RO         1830    i.net_tcp_set_option  Net_CM3_L.lib(net_tcp.o)
    0x0800ca5c   0x0800ca5c   0x00000014   Code   RO         1831    i.net_tcp_socket_init  Net_CM3_L.lib(net_tcp.o)
    0x0800ca70   0x0800ca70   0x00000308   Code   RO         1832    i.net_tcp_socket_run  Net_CM3_L.lib(net_tcp.o)
    0x0800cd78   0x0800cd78   0x0000001e   Code   RO         1743    i.net_udp_get_buf   Net_CM3_L.lib(net_udp.o)
    0x0800cd96   0x0800cd96   0x00000002   PAD
    0x0800cd98   0x0800cd98   0x00000048   Code   RO         1746    i.net_udp_get_socket  Net_CM3_L.lib(net_udp.o)
    0x0800cde0   0x0800cde0   0x0000006c   Code   RO         1748    i.net_udp_open      Net_CM3_L.lib(net_udp.o)
    0x0800ce4c   0x0800ce4c   0x00000110   Code   RO         1749    i.net_udp_process   Net_CM3_L.lib(net_udp.o)
    0x0800cf5c   0x0800cf5c   0x000001b8   Code   RO         1752    i.net_udp_send_if   Net_CM3_L.lib(net_udp.o)
    0x0800d114   0x0800d114   0x00000010   Code   RO         1754    i.net_udp_socket_init  Net_CM3_L.lib(net_udp.o)
    0x0800d124   0x0800d124   0x00000008   Code   RO         2512    i.net_ultoa         Net_CM3_L.lib(net_common.o)
    0x0800d12c   0x0800d12c   0x00000030   Code   RO         2515    i.net_ultox         Net_CM3_L.lib(net_common.o)
    0x0800d15c   0x0800d15c   0x0000004c   Code   RO         2516    i.net_xtoul         Net_CM3_L.lib(net_common.o)
    0x0800d1a8   0x0800d1a8   0x0000001c   Code   RO         2095    i.ping_send_req     Net_CM3_L.lib(net_ping_core.o)
    0x0800d1c4   0x0800d1c4   0x000000c4   Code   RO         1926    i.proc_opt_ia_na    Net_CM3_L.lib(net_dhcp6_client.o)
    0x0800d288   0x0800d288   0x00000058   Code   RO         2021    i.proc_req_line     Net_CM3_L.lib(net_http_server.o)
    0x0800d2e0   0x0800d2e0   0x0000001a   Code   RO         1677    i.que_free_list     Net_CM3_L.lib(net_ip4_frag.o)
    0x0800d2fa   0x0800d2fa   0x000000a0   Code   RO         2022    i.read_script_line  Net_CM3_L.lib(net_http_server.o)
    0x0800d39a   0x0800d39a   0x00000048   Code   RO         2023    i.search_delim      Net_CM3_L.lib(net_http_server.o)
    0x0800d3e2   0x0800d3e2   0x00000070   Code   RO         1927    i.select_server     Net_CM3_L.lib(net_dhcp6_client.o)
    0x0800d452   0x0800d452   0x00000018   Code   RO         2129    i.sys_map_if        Net_CM3_L.lib(net_sys.o)
    0x0800d46a   0x0800d46a   0x00000002   PAD
    0x0800d46c   0x0800d46c   0x0000004c   Code   RO         2130    i.sys_proc_tick     Net_CM3_L.lib(net_sys.o)
    0x0800d4b8   0x0800d4b8   0x000000f0   Code   RO         1834    i.tcp_map_socket    Net_CM3_L.lib(net_tcp.o)
    0x0800d5a8   0x0800d5a8   0x0000005e   Code   RO         1835    i.tcp_parse_opt     Net_CM3_L.lib(net_tcp.o)
    0x0800d606   0x0800d606   0x00000002   PAD
    0x0800d608   0x0800d608   0x000000d4   Code   RO         1836    i.tcp_proc_acknr    Net_CM3_L.lib(net_tcp.o)
    0x0800d6dc   0x0800d6dc   0x00000060   Code   RO         1837    i.tcp_proc_dupack   Net_CM3_L.lib(net_tcp.o)
    0x0800d73c   0x0800d73c   0x0000001a   Code   RO         1838    i.tcp_que_free      Net_CM3_L.lib(net_tcp.o)
    0x0800d756   0x0800d756   0x0000001a   Code   RO         1839    i.tcp_que_init      Net_CM3_L.lib(net_tcp.o)
    0x0800d770   0x0800d770   0x00000098   Code   RO         1840    i.tcp_que_resend    Net_CM3_L.lib(net_tcp.o)
    0x0800d808   0x0800d808   0x0000007e   Code   RO         1841    i.tcp_send_ctrl     Net_CM3_L.lib(net_tcp.o)
    0x0800d886   0x0800d886   0x00000062   Code   RO         1842    i.tcp_send_data     Net_CM3_L.lib(net_tcp.o)
    0x0800d8e8   0x0800d8e8   0x00000080   Code   RO         1843    i.tcp_send_reset    Net_CM3_L.lib(net_tcp.o)
    0x0800d968   0x0800d968   0x0000002c   Code   RO         1844    i.tcp_set_cwnd      Net_CM3_L.lib(net_tcp.o)
    0x0800d994   0x0800d994   0x00000074   Code   RO         1845    i.tcp_transit       Net_CM3_L.lib(net_tcp.o)
    0x0800da08   0x0800da08   0x000000fc   Code   RO         1846    i.tcp_write         Net_CM3_L.lib(net_tcp.o)
    0x0800db04   0x0800db04   0x0000002c   Code   RO         1756    i.udp_port_in_use   Net_CM3_L.lib(net_udp.o)
    0x0800db30   0x0800db30   0x00000044   Code   RO         2517    i.ul2str            Net_CM3_L.lib(net_common.o)
    0x0800db74   0x0800db74   0x00000124   Code   RO         2024    i.utc_to_http       Net_CM3_L.lib(net_http_server.o)
    0x0800dc98   0x0800dc98   0x00000024   Data   RO          156    .constdata          http_server.o
    0x0800dcbc   0x0800dcbc   0x00000004   Data   RO          249    .constdata          web.o
    0x0800dcc0   0x0800dcc0   0x000063f3   Data   RO          250    .constdata          web.o
    0x080140b3   0x080140b3   0x00000001   PAD
    0x080140b4   0x080140b4   0x000000a0   Data   RO          251    .constdata          web.o
    0x08014154   0x08014154   0x00000006   Data   RO          270    .constdata          leds_stm32f429zi.o
    0x0801415a   0x0801415a   0x00000002   PAD
    0x0801415c   0x0801415c   0x00000024   Data   RO          364    .constdata          rtx_lib.o
    0x08014180   0x08014180   0x00000024   Data   RO          365    .constdata          rtx_lib.o
    0x080141a4   0x080141a4   0x00000018   Data   RO          366    .constdata          rtx_lib.o
    0x080141bc   0x080141bc   0x00000004   Data   RO          368    .constdata          rtx_lib.o
    0x080141c0   0x080141c0   0x00000004   Data   RO          434    .constdata          phy_lan8742a.o
    0x080141c4   0x080141c4   0x00000020   Data   RO          435    .constdata          phy_lan8742a.o
    0x080141e4   0x080141e4   0x00000050   Data   RO          462    .constdata          emac_stm32f4xx.o
    0x08014234   0x08014234   0x00000044   Data   RO          463    .constdata          emac_stm32f4xx.o
    0x08014278   0x08014278   0x00000034   Data   RO          508    .constdata          spi_stm32f4xx.o
    0x080142ac   0x080142ac   0x00000010   Data   RO          509    .constdata          spi_stm32f4xx.o
    0x080142bc   0x080142bc   0x00000010   Data   RO          510    .constdata          spi_stm32f4xx.o
    0x080142cc   0x080142cc   0x00000008   Data   RO          651    .constdata          stm32f4xx_hal_dma.o
    0x080142d4   0x080142d4   0x00000010   Data   RO          949    .constdata          system_stm32f4xx_1.o
    0x080142e4   0x080142e4   0x00000008   Data   RO          950    .constdata          system_stm32f4xx_1.o
    0x080142ec   0x080142ec   0x000000a8   Data   RO          996    .constdata          net_config.o
    0x08014394   0x08014394   0x0000001c   Data   RO          997    .constdata          net_config.o
    0x080143b0   0x080143b0   0x00000014   Data   RO          998    .constdata          net_config.o
    0x080143c4   0x080143c4   0x0000000c   Data   RO          999    .constdata          net_config.o
    0x080143d0   0x080143d0   0x00000010   Data   RO         1000    .constdata          net_config.o
    0x080143e0   0x080143e0   0x00000028   Data   RO         1001    .constdata          net_config.o
    0x08014408   0x08014408   0x00000010   Data   RO         1002    .constdata          net_config.o
    0x08014418   0x08014418   0x0000000c   Data   RO         1003    .constdata          net_config.o
    0x08014424   0x08014424   0x00000014   Data   RO         1004    .constdata          net_config.o
    0x08014438   0x08014438   0x00000020   Data   RO         1005    .constdata          net_config.o
    0x08014458   0x08014458   0x0000002c   Data   RO         1006    .constdata          net_config.o
    0x08014484   0x08014484   0x00000008   Data   RO         1007    .constdata          net_config.o
    0x0801448c   0x0801448c   0x00000008   Data   RO         1009    .constdata          net_config.o
    0x08014494   0x08014494   0x00000008   Data   RO         1010    .constdata          net_config.o
    0x0801449c   0x0801449c   0x00000008   Data   RO         1011    .constdata          net_config.o
    0x080144a4   0x080144a4   0x00000008   Data   RO         1012    .constdata          net_config.o
    0x080144ac   0x080144ac   0x00000008   Data   RO         1013    .constdata          net_config.o
    0x080144b4   0x080144b4   0x00000008   Data   RO         1014    .constdata          net_config.o
    0x080144bc   0x080144bc   0x00000008   Data   RO         1015    .constdata          net_config.o
    0x080144c4   0x080144c4   0x00000008   Data   RO         1016    .constdata          net_config.o
    0x080144cc   0x080144cc   0x00000008   Data   RO         1017    .constdata          net_config.o
    0x080144d4   0x080144d4   0x00000008   Data   RO         1018    .constdata          net_config.o
    0x080144dc   0x080144dc   0x0000000c   Data   RO         1019    .constdata          net_config.o
    0x080144e8   0x080144e8   0x00000018   Data   RO         1020    .constdata          net_config.o
    0x08014500   0x08014500   0x00000034   Data   RO         1021    .constdata          net_config.o
    0x08014534   0x08014534   0x00000034   Data   RO         1022    .constdata          net_config.o
    0x08014568   0x08014568   0x0000002c   Data   RO         1023    .constdata          net_config.o
    0x08014594   0x08014594   0x00000010   Data   RO         1025    .constdata          net_config.o
    0x080145a4   0x080145a4   0x00000010   Data   RO         1026    .constdata          net_config.o
    0x080145b4   0x080145b4   0x00000008   Data   RO         1564    .constdata          Net_CM3_L.lib(net_igmp.o)
    0x080145bc   0x080145bc   0x0000002c   Data   RO         1658    .constdata          Net_CM3_L.lib(net_loopback.o)
    0x080145e8   0x080145e8   0x0000000c   Data   RO         1659    .constdata          Net_CM3_L.lib(net_loopback.o)
    0x080145f4   0x080145f4   0x00000010   Data   RO         1932    .constdata          Net_CM3_L.lib(net_dhcp6_client.o)
    0x08014604   0x08014604   0x00000008   Data   RO         1958    .constdata          Net_CM3_L.lib(net_nbns_client.o)
    0x0801460c   0x0801460c   0x000000fa   Data   RO         2026    .constdata          Net_CM3_L.lib(net_http_server.o)
    0x08014706   0x08014706   0x00000012   Data   RO         2097    .constdata          Net_CM3_L.lib(net_ping_core.o)
    0x08014718   0x08014718   0x00000010   Data   RO         2189    .constdata          Net_CM3_L.lib(net_addr.o)
    0x08014728   0x08014728   0x00000006   Data   RO         2190    .constdata          Net_CM3_L.lib(net_addr.o)
    0x0801472e   0x0801472e   0x00000004   Data   RO         2409    .constdata          Net_CM3_L.lib(net_ip4.o)
    0x08014732   0x08014732   0x00000020   Data   RO         2444    .constdata          Net_CM3_L.lib(net_ip6.o)
    0x08014752   0x08014752   0x00000010   Data   RO         2445    .constdata          Net_CM3_L.lib(net_ip6.o)
    0x08014762   0x08014762   0x00000002   PAD
    0x08014764   0x08014764   0x00000018   Data   RO         2464    .constdata          Net_CM3_L.lib(net_http_server_err.o)
    0x0801477c   0x0801477c   0x00000010   Data   RO         2518    .constdata          Net_CM3_L.lib(net_common.o)
    0x0801478c   0x0801478c   0x00000004   Data   RO         2548    .constdata          Net_CM3_L.lib(net_version.o)
    0x08014790   0x08014790   0x000000da   Data   RO          208    .conststring        http_server_cgi.o
    0x0801486a   0x0801486a   0x00000002   PAD
    0x0801486c   0x0801486c   0x00000078   Data   RO         1027    .conststring        net_config.o
    0x080148e4   0x080148e4   0x00000006   Data   RO         1028    .conststring        net_config.o
    0x080148ea   0x080148ea   0x00000002   PAD
    0x080148ec   0x080148ec   0x00000038   Data   RO         1029    .conststring        net_config.o
    0x08014924   0x08014924   0x0000003d   Data   RO         1030    .conststring        net_config.o
    0x08014961   0x08014961   0x00000003   PAD
    0x08014964   0x08014964   0x00000001   Data   RO         1031    .conststring        net_config.o
    0x08014965   0x08014965   0x00000003   PAD
    0x08014968   0x08014968   0x00000203   Data   RO         2465    .conststring        Net_CM3_L.lib(net_http_server_err.o)
    0x08014b6b   0x08014b6b   0x00000001   PAD
    0x08014b6c   0x08014b6c   0x000000a8   Data   RO          369    .rodata             rtx_lib.o
    0x08014c14   0x08014c14   0x0000000b   Data   RO         1138    .rodata.str1.4      RTX_CM4F.lib(rtx_kernel.o)
    0x08014c1f   0x08014c1f   0x00000001   PAD
    0x08014c20   0x08014c20   0x00000020   Data   RO         2883    Region$$Table       anon$$obj.o


    Execution Region RW_IRAM1 (Exec base: 0x20000000, Load base: 0x08014c40, Size: 0x0000f470, Max: 0x00030000, ABSOLUTE, COMPRESSED[0x00000134])

    Exec Addr    Load Addr    Size         Type   Attr      Idx    E Section Name        Object

    0x20000000   COMPRESSED   0x00008000   Data   RW          356    .bss.os             rtx_lib.o
    0x20008000   COMPRESSED   0x00000040   Data   RW          357    .bss.os             rtx_lib.o
    0x20008040   COMPRESSED   0x00000034   Data   RW          358    .bss.os.msgqueue.cb  rtx_lib.o
    0x20008074   COMPRESSED   0x00000050   Data   RW          359    .bss.os.msgqueue.mem  rtx_lib.o
    0x200080c4   COMPRESSED   0x0000001c   Data   RW          990    .bss.os.mutex.cb    net_config.o
    0x200080e0   COMPRESSED   0x0000001c   Data   RW          991    .bss.os.mutex.cb    net_config.o
    0x200080fc   COMPRESSED   0x00000010   Data   RW          992    .bss.os.semaphore.cb  net_config.o
    0x2000810c   COMPRESSED   0x00000044   Data   RW          360    .bss.os.thread.cb   rtx_lib.o
    0x20008150   COMPRESSED   0x00000044   Data   RW          361    .bss.os.thread.cb   rtx_lib.o
    0x20008194   COMPRESSED   0x00000044   Data   RW          993    .bss.os.thread.cb   net_config.o
    0x200081d8   COMPRESSED   0x00000044   Data   RW          994    .bss.os.thread.cb   net_config.o
    0x2000821c   COMPRESSED   0x00000004   PAD
    0x20008220   COMPRESSED   0x00000200   Data   RW          362    .bss.os.thread.idle.stack  rtx_lib.o
    0x20008420   COMPRESSED   0x00000200   Data   RW          363    .bss.os.thread.timer.stack  rtx_lib.o
    0x20008620   COMPRESSED   0x00000020   Data   RW          995    .bss.os.timer.cb    net_config.o
    0x20008640   COMPRESSED   0x00000004   Data   RW            5    .data               main.o
    0x20008644   COMPRESSED   0x0000002a   Data   RW          157    .data               http_server.o
    0x2000866e   COMPRESSED   0x00000002   PAD
    0x20008670   COMPRESSED   0x00000008   Data   RW          158    .data               http_server.o
    0x20008678   COMPRESSED   0x00000004   Data   RW          159    .data               http_server.o
    0x2000867c   COMPRESSED   0x00000008   Data   RW          209    .data               http_server_cgi.o
    0x20008684   COMPRESSED   0x0000000c   Data   RW          545    .data               stm32f4xx_hal.o
    0x20008690   COMPRESSED   0x00000004   Data   RW          951    .data               system_stm32f4xx_1.o
    0x20008694   COMPRESSED   0x00000004   Data   RW         1032    .data               net_config.o
    0x20008698   COMPRESSED   0x00000006   Data   RW         1033    .data               net_config.o
    0x2000869e   COMPRESSED   0x00000004   Data   RW         1034    .data               net_config.o
    0x200086a2   COMPRESSED   0x00000004   Data   RW         1565    .data               Net_CM3_L.lib(net_igmp.o)
    0x200086a6   COMPRESSED   0x00000002   PAD
    0x200086a8   COMPRESSED   0x00000004   Data   RW         1660    .data               Net_CM3_L.lib(net_loopback.o)
    0x200086ac   COMPRESSED   0x00000004   Data   RW         1678    .data               Net_CM3_L.lib(net_ip4_frag.o)
    0x200086b0   COMPRESSED   0x00000001   Data   RW         1696    .data               Net_CM3_L.lib(net_icmp.o)
    0x200086b1   COMPRESSED   0x00000001   Data   RW         1717    .data               Net_CM3_L.lib(net_icmp6.o)
    0x200086b2   COMPRESSED   0x00000002   Data   RW         1758    .data               Net_CM3_L.lib(net_udp.o)
    0x200086b4   COMPRESSED   0x00000004   Data   RW         1849    .data               Net_CM3_L.lib(net_tcp.o)
    0x200086b8   COMPRESSED   0x00000002   Data   RW         1933    .data               Net_CM3_L.lib(net_dhcp6_client.o)
    0x200086ba   COMPRESSED   0x00000001   Data   RW         1959    .data               Net_CM3_L.lib(net_nbns_client.o)
    0x200086bb   COMPRESSED   0x00000001   PAD
    0x200086bc   COMPRESSED   0x0000000c   Data   RW         2027    .data               Net_CM3_L.lib(net_http_server.o)
    0x200086c8   COMPRESSED   0x00000008   Data   RW         2410    .data               Net_CM3_L.lib(net_ip4.o)
    0x200086d0   COMPRESSED   0x00000004   Data   RW         2446    .data               Net_CM3_L.lib(net_ip6.o)
    0x200086d4   COMPRESSED   0x000000a4   Data   RW         1139    .data.os            RTX_CM4F.lib(rtx_kernel.o)
    0x20008778        -       0x00000400   Zero   RW          155    .bss                http_server.o
    0x20008b78        -       0x00000038   Zero   RW          207    .bss                http_server_cgi.o
    0x20008bb0        -       0x00000014   Zero   RW          269    .bss                leds_stm32f429zi.o
    0x20008bc4        -       0x0000000c   Zero   RW          433    .bss                phy_lan8742a.o
    0x20008bd0        -       0x000024cc   Zero   RW          461    .bss                emac_stm32f4xx.o
    0x2000b09c        -       0x00000010   Zero   RW          506    .bss                spi_stm32f4xx.o
    0x2000b0ac        -       0x0000001c   Zero   RW          507    .bss                spi_stm32f4xx.o
    0x2000b0c8        -       0x00000400   Zero   RW          978    .bss                net_config.o
    0x2000b4c8        -       0x00000400   Zero   RW          979    .bss                net_config.o
    0x2000b8c8        -       0x00002ee0   Zero   RW          980    .bss                net_config.o
    0x2000e7a8        -       0x000000c8   Zero   RW          981    .bss                net_config.o
    0x2000e870        -       0x00000028   Zero   RW          982    .bss                net_config.o
    0x2000e898        -       0x00000018   Zero   RW          983    .bss                net_config.o
    0x2000e8b0        -       0x000000a0   Zero   RW          984    .bss                net_config.o
    0x2000e950        -       0x00000064   Zero   RW          985    .bss                net_config.o
    0x2000e9b4        -       0x00000028   Zero   RW          986    .bss                net_config.o
    0x2000e9dc        -       0x00000050   Zero   RW          987    .bss                net_config.o
    0x2000ea2c        -       0x00000228   Zero   RW          988    .bss                net_config.o
    0x2000ec54        -       0x00000150   Zero   RW          989    .bss                net_config.o
    0x2000eda4        -       0x000000a0   Zero   RW         1454    .bss                Net_CM3_L.lib(net_eth.o)
    0x2000ee44        -       0x00000018   Zero   RW         1514    .bss                Net_CM3_L.lib(net_arp.o)
    0x2000ee5c        -       0x00000044   Zero   RW         1615    .bss                Net_CM3_L.lib(net_ndp.o)
    0x2000eea0        -       0x0000001c   Zero   RW         1757    .bss                Net_CM3_L.lib(net_udp.o)
    0x2000eebc        -       0x00000044   Zero   RW         1928    .bss                Net_CM3_L.lib(net_dhcp6_client.o)
    0x2000ef00        -       0x00000098   Zero   RW         2025    .bss                Net_CM3_L.lib(net_http_server.o)
    0x2000ef98        -       0x0000002c   Zero   RW         2096    .bss                Net_CM3_L.lib(net_ping_core.o)
    0x2000efc4        -       0x00000038   Zero   RW         2131    .bss                Net_CM3_L.lib(net_sys.o)
    0x2000effc        -       0x0000005c   Zero   RW         2188    .bss                Net_CM3_L.lib(net_addr.o)
    0x2000f058        -       0x00000014   Zero   RW         2480    .bss                Net_CM3_L.lib(net_mem.o)
    0x2000f06c        -       0x00000001   Zero   RW         2385    .bss.os             RTX_CM4F.lib(os_systick.o)
    0x2000f06d   COMPRESSED   0x00000003   PAD
    0x2000f070        -       0x00000400   Zero   RW          938    STACK               startup_stm32f429xx.o


==============================================================================

Image component sizes


      Code (inc. data)   RO Data    RW Data    ZI Data      Debug   Object Name

      2356        144        148          0       9420      46562   emac_stm32f4xx.o
        92         16         36         54       1024       6176   http_server.o
      1394        232        218          8         56       7477   http_server_cgi.o
       172         18          6          0         20       2405   leds_stm32f429zi.o
       268         30          0          4          0     727287   main.o
       352         26        956        254      15580      32176   net_config.o
       408          8         36          0         12       6686   phy_lan8742a.o
         4          0          0          0          0        655   rtx_config.o
         0          0        268      34124          0       8974   rtx_lib.o
      2992        130         84          0         44      43927   spi_stm32f4xx.o
        36          8        428          0       1024        892   startup_stm32f429xx.o
       452         38          0         12          0      11483   stm32f4xx_hal.o
       644          8          0          0          0      36030   stm32f4xx_hal_cortex.o
      1720         26          8          0          0       7789   stm32f4xx_hal_dma.o
       908         54          0          0          0       4107   stm32f4xx_hal_gpio.o
      1752         78          0          0          0       5825   stm32f4xx_hal_rcc.o
       152         26         24          4          0       1877   system_stm32f4xx_1.o
        92         10      25751          0          0       1748   web.o

    ----------------------------------------------------------------------
     13796        852      28008      34466      27180     952076   Object Totals
         0          0         32          0          0          0   (incl. Generated)
         2          0         13          6          0          0   (incl. Padding)

    ----------------------------------------------------------------------

      Code (inc. data)   RO Data    RW Data    ZI Data      Debug   Library Member Name

      1414         18         22          0         92       1556   net_addr.o
      2066         58          0          0         24       1432   net_arp.o
       600         10         16          0          0       1272   net_common.o
      2650        100         16          2         68        892   net_dhcp6_client.o
      2936         98          0          0        160       1588   net_eth.o
      6122       1226        250         12        152       2852   net_http_server.o
         0          0        539          0          0          0   net_http_server_err.o
       416         26          0          1          0        232   net_icmp.o
       540         36          0          1          0        332   net_icmp6.o
       724         30          8          4          0        664   net_igmp.o
       980         60          4          8          0        948   net_ip4.o
       690         30          0          4          0        476   net_ip4_frag.o
       676         54         48          4          0        636   net_ip6.o
       296         20         56          4          0        256   net_loopback.o
       464         46          0          0         20        556   net_mem.o
       344         22          8          1          0        180   net_nbns_client.o
      2760         58          0          0         68       1632   net_ndp.o
       108         18         18          0         44        212   net_ping_core.o
       754         76          0          0         56       1012   net_sys.o
      4916        180          0          4          0       2620   net_tcp.o
       982         46          0          2         28        588   net_udp.o
         0          0          4          0          0          0   net_version.o
       200         12          0          0          0        634   irq_armv7m.o
       126         32          0          0          1       3200   os_systick.o
        58          4          0          0          0       2791   rtx_delay.o
       660         72         11        164          0      16501   rtx_kernel.o
       228          0          0          0          0       2537   rtx_memory.o
       188          0          0          0          0      16008   rtx_mempool.o
      1318         32          0          0          0      18657   rtx_msgqueue.o
       886         32          0          0          0       9962   rtx_mutex.o
       696         32          0          0          0      10527   rtx_semaphore.o
       376         26          0          0          0       5296   rtx_system.o
      2420        132          0          0          0      31847   rtx_thread.o
       664         44          0          0          0      10397   rtx_timer.o
        86          0          0          0          0          0   __dczerorl2.o
         0          0          0          0          0          0   entry.o
         0          0          0          0          0          0   entry10a.o
         0          0          0          0          0          0   entry11a.o
         4          0          0          0          0          0   entry12b.o
         8          4          0          0          0          0   entry2.o
         4          0          0          0          0          0   entry5.o
         0          0          0          0          0          0   entry7b.o
         0          0          0          0          0          0   entry8b.o
         8          4          0          0          0          0   entry9a.o
        30          0          0          0          0          0   handlers.o
        36          8          0          0          0         68   init.o
         0          0          0          0          0          0   iusefp.o
        30          0          0          0          0         68   llshl.o
        36          0          0          0          0         68   llsshr.o
        32          0          0          0          0         68   llushr.o
        26          0          0          0          0         80   memcmp.o
        36          0          0          0          0         68   memcpya.o
        36          0          0          0          0        108   memseta.o
      2236         86          0          0          0        532   printfa.o
        28          0          0          0          0         76   strcmp.o
        18          0          0          0          0         68   strcpy.o
        14          0          0          0          0         68   strlen.o
        30          0          0          0          0         80   strncmp.o
        44          0          0          0          0         80   uidiv.o
        98          0          0          0          0         92   uldiv.o
        48          0          0          0          0         68   cdrcmple.o
       334          0          0          0          0        148   dadd.o
       222          0          0          0          0        100   ddiv.o
       186          0          0          0          0        176   depilogue.o
        48          0          0          0          0         68   dfixul.o
       228          0          0          0          0         96   dmul.o
        38          0          0          0          0         68   f2d.o

    ----------------------------------------------------------------------
     42248       2732       1004        214        716     150541   Library Totals
        46          0          4          3          3          0   (incl. Padding)

    ----------------------------------------------------------------------

      Code (inc. data)   RO Data    RW Data    ZI Data      Debug   Library Name

     30438       2212        989         47        712      19936   Net_CM3_L.lib
      7820        418         11        164          1     128357   RTX_CM4F.lib
      2840        102          0          0          0       1524   mc_w.l
      1104          0          0          0          0        724   mf_w.l

    ----------------------------------------------------------------------
     42248       2732       1004        214        716     150541   Library Totals

    ----------------------------------------------------------------------

==============================================================================


      Code (inc. data)   RO Data    RW Data    ZI Data      Debug   

     56044       3584      29012      34680      27896    1085501   Grand Totals
     56044       3584      29012        308      27896    1085501   ELF Image Totals (compressed)
     56044       3584      29012        308          0          0   ROM Totals

==============================================================================

    Total RO  Size (Code + RO Data)                85056 (  83.06kB)
    Total RW  Size (RW Data + ZI Data)             62576 (  61.11kB)
    Total ROM Size (Code + RO Data + RW Data)      85364 (  83.36kB)

==============================================================================

